#
# There is insufficient memory for the Java Runtime Environment to continue.
# Native memory allocation (malloc) failed to allocate 1760368 bytes for Chunk::new
# Possible reasons:
#   The system is out of physical RAM or swap space
#   The process is running with CompressedOops enabled, and the Java Heap may be blocking the growth of the native heap
# Possible solutions:
#   Reduce memory load on the system
#   Increase physical memory or swap space
#   Check if swap backing store is full
#   Decrease Java heap size (-Xmx/-Xms)
#   Decrease number of Java threads
#   Decrease Java thread stack sizes (-Xss)
#   Set larger code cache with -XX:ReservedCodeCacheSize=
#   JVM is running with Zero Based Compressed Oops mode in which the Java heap is
#     placed in the first 32GB address space. The Java Heap base address is the
#     maximum limit for the native heap growth. Please use -XX:HeapBaseMinAddress
#     to set the Java Heap base and to place the Java Heap above 32GB virtual address.
# This output file may be truncated or incomplete.
#
#  Out of Memory Error (arena.cpp:189), pid=157672, tid=184472
#
# JRE version: Java(TM) SE Runtime Environment (17.0.12+8) (build 17.0.12+8-LTS-286)
# Java VM: Java HotSpot(TM) 64-Bit Server VM (17.0.12+8-LTS-286, mixed mode, sharing, tiered, compressed oops, compressed class ptrs, g1 gc, windows-amd64)
# No core dump will be written. Minidumps are not enabled by default on client versions of Windows
#

---------------  S U M M A R Y ------------

Command Line: target/lobster-trade-server-1.0.0-SNAPSHOT.jar

Host: Intel(R) Core(TM) i5-10400F CPU @ 2.90GHz, 12 cores, 31G,  Windows 11 , 64 bit Build 22621 (10.0.22621.3958)
Time: Sun Apr 26 14:05:41 2026  Windows 11 , 64 bit Build 22621 (10.0.22621.3958) elapsed time: 2.199465 seconds (0d 0h 0m 2s)

---------------  T H R E A D  ---------------

Current thread (0x000001b2e5562f10):  JavaThread "C2 CompilerThread2" daemon [_thread_in_native, id=184472, stack(0x000000a68c200000,0x000000a68c300000)]


Current CompileTask:
C2:   2199 2132       4       jdk.internal.org.objectweb.asm.Frame::execute (2305 bytes)

Stack: [0x000000a68c200000,0x000000a68c300000]
Native frames: (J=compiled Java code, j=interpreted, Vv=VM code, C=native code)
V  [jvm.dll+0x67a04a]
V  [jvm.dll+0x7da4ed]
V  [jvm.dll+0x7dbe33]
V  [jvm.dll+0x7dc4a3]
V  [jvm.dll+0x24508f]
V  [jvm.dll+0xab773]
V  [jvm.dll+0xabd3c]
V  [jvm.dll+0x361bee]
V  [jvm.dll+0x32c431]
V  [jvm.dll+0x32b8ca]
V  [jvm.dll+0x21683f]
V  [jvm.dll+0x215c6f]
V  [jvm.dll+0x1a2960]
V  [jvm.dll+0x22610b]
V  [jvm.dll+0x2242ab]
V  [jvm.dll+0x79075c]
V  [jvm.dll+0x78abea]
V  [jvm.dll+0x678f35]
C  [ucrtbase.dll+0x29333]
C  [KERNEL32.DLL+0x1257d]
C  [ntdll.dll+0x5af08]


---------------  P R O C E S S  ---------------

Threads class SMR info:
_java_thread_list=0x000001b2eabb71b0, length=15, elements={
0x000001b2f720f470, 0x000001b2ff4f3910, 0x000001b2ff4f51b0, 0x000001b2ff512070,
0x000001b2ff512550, 0x000001b2ff512a30, 0x000001b2ff512f10, 0x000001b2ff517730,
0x000001b2ff517f10, 0x000001b2ff51a440, 0x000001b2e50a96e0, 0x000001b2e5145aa0,
0x000001b2e5339450, 0x000001b2e5562f10, 0x000001b2ec3d7010
}

Java Threads: ( => current thread )
  0x000001b2f720f470 JavaThread "main" [_thread_blocked, id=176568, stack(0x000000a68a500000,0x000000a68a600000)]
  0x000001b2ff4f3910 JavaThread "Reference Handler" daemon [_thread_blocked, id=184380, stack(0x000000a68ac00000,0x000000a68ad00000)]
  0x000001b2ff4f51b0 JavaThread "Finalizer" daemon [_thread_blocked, id=184376, stack(0x000000a68ad00000,0x000000a68ae00000)]
  0x000001b2ff512070 JavaThread "Signal Dispatcher" daemon [_thread_blocked, id=184372, stack(0x000000a68ae00000,0x000000a68af00000)]
  0x000001b2ff512550 JavaThread "Attach Listener" daemon [_thread_blocked, id=184340, stack(0x000000a68af00000,0x000000a68b000000)]
  0x000001b2ff512a30 JavaThread "Service Thread" daemon [_thread_blocked, id=184336, stack(0x000000a68b000000,0x000000a68b100000)]
  0x000001b2ff512f10 JavaThread "Monitor Deflation Thread" daemon [_thread_blocked, id=184364, stack(0x000000a68b100000,0x000000a68b200000)]
  0x000001b2ff517730 JavaThread "C2 CompilerThread0" daemon [_thread_blocked, id=184368, stack(0x000000a68b200000,0x000000a68b300000)]
  0x000001b2ff517f10 JavaThread "C1 CompilerThread0" daemon [_thread_blocked, id=184360, stack(0x000000a68b300000,0x000000a68b400000)]
  0x000001b2ff51a440 JavaThread "Sweeper thread" daemon [_thread_blocked, id=184344, stack(0x000000a68b400000,0x000000a68b500000)]
  0x000001b2e50a96e0 JavaThread "Notification Thread" daemon [_thread_blocked, id=184412, stack(0x000000a68b500000,0x000000a68b600000)]
  0x000001b2e5145aa0 JavaThread "Common-Cleaner" daemon [_thread_blocked, id=184404, stack(0x000000a68b700000,0x000000a68b800000)]
  0x000001b2e5339450 JavaThread "C2 CompilerThread1" daemon [_thread_blocked, id=184448, stack(0x000000a68b800000,0x000000a68b900000)]
=>0x000001b2e5562f10 JavaThread "C2 CompilerThread2" daemon [_thread_in_native, id=184472, stack(0x000000a68c200000,0x000000a68c300000)]
  0x000001b2ec3d7010 JavaThread "background-preinit" [_thread_in_vm, id=184432, stack(0x000000a68c300000,0x000000a68c400000)]

Other Threads:
  0x000001b2ff4ede00 VMThread "VM Thread" [stack: 0x000000a68ab00000,0x000000a68ac00000] [id=184384]
  0x000001b2e5144c00 WatcherThread [stack: 0x000000a68b600000,0x000000a68b700000] [id=184408]
  0x000001b2f72c0530 GCTaskThread "GC Thread#0" [stack: 0x000000a68a600000,0x000000a68a700000] [id=174040]
  0x000001b2e5afe220 GCTaskThread "GC Thread#1" [stack: 0x000000a68b900000,0x000000a68ba00000] [id=184452]
  0x000001b2e54fc4c0 GCTaskThread "GC Thread#2" [stack: 0x000000a68ba00000,0x000000a68bb00000] [id=184464]
  0x000001b2e54fc780 GCTaskThread "GC Thread#3" [stack: 0x000000a68bb00000,0x000000a68bc00000] [id=184504]
  0x000001b2e54fd050 GCTaskThread "GC Thread#4" [stack: 0x000000a68bc00000,0x000000a68bd00000] [id=184480]
  0x000001b2e54fd310 GCTaskThread "GC Thread#5" [stack: 0x000000a68bd00000,0x000000a68be00000] [id=184484]
  0x000001b2ea064cc0 GCTaskThread "GC Thread#6" [stack: 0x000000a68be00000,0x000000a68bf00000] [id=184488]
  0x000001b2ea064f80 GCTaskThread "GC Thread#7" [stack: 0x000000a68bf00000,0x000000a68c000000] [id=184496]
  0x000001b2e58b0d30 GCTaskThread "GC Thread#8" [stack: 0x000000a68c000000,0x000000a68c100000] [id=184500]
  0x000001b2ea065850 GCTaskThread "GC Thread#9" [stack: 0x000000a68c100000,0x000000a68c200000] [id=184492]
  0x000001b2f72d2290 ConcurrentGCThread "G1 Main Marker" [stack: 0x000000a68a700000,0x000000a68a800000] [id=178320]
  0x000001b2f72d3340 ConcurrentGCThread "G1 Conc#0" [stack: 0x000000a68a800000,0x000000a68a900000] [id=184356]
  0x000001b2ff426be0 ConcurrentGCThread "G1 Refine#0" [stack: 0x000000a68a900000,0x000000a68aa00000] [id=184352]
  0x000001b2ff429130 ConcurrentGCThread "G1 Service" [stack: 0x000000a68aa00000,0x000000a68ab00000] [id=184348]

Threads with active compile tasks:
C2 CompilerThread2     2210 2132       4       jdk.internal.org.objectweb.asm.Frame::execute (2305 bytes)

VM state: not at safepoint (normal execution)

VM Mutex/Monitor currently owned by a thread: None

Heap address: 0x0000000602000000, size: 8160 MB, Compressed Oops mode: Zero based, Oop shift amount: 3

CDS archive(s) mapped at: [0x000001b2a4000000-0x000001b2a4bd0000-0x000001b2a4bd0000), size 12386304, SharedBaseAddress: 0x000001b2a4000000, ArchiveRelocationMode: 1.
Compressed class space mapped at: 0x000001b2a5000000-0x000001b2e5000000, reserved size: 1073741824
Narrow klass base: 0x000001b2a4000000, Narrow klass shift: 0, Narrow klass range: 0x100000000

GC Precious Log:
 CPUs: 12 total, 12 available
 Memory: 32635M
 Large Page Support: Disabled
 NUMA Support: Disabled
 Compressed Oops: Enabled (Zero based)
 Heap Region Size: 4M
 Heap Min Capacity: 8M
 Heap Initial Capacity: 512M
 Heap Max Capacity: 8160M
 Pre-touch: Disabled
 Parallel Workers: 10
 Concurrent Workers: 3
 Concurrent Refinement Workers: 10
 Periodic GC: Disabled

Heap:
 garbage-first heap   total 524288K, used 257543K [0x0000000602000000, 0x0000000800000000)
  region size 4096K, 64 young (262144K), 1 survivors (4096K)
 Metaspace       used 13758K, committed 14016K, reserved 1114112K
  class space    used 1838K, committed 1984K, reserved 1048576K

Heap Regions: E=young(eden), S=young(survivor), O=old, HS=humongous(starts), HC=humongous(continues), CS=collection set, F=free, OA=open archive, CA=closed archive, TAMS=top-at-mark-start (previous, next)
|   0|0x0000000602000000, 0x000000060226e800, 0x0000000602400000| 60%| O|  |TAMS 0x0000000602000000, 0x0000000602000000| Untracked 
|   1|0x0000000602400000, 0x0000000602400000, 0x0000000602800000|  0%| F|  |TAMS 0x0000000602400000, 0x0000000602400000| Untracked 
|   2|0x0000000602800000, 0x0000000602800000, 0x0000000602c00000|  0%| F|  |TAMS 0x0000000602800000, 0x0000000602800000| Untracked 
|   3|0x0000000602c00000, 0x0000000602c00000, 0x0000000603000000|  0%| F|  |TAMS 0x0000000602c00000, 0x0000000602c00000| Untracked 
|   4|0x0000000603000000, 0x0000000603000000, 0x0000000603400000|  0%| F|  |TAMS 0x0000000603000000, 0x0000000603000000| Untracked 
|   5|0x0000000603400000, 0x0000000603400000, 0x0000000603800000|  0%| F|  |TAMS 0x0000000603400000, 0x0000000603400000| Untracked 
|   6|0x0000000603800000, 0x0000000603800000, 0x0000000603c00000|  0%| F|  |TAMS 0x0000000603800000, 0x0000000603800000| Untracked 
|   7|0x0000000603c00000, 0x0000000603c00000, 0x0000000604000000|  0%| F|  |TAMS 0x0000000603c00000, 0x0000000603c00000| Untracked 
|   8|0x0000000604000000, 0x0000000604000000, 0x0000000604400000|  0%| F|  |TAMS 0x0000000604000000, 0x0000000604000000| Untracked 
|   9|0x0000000604400000, 0x0000000604400000, 0x0000000604800000|  0%| F|  |TAMS 0x0000000604400000, 0x0000000604400000| Untracked 
|  10|0x0000000604800000, 0x0000000604800000, 0x0000000604c00000|  0%| F|  |TAMS 0x0000000604800000, 0x0000000604800000| Untracked 
|  11|0x0000000604c00000, 0x0000000604c00000, 0x0000000605000000|  0%| F|  |TAMS 0x0000000604c00000, 0x0000000604c00000| Untracked 
|  12|0x0000000605000000, 0x0000000605000000, 0x0000000605400000|  0%| F|  |TAMS 0x0000000605000000, 0x0000000605000000| Untracked 
|  13|0x0000000605400000, 0x0000000605400000, 0x0000000605800000|  0%| F|  |TAMS 0x0000000605400000, 0x0000000605400000| Untracked 
|  14|0x0000000605800000, 0x0000000605800000, 0x0000000605c00000|  0%| F|  |TAMS 0x0000000605800000, 0x0000000605800000| Untracked 
|  15|0x0000000605c00000, 0x0000000605c00000, 0x0000000606000000|  0%| F|  |TAMS 0x0000000605c00000, 0x0000000605c00000| Untracked 
|  16|0x0000000606000000, 0x0000000606000000, 0x0000000606400000|  0%| F|  |TAMS 0x0000000606000000, 0x0000000606000000| Untracked 
|  17|0x0000000606400000, 0x0000000606400000, 0x0000000606800000|  0%| F|  |TAMS 0x0000000606400000, 0x0000000606400000| Untracked 
|  18|0x0000000606800000, 0x0000000606800000, 0x0000000606c00000|  0%| F|  |TAMS 0x0000000606800000, 0x0000000606800000| Untracked 
|  19|0x0000000606c00000, 0x0000000606c00000, 0x0000000607000000|  0%| F|  |TAMS 0x0000000606c00000, 0x0000000606c00000| Untracked 
|  20|0x0000000607000000, 0x0000000607000000, 0x0000000607400000|  0%| F|  |TAMS 0x0000000607000000, 0x0000000607000000| Untracked 
|  21|0x0000000607400000, 0x0000000607400000, 0x0000000607800000|  0%| F|  |TAMS 0x0000000607400000, 0x0000000607400000| Untracked 
|  22|0x0000000607800000, 0x0000000607800000, 0x0000000607c00000|  0%| F|  |TAMS 0x0000000607800000, 0x0000000607800000| Untracked 
|  23|0x0000000607c00000, 0x0000000607c00000, 0x0000000608000000|  0%| F|  |TAMS 0x0000000607c00000, 0x0000000607c00000| Untracked 
|  24|0x0000000608000000, 0x0000000608000000, 0x0000000608400000|  0%| F|  |TAMS 0x0000000608000000, 0x0000000608000000| Untracked 
|  25|0x0000000608400000, 0x0000000608400000, 0x0000000608800000|  0%| F|  |TAMS 0x0000000608400000, 0x0000000608400000| Untracked 
|  26|0x0000000608800000, 0x0000000608800000, 0x0000000608c00000|  0%| F|  |TAMS 0x0000000608800000, 0x0000000608800000| Untracked 
|  27|0x0000000608c00000, 0x0000000608c00000, 0x0000000609000000|  0%| F|  |TAMS 0x0000000608c00000, 0x0000000608c00000| Untracked 
|  28|0x0000000609000000, 0x0000000609000000, 0x0000000609400000|  0%| F|  |TAMS 0x0000000609000000, 0x0000000609000000| Untracked 
|  29|0x0000000609400000, 0x0000000609400000, 0x0000000609800000|  0%| F|  |TAMS 0x0000000609400000, 0x0000000609400000| Untracked 
|  30|0x0000000609800000, 0x0000000609800000, 0x0000000609c00000|  0%| F|  |TAMS 0x0000000609800000, 0x0000000609800000| Untracked 
|  31|0x0000000609c00000, 0x0000000609c00000, 0x000000060a000000|  0%| F|  |TAMS 0x0000000609c00000, 0x0000000609c00000| Untracked 
|  32|0x000000060a000000, 0x000000060a000000, 0x000000060a400000|  0%| F|  |TAMS 0x000000060a000000, 0x000000060a000000| Untracked 
|  33|0x000000060a400000, 0x000000060a400000, 0x000000060a800000|  0%| F|  |TAMS 0x000000060a400000, 0x000000060a400000| Untracked 
|  34|0x000000060a800000, 0x000000060a800000, 0x000000060ac00000|  0%| F|  |TAMS 0x000000060a800000, 0x000000060a800000| Untracked 
|  35|0x000000060ac00000, 0x000000060ac00000, 0x000000060b000000|  0%| F|  |TAMS 0x000000060ac00000, 0x000000060ac00000| Untracked 
|  36|0x000000060b000000, 0x000000060b000000, 0x000000060b400000|  0%| F|  |TAMS 0x000000060b000000, 0x000000060b000000| Untracked 
|  37|0x000000060b400000, 0x000000060b400000, 0x000000060b800000|  0%| F|  |TAMS 0x000000060b400000, 0x000000060b400000| Untracked 
|  38|0x000000060b800000, 0x000000060b800000, 0x000000060bc00000|  0%| F|  |TAMS 0x000000060b800000, 0x000000060b800000| Untracked 
|  39|0x000000060bc00000, 0x000000060bc00000, 0x000000060c000000|  0%| F|  |TAMS 0x000000060bc00000, 0x000000060bc00000| Untracked 
|  40|0x000000060c000000, 0x000000060c000000, 0x000000060c400000|  0%| F|  |TAMS 0x000000060c000000, 0x000000060c000000| Untracked 
|  41|0x000000060c400000, 0x000000060c400000, 0x000000060c800000|  0%| F|  |TAMS 0x000000060c400000, 0x000000060c400000| Untracked 
|  42|0x000000060c800000, 0x000000060c800000, 0x000000060cc00000|  0%| F|  |TAMS 0x000000060c800000, 0x000000060c800000| Untracked 
|  43|0x000000060cc00000, 0x000000060cc00000, 0x000000060d000000|  0%| F|  |TAMS 0x000000060cc00000, 0x000000060cc00000| Untracked 
|  44|0x000000060d000000, 0x000000060d000000, 0x000000060d400000|  0%| F|  |TAMS 0x000000060d000000, 0x000000060d000000| Untracked 
|  45|0x000000060d400000, 0x000000060d400000, 0x000000060d800000|  0%| F|  |TAMS 0x000000060d400000, 0x000000060d400000| Untracked 
|  46|0x000000060d800000, 0x000000060d800000, 0x000000060dc00000|  0%| F|  |TAMS 0x000000060d800000, 0x000000060d800000| Untracked 
|  47|0x000000060dc00000, 0x000000060dc00000, 0x000000060e000000|  0%| F|  |TAMS 0x000000060dc00000, 0x000000060dc00000| Untracked 
|  48|0x000000060e000000, 0x000000060e000000, 0x000000060e400000|  0%| F|  |TAMS 0x000000060e000000, 0x000000060e000000| Untracked 
|  49|0x000000060e400000, 0x000000060e400000, 0x000000060e800000|  0%| F|  |TAMS 0x000000060e400000, 0x000000060e400000| Untracked 
|  50|0x000000060e800000, 0x000000060e800000, 0x000000060ec00000|  0%| F|  |TAMS 0x000000060e800000, 0x000000060e800000| Untracked 
|  51|0x000000060ec00000, 0x000000060ec00000, 0x000000060f000000|  0%| F|  |TAMS 0x000000060ec00000, 0x000000060ec00000| Untracked 
|  52|0x000000060f000000, 0x000000060f000000, 0x000000060f400000|  0%| F|  |TAMS 0x000000060f000000, 0x000000060f000000| Untracked 
|  53|0x000000060f400000, 0x000000060f400000, 0x000000060f800000|  0%| F|  |TAMS 0x000000060f400000, 0x000000060f400000| Untracked 
|  54|0x000000060f800000, 0x000000060f800000, 0x000000060fc00000|  0%| F|  |TAMS 0x000000060f800000, 0x000000060f800000| Untracked 
|  55|0x000000060fc00000, 0x000000060fc00000, 0x0000000610000000|  0%| F|  |TAMS 0x000000060fc00000, 0x000000060fc00000| Untracked 
|  56|0x0000000610000000, 0x0000000610000000, 0x0000000610400000|  0%| F|  |TAMS 0x0000000610000000, 0x0000000610000000| Untracked 
|  57|0x0000000610400000, 0x0000000610400000, 0x0000000610800000|  0%| F|  |TAMS 0x0000000610400000, 0x0000000610400000| Untracked 
|  58|0x0000000610800000, 0x0000000610800000, 0x0000000610c00000|  0%| F|  |TAMS 0x0000000610800000, 0x0000000610800000| Untracked 
|  59|0x0000000610c00000, 0x0000000610c00000, 0x0000000611000000|  0%| F|  |TAMS 0x0000000610c00000, 0x0000000610c00000| Untracked 
|  60|0x0000000611000000, 0x0000000611000000, 0x0000000611400000|  0%| F|  |TAMS 0x0000000611000000, 0x0000000611000000| Untracked 
|  61|0x0000000611400000, 0x0000000611400000, 0x0000000611800000|  0%| F|  |TAMS 0x0000000611400000, 0x0000000611400000| Untracked 
|  62|0x0000000611800000, 0x0000000611800000, 0x0000000611c00000|  0%| F|  |TAMS 0x0000000611800000, 0x0000000611800000| Untracked 
|  63|0x0000000611c00000, 0x0000000611c00000, 0x0000000612000000|  0%| F|  |TAMS 0x0000000611c00000, 0x0000000611c00000| Complete 
|  64|0x0000000612000000, 0x0000000612400000, 0x0000000612400000|100%| E|CS|TAMS 0x0000000612000000, 0x0000000612000000| Complete 
|  65|0x0000000612400000, 0x0000000612800000, 0x0000000612800000|100%| E|CS|TAMS 0x0000000612400000, 0x0000000612400000| Complete 
|  66|0x0000000612800000, 0x0000000612c00000, 0x0000000612c00000|100%| E|CS|TAMS 0x0000000612800000, 0x0000000612800000| Complete 
|  67|0x0000000612c00000, 0x0000000613000000, 0x0000000613000000|100%| E|CS|TAMS 0x0000000612c00000, 0x0000000612c00000| Complete 
|  68|0x0000000613000000, 0x0000000613400000, 0x0000000613400000|100%| E|CS|TAMS 0x0000000613000000, 0x0000000613000000| Complete 
|  69|0x0000000613400000, 0x0000000613800000, 0x0000000613800000|100%| E|CS|TAMS 0x0000000613400000, 0x0000000613400000| Complete 
|  70|0x0000000613800000, 0x0000000613c00000, 0x0000000613c00000|100%| E|CS|TAMS 0x0000000613800000, 0x0000000613800000| Complete 
|  71|0x0000000613c00000, 0x0000000614000000, 0x0000000614000000|100%| E|CS|TAMS 0x0000000613c00000, 0x0000000613c00000| Complete 
|  72|0x0000000614000000, 0x0000000614400000, 0x0000000614400000|100%| E|CS|TAMS 0x0000000614000000, 0x0000000614000000| Complete 
|  73|0x0000000614400000, 0x0000000614800000, 0x0000000614800000|100%| E|CS|TAMS 0x0000000614400000, 0x0000000614400000| Complete 
|  74|0x0000000614800000, 0x0000000614c00000, 0x0000000614c00000|100%| E|CS|TAMS 0x0000000614800000, 0x0000000614800000| Complete 
|  75|0x0000000614c00000, 0x0000000615000000, 0x0000000615000000|100%| E|CS|TAMS 0x0000000614c00000, 0x0000000614c00000| Complete 
|  76|0x0000000615000000, 0x0000000615400000, 0x0000000615400000|100%| E|CS|TAMS 0x0000000615000000, 0x0000000615000000| Complete 
|  77|0x0000000615400000, 0x0000000615800000, 0x0000000615800000|100%| E|CS|TAMS 0x0000000615400000, 0x0000000615400000| Complete 
|  78|0x0000000615800000, 0x0000000615c00000, 0x0000000615c00000|100%| E|CS|TAMS 0x0000000615800000, 0x0000000615800000| Complete 
|  79|0x0000000615c00000, 0x0000000616000000, 0x0000000616000000|100%| E|CS|TAMS 0x0000000615c00000, 0x0000000615c00000| Complete 
|  80|0x0000000616000000, 0x0000000616400000, 0x0000000616400000|100%| E|CS|TAMS 0x0000000616000000, 0x0000000616000000| Complete 
|  81|0x0000000616400000, 0x0000000616800000, 0x0000000616800000|100%| E|CS|TAMS 0x0000000616400000, 0x0000000616400000| Complete 
|  82|0x0000000616800000, 0x0000000616c00000, 0x0000000616c00000|100%| E|CS|TAMS 0x0000000616800000, 0x0000000616800000| Complete 
|  83|0x0000000616c00000, 0x0000000617000000, 0x0000000617000000|100%| E|CS|TAMS 0x0000000616c00000, 0x0000000616c00000| Complete 
|  84|0x0000000617000000, 0x0000000617400000, 0x0000000617400000|100%| E|CS|TAMS 0x0000000617000000, 0x0000000617000000| Complete 
|  85|0x0000000617400000, 0x0000000617800000, 0x0000000617800000|100%| E|CS|TAMS 0x0000000617400000, 0x0000000617400000| Complete 
|  86|0x0000000617800000, 0x0000000617c00000, 0x0000000617c00000|100%| E|CS|TAMS 0x0000000617800000, 0x0000000617800000| Complete 
|  87|0x0000000617c00000, 0x0000000618000000, 0x0000000618000000|100%| E|CS|TAMS 0x0000000617c00000, 0x0000000617c00000| Complete 
|  88|0x0000000618000000, 0x0000000618400000, 0x0000000618400000|100%| E|CS|TAMS 0x0000000618000000, 0x0000000618000000| Complete 
|  89|0x0000000618400000, 0x0000000618800000, 0x0000000618800000|100%| E|CS|TAMS 0x0000000618400000, 0x0000000618400000| Complete 
|  90|0x0000000618800000, 0x0000000618c00000, 0x0000000618c00000|100%| E|CS|TAMS 0x0000000618800000, 0x0000000618800000| Complete 
|  91|0x0000000618c00000, 0x0000000619000000, 0x0000000619000000|100%| E|CS|TAMS 0x0000000618c00000, 0x0000000618c00000| Complete 
|  92|0x0000000619000000, 0x0000000619400000, 0x0000000619400000|100%| E|CS|TAMS 0x0000000619000000, 0x0000000619000000| Complete 
|  93|0x0000000619400000, 0x0000000619800000, 0x0000000619800000|100%| E|CS|TAMS 0x0000000619400000, 0x0000000619400000| Complete 
|  94|0x0000000619800000, 0x0000000619c00000, 0x0000000619c00000|100%| E|CS|TAMS 0x0000000619800000, 0x0000000619800000| Complete 
|  95|0x0000000619c00000, 0x000000061a000000, 0x000000061a000000|100%| E|CS|TAMS 0x0000000619c00000, 0x0000000619c00000| Complete 
|  96|0x000000061a000000, 0x000000061a400000, 0x000000061a400000|100%| E|CS|TAMS 0x000000061a000000, 0x000000061a000000| Complete 
|  97|0x000000061a400000, 0x000000061a800000, 0x000000061a800000|100%| E|CS|TAMS 0x000000061a400000, 0x000000061a400000| Complete 
|  98|0x000000061a800000, 0x000000061ac00000, 0x000000061ac00000|100%| E|CS|TAMS 0x000000061a800000, 0x000000061a800000| Complete 
|  99|0x000000061ac00000, 0x000000061b000000, 0x000000061b000000|100%| E|CS|TAMS 0x000000061ac00000, 0x000000061ac00000| Complete 
| 100|0x000000061b000000, 0x000000061b400000, 0x000000061b400000|100%| E|CS|TAMS 0x000000061b000000, 0x000000061b000000| Complete 
| 101|0x000000061b400000, 0x000000061b800000, 0x000000061b800000|100%| E|CS|TAMS 0x000000061b400000, 0x000000061b400000| Complete 
| 102|0x000000061b800000, 0x000000061bc00000, 0x000000061bc00000|100%| E|CS|TAMS 0x000000061b800000, 0x000000061b800000| Complete 
| 103|0x000000061bc00000, 0x000000061c000000, 0x000000061c000000|100%| E|CS|TAMS 0x000000061bc00000, 0x000000061bc00000| Complete 
| 104|0x000000061c000000, 0x000000061c400000, 0x000000061c400000|100%| E|CS|TAMS 0x000000061c000000, 0x000000061c000000| Complete 
| 105|0x000000061c400000, 0x000000061c800000, 0x000000061c800000|100%| E|CS|TAMS 0x000000061c400000, 0x000000061c400000| Complete 
| 106|0x000000061c800000, 0x000000061cc00000, 0x000000061cc00000|100%| E|CS|TAMS 0x000000061c800000, 0x000000061c800000| Complete 
| 107|0x000000061cc00000, 0x000000061d000000, 0x000000061d000000|100%| E|CS|TAMS 0x000000061cc00000, 0x000000061cc00000| Complete 
| 108|0x000000061d000000, 0x000000061d400000, 0x000000061d400000|100%| E|CS|TAMS 0x000000061d000000, 0x000000061d000000| Complete 
| 109|0x000000061d400000, 0x000000061d800000, 0x000000061d800000|100%| E|CS|TAMS 0x000000061d400000, 0x000000061d400000| Complete 
| 110|0x000000061d800000, 0x000000061dc00000, 0x000000061dc00000|100%| E|CS|TAMS 0x000000061d800000, 0x000000061d800000| Complete 
| 111|0x000000061dc00000, 0x000000061e000000, 0x000000061e000000|100%| E|CS|TAMS 0x000000061dc00000, 0x000000061dc00000| Complete 
| 112|0x000000061e000000, 0x000000061e400000, 0x000000061e400000|100%| E|CS|TAMS 0x000000061e000000, 0x000000061e000000| Complete 
| 113|0x000000061e400000, 0x000000061e800000, 0x000000061e800000|100%| E|CS|TAMS 0x000000061e400000, 0x000000061e400000| Complete 
| 114|0x000000061e800000, 0x000000061ec00000, 0x000000061ec00000|100%| E|CS|TAMS 0x000000061e800000, 0x000000061e800000| Complete 
| 115|0x000000061ec00000, 0x000000061f000000, 0x000000061f000000|100%| E|CS|TAMS 0x000000061ec00000, 0x000000061ec00000| Complete 
| 116|0x000000061f000000, 0x000000061f400000, 0x000000061f400000|100%| E|CS|TAMS 0x000000061f000000, 0x000000061f000000| Complete 
| 117|0x000000061f400000, 0x000000061f800000, 0x000000061f800000|100%| E|CS|TAMS 0x000000061f400000, 0x000000061f400000| Complete 
| 118|0x000000061f800000, 0x000000061fc00000, 0x000000061fc00000|100%| E|CS|TAMS 0x000000061f800000, 0x000000061f800000| Complete 
| 119|0x000000061fc00000, 0x000000061fd13708, 0x0000000620000000| 26%| S|CS|TAMS 0x000000061fc00000, 0x000000061fc00000| Complete 
| 120|0x0000000620000000, 0x0000000620400000, 0x0000000620400000|100%| E|CS|TAMS 0x0000000620000000, 0x0000000620000000| Complete 
| 121|0x0000000620400000, 0x0000000620800000, 0x0000000620800000|100%| E|CS|TAMS 0x0000000620400000, 0x0000000620400000| Complete 
| 122|0x0000000620800000, 0x0000000620c00000, 0x0000000620c00000|100%| E|CS|TAMS 0x0000000620800000, 0x0000000620800000| Complete 
| 123|0x0000000620c00000, 0x0000000621000000, 0x0000000621000000|100%| E|CS|TAMS 0x0000000620c00000, 0x0000000620c00000| Complete 
| 124|0x0000000621000000, 0x0000000621400000, 0x0000000621400000|100%| E|CS|TAMS 0x0000000621000000, 0x0000000621000000| Complete 
| 125|0x0000000621400000, 0x0000000621800000, 0x0000000621800000|100%| E|CS|TAMS 0x0000000621400000, 0x0000000621400000| Complete 
| 126|0x0000000621800000, 0x0000000621c00000, 0x0000000621c00000|100%| E|CS|TAMS 0x0000000621800000, 0x0000000621800000| Complete 
| 127|0x0000000621c00000, 0x0000000622000000, 0x0000000622000000|100%| E|CS|TAMS 0x0000000621c00000, 0x0000000621c00000| Complete 

Card table byte_map: [0x000001b28fff0000,0x000001b290fe0000] _byte_map_base: 0x000001b28cfe0000

Marking Bits (Prev, Next): (CMBitMap*) 0x000001b2f72c1a60, (CMBitMap*) 0x000001b2f72c1aa0
 Prev Bits: [0x000001b291fd0000, 0x000001b299f50000)
 Next Bits: [0x000001b299f50000, 0x000001b2a1ed0000)

Polling page: 0x000001b2f51b0000

Metaspace:

Usage:
  Non-class:     11.67 MB used.
      Class:      1.80 MB used.
       Both:     13.46 MB used.

Virtual space:
  Non-class space:       64.00 MB reserved,      11.81 MB ( 18%) committed,  1 nodes.
      Class space:        1.00 GB reserved,       1.94 MB ( <1%) committed,  1 nodes.
             Both:        1.06 GB reserved,      13.75 MB (  1%) committed. 

Chunk freelists:
   Non-Class:  4.05 MB
       Class:  14.05 MB
        Both:  18.09 MB

MaxMetaspaceSize: unlimited
CompressedClassSpaceSize: 1.00 GB
Initial GC threshold: 21.00 MB
Current GC threshold: 21.00 MB
CDS: on
MetaspaceReclaimPolicy: balanced
 - commit_granule_bytes: 65536.
 - commit_granule_words: 8192.
 - virtual_space_node_default_size: 8388608.
 - enlarge_chunks_in_place: 1.
 - new_chunks_are_fully_committed: 0.
 - uncommit_free_chunks: 1.
 - use_allocation_guard: 0.
 - handle_deallocations: 1.


Internal statistics:

num_allocs_failed_limit: 0.
num_arena_births: 138.
num_arena_deaths: 0.
num_vsnodes_births: 2.
num_vsnodes_deaths: 0.
num_space_committed: 220.
num_space_uncommitted: 0.
num_chunks_returned_to_freelist: 0.
num_chunks_taken_from_freelist: 587.
num_chunk_merges: 0.
num_chunk_splits: 391.
num_chunks_enlarged: 310.
num_inconsistent_stats: 0.

CodeHeap 'non-profiled nmethods': size=120000Kb used=1241Kb max_used=1241Kb free=118758Kb
 bounds [0x000001b287ad0000, 0x000001b287d40000, 0x000001b28f000000]
CodeHeap 'profiled nmethods': size=120000Kb used=4156Kb max_used=4156Kb free=115843Kb
 bounds [0x000001b280000000, 0x000001b280410000, 0x000001b287530000]
CodeHeap 'non-nmethods': size=5760Kb used=1182Kb max_used=1233Kb free=4577Kb
 bounds [0x000001b287530000, 0x000001b2877a0000, 0x000001b287ad0000]
 total_blobs=2772 nmethods=2297 adapters=387
 compilation: enabled
              stopped_count=0, restarted_count=0
 full_count=0

Compilation events (20 events):
Event: 2.188 Thread 0x000001b2ff517f10 nmethod 2270 0x000001b2803fbf10 code [0x000001b2803fc260, 0x000001b2803fd7c8]
Event: 2.188 Thread 0x000001b2ff517f10 2271       1       java.lang.Enum::name (5 bytes)
Event: 2.188 Thread 0x000001b2ff517f10 nmethod 2271 0x000001b287c03410 code [0x000001b287c035a0, 0x000001b287c03678]
Event: 2.190 Thread 0x000001b2ff517f10 2272       3       java.util.concurrent.locks.AbstractQueuedSynchronizer::signalNext (34 bytes)
Event: 2.190 Thread 0x000001b2ff517f10 nmethod 2272 0x000001b2803fe290 code [0x000001b2803fe440, 0x000001b2803fe6d8]
Event: 2.190 Thread 0x000001b2ff517f10 2273       1       java.util.Spliterators$ArraySpliterator::characteristics (5 bytes)
Event: 2.191 Thread 0x000001b2ff517f10 nmethod 2273 0x000001b287c03710 code [0x000001b287c038a0, 0x000001b287c03978]
Event: 2.192 Thread 0x000001b2ff517730 nmethod 2259 0x000001b287c03a10 code [0x000001b287c03c20, 0x000001b287c04fd0]
Event: 2.193 Thread 0x000001b2ff517f10 2274       3       sun.reflect.generics.parser.SignatureParser::parseTypeArguments (109 bytes)
Event: 2.194 Thread 0x000001b2ff517f10 nmethod 2274 0x000001b2803fe890 code [0x000001b2803feb40, 0x000001b2803ff8a8]
Event: 2.195 Thread 0x000001b2ff517f10 2275       3       java.lang.Class$AnnotationData::<init> (20 bytes)
Event: 2.195 Thread 0x000001b2ff517f10 nmethod 2275 0x000001b2803ffd90 code [0x000001b2803fff40, 0x000001b280400178]
Event: 2.196 Thread 0x000001b2ff517f10 2276       3       sun.reflect.annotation.AnnotationType::getInstance (65 bytes)
Event: 2.196 Thread 0x000001b2ff517f10 nmethod 2276 0x000001b280400210 code [0x000001b280400400, 0x000001b280400998]
Event: 2.196 Thread 0x000001b2ff517f10 2277       3       java.lang.System$2::getAnnotationType (5 bytes)
Event: 2.196 Thread 0x000001b2ff517f10 nmethod 2277 0x000001b280400c10 code [0x000001b280400da0, 0x000001b280400ed8]
Event: 2.197 Thread 0x000001b2ff517f10 2278       3       java.lang.Class::createAnnotationData (195 bytes)
Event: 2.198 Thread 0x000001b2ff517f10 nmethod 2278 0x000001b280400f90 code [0x000001b280401300, 0x000001b2804028f8]
Event: 2.198 Thread 0x000001b2ff517f10 2279       3       java.lang.Class$Atomic::casAnnotationData (13 bytes)
Event: 2.198 Thread 0x000001b2ff517f10 nmethod 2279 0x000001b280403010 code [0x000001b2804031a0, 0x000001b2804032f8]

GC Heap History (4 events):
Event: 0.654 GC heap before
{Heap before GC invocations=0 (full 0):
 garbage-first heap   total 524288K, used 24576K [0x0000000602000000, 0x0000000800000000)
  region size 4096K, 6 young (24576K), 0 survivors (0K)
 Metaspace       used 1844K, committed 1984K, reserved 1114112K
  class space    used 144K, committed 256K, reserved 1048576K
}
Event: 0.658 GC heap after
{Heap after GC invocations=1 (full 0):
 garbage-first heap   total 524288K, used 2703K [0x0000000602000000, 0x0000000800000000)
  region size 4096K, 1 young (4096K), 1 survivors (4096K)
 Metaspace       used 1844K, committed 1984K, reserved 1114112K
  class space    used 144K, committed 256K, reserved 1048576K
}
Event: 0.982 GC heap before
{Heap before GC invocations=1 (full 0):
 garbage-first heap   total 524288K, used 31375K [0x0000000602000000, 0x0000000800000000)
  region size 4096K, 8 young (32768K), 1 survivors (4096K)
 Metaspace       used 3269K, committed 3456K, reserved 1114112K
  class space    used 304K, committed 384K, reserved 1048576K
}
Event: 0.984 GC heap after
{Heap after GC invocations=2 (full 0):
 garbage-first heap   total 524288K, used 3591K [0x0000000602000000, 0x0000000800000000)
  region size 4096K, 1 young (4096K), 1 survivors (4096K)
 Metaspace       used 3269K, committed 3456K, reserved 1114112K
  class space    used 304K, committed 384K, reserved 1048576K
}

Deoptimization events (20 events):
Event: 2.047 Thread 0x000001b2f720f470 Uncommon trap: trap_request=0xffffff45 fr.pc=0x000001b287ba0db4 relative=0x0000000000000314
Event: 2.047 Thread 0x000001b2f720f470 Uncommon trap: reason=unstable_if action=reinterpret pc=0x000001b287ba0db4 method=jdk.internal.org.objectweb.asm.SymbolTable.put(Ljdk/internal/org/objectweb/asm/SymbolTable$Entry;)Ljdk/internal/org/objectweb/asm/SymbolTable$Entry; @ 13 c2
Event: 2.047 Thread 0x000001b2f720f470 DEOPT PACKING pc=0x000001b287ba0db4 sp=0x000000a68a5fd130
Event: 2.047 Thread 0x000001b2f720f470 DEOPT UNPACKING pc=0x000001b2875823a3 sp=0x000000a68a5fd0b0 mode 2
Event: 2.059 Thread 0x000001b2f720f470 Uncommon trap: trap_request=0xffffffde fr.pc=0x000001b287bcc1bc relative=0x00000000000007dc
Event: 2.059 Thread 0x000001b2f720f470 Uncommon trap: reason=class_check action=maybe_recompile pc=0x000001b287bcc1bc method=java.util.HashMap.putVal(ILjava/lang/Object;Ljava/lang/Object;ZZ)Ljava/lang/Object; @ 203 c2
Event: 2.059 Thread 0x000001b2f720f470 DEOPT PACKING pc=0x000001b287bcc1bc sp=0x000000a68a5fd190
Event: 2.059 Thread 0x000001b2f720f470 DEOPT UNPACKING pc=0x000001b2875823a3 sp=0x000000a68a5fd110 mode 2
Event: 2.154 Thread 0x000001b2f720f470 Uncommon trap: trap_request=0xffffff45 fr.pc=0x000001b287b21698 relative=0x00000000000000f8
Event: 2.154 Thread 0x000001b2f720f470 Uncommon trap: reason=unstable_if action=reinterpret pc=0x000001b287b21698 method=java.lang.ThreadLocal$ThreadLocalMap.getEntry(Ljava/lang/ThreadLocal;)Ljava/lang/ThreadLocal$ThreadLocalMap$Entry; @ 29 c2
Event: 2.154 Thread 0x000001b2f720f470 DEOPT PACKING pc=0x000001b287b21698 sp=0x000000a68a5fd670
Event: 2.154 Thread 0x000001b2f720f470 DEOPT UNPACKING pc=0x000001b2875823a3 sp=0x000000a68a5fd588 mode 2
Event: 2.156 Thread 0x000001b2f720f470 Uncommon trap: trap_request=0xffffff45 fr.pc=0x000001b287b21b70 relative=0x00000000000000d0
Event: 2.156 Thread 0x000001b2f720f470 Uncommon trap: reason=unstable_if action=reinterpret pc=0x000001b287b21b70 method=java.lang.ThreadLocal$ThreadLocalMap.getEntry(Ljava/lang/ThreadLocal;)Ljava/lang/ThreadLocal$ThreadLocalMap$Entry; @ 29 c2
Event: 2.156 Thread 0x000001b2f720f470 DEOPT PACKING pc=0x000001b287b21b70 sp=0x000000a68a5fd9a0
Event: 2.156 Thread 0x000001b2f720f470 DEOPT UNPACKING pc=0x000001b2875823a3 sp=0x000000a68a5fd940 mode 2
Event: 2.172 Thread 0x000001b2f720f470 Uncommon trap: trap_request=0xffffff45 fr.pc=0x000001b287b298b0 relative=0x0000000000000290
Event: 2.172 Thread 0x000001b2f720f470 Uncommon trap: reason=unstable_if action=reinterpret pc=0x000001b287b298b0 method=java.util.concurrent.ConcurrentHashMap.get(Ljava/lang/Object;)Ljava/lang/Object; @ 76 c2
Event: 2.172 Thread 0x000001b2f720f470 DEOPT PACKING pc=0x000001b287b298b0 sp=0x000000a68a5fc720
Event: 2.172 Thread 0x000001b2f720f470 DEOPT UNPACKING pc=0x000001b2875823a3 sp=0x000000a68a5fc698 mode 2

Classes unloaded (0 events):
No events

Classes redefined (0 events):
No events

Internal exceptions (20 events):
Event: 1.806 Thread 0x000001b2f720f470 Exception <a 'java/lang/NoSuchMethodError'{0x000000061a5455e0}: 'java.lang.Object java.lang.invoke.DirectMethodHandle$Holder.invokeVirtual(java.lang.Object, java.lang.Object, java.lang.Object)'> (0x000000061a5455e0) 
thrown [s\open\src\hotspot\share\interpreter\linkResolver.cpp, line 759]
Event: 1.809 Thread 0x000001b2f720f470 Exception <a 'java/lang/NoSuchMethodError'{0x000000061a5a6478}: 'void java.lang.invoke.DirectMethodHandle$Holder.invokeStatic(java.lang.Object, java.lang.Object, int)'> (0x000000061a5a6478) 
thrown [s\open\src\hotspot\share\interpreter\linkResolver.cpp, line 759]
Event: 1.815 Thread 0x000001b2f720f470 Exception <a 'java/lang/IncompatibleClassChangeError'{0x000000061a5fdd50}: Found class java.lang.Object, but interface was expected> (0x000000061a5fdd50) 
thrown [s\open\src\hotspot\share\interpreter\linkResolver.cpp, line 826]
Event: 1.935 Thread 0x000001b2ec3d7010 Exception <a 'java/lang/NoSuchMethodError'{0x0000000618e6df70}: 'void java.lang.invoke.DirectMethodHandle$Holder.invokeInterface(java.lang.Object, java.lang.Object, java.lang.Object, java.lang.Object)'> (0x0000000618e6df70) 
thrown [s\open\src\hotspot\share\interpreter\linkResolver.cpp, line 759]
Event: 1.997 Thread 0x000001b2f720f470 Exception <a 'java/lang/NoSuchMethodError'{0x00000006176222f8}: 'org.slf4j.impl.StaticMDCBinder org.slf4j.impl.StaticMDCBinder.getSingleton()'> (0x00000006176222f8) 
thrown [s\open\src\hotspot\share\interpreter\linkResolver.cpp, line 759]
Event: 2.163 Thread 0x000001b2f720f470 Exception <a 'java/lang/ClassNotFoundException'{0x0000000613d94a58}: java/lang/ObjectCustomizer> (0x0000000613d94a58) 
thrown [s\open\src\hotspot\share\classfile\systemDictionary.cpp, line 256]
Event: 2.169 Thread 0x000001b2f720f470 Exception <a 'java/lang/IncompatibleClassChangeError'{0x0000000613d998f8}: Found class java.lang.Object, but interface was expected> (0x0000000613d998f8) 
thrown [s\open\src\hotspot\share\interpreter\linkResolver.cpp, line 826]
Event: 2.174 Thread 0x000001b2f720f470 Exception <a 'java/lang/ClassNotFoundException'{0x00000006136452b0}: org/springframework/context/annotation/ConfigurationClassPostProcessorCustomizer> (0x00000006136452b0) 
thrown [s\open\src\hotspot\share\classfile\systemDictionary.cpp, line 256]
Event: 2.179 Thread 0x000001b2f720f470 Exception <a 'java/lang/ClassNotFoundException'{0x000000061373a288}: org/springframework/beans/factory/support/BeanDefinitionRegistryPostProcessorCustomizer> (0x000000061373a288) 
thrown [s\open\src\hotspot\share\classfile\systemDictionary.cpp, line 256]
Event: 2.180 Thread 0x000001b2f720f470 Exception <a 'java/lang/ClassNotFoundException'{0x00000006137cf018}: org/springframework/beans/factory/config/BeanFactoryPostProcessorCustomizer> (0x00000006137cf018) 
thrown [s\open\src\hotspot\share\classfile\systemDictionary.cpp, line 256]
Event: 2.181 Thread 0x000001b2f720f470 Exception <a 'java/lang/ClassNotFoundException'{0x0000000613256870}: org/springframework/core/PriorityOrderedCustomizer> (0x0000000613256870) 
thrown [s\open\src\hotspot\share\classfile\systemDictionary.cpp, line 256]
Event: 2.181 Thread 0x000001b2f720f470 Exception <a 'java/lang/ClassNotFoundException'{0x00000006132d7d00}: org/springframework/core/OrderedCustomizer> (0x00000006132d7d00) 
thrown [s\open\src\hotspot\share\classfile\systemDictionary.cpp, line 256]
Event: 2.182 Thread 0x000001b2f720f470 Exception <a 'java/lang/ClassNotFoundException'{0x0000000613362858}: org/springframework/context/ResourceLoaderAwareCustomizer> (0x0000000613362858) 
thrown [s\open\src\hotspot\share\classfile\systemDictionary.cpp, line 256]
Event: 2.183 Thread 0x000001b2f720f470 Exception <a 'java/lang/ClassNotFoundException'{0x00000006133e8fe8}: org/springframework/beans/factory/AwareCustomizer> (0x00000006133e8fe8) 
thrown [s\open\src\hotspot\share\classfile\systemDictionary.cpp, line 256]
Event: 2.183 Thread 0x000001b2f720f470 Exception <a 'java/lang/ClassNotFoundException'{0x0000000612e75748}: org/springframework/context/ApplicationStartupAwareCustomizer> (0x0000000612e75748) 
thrown [s\open\src\hotspot\share\classfile\systemDictionary.cpp, line 256]
Event: 2.184 Thread 0x000001b2f720f470 Exception <a 'java/lang/ClassNotFoundException'{0x0000000612efc140}: org/springframework/beans/factory/AwareCustomizer> (0x0000000612efc140) 
thrown [s\open\src\hotspot\share\classfile\systemDictionary.cpp, line 256]
Event: 2.185 Thread 0x000001b2f720f470 Exception <a 'java/lang/ClassNotFoundException'{0x0000000612f89e00}: org/springframework/beans/factory/BeanClassLoaderAwareCustomizer> (0x0000000612f89e00) 
thrown [s\open\src\hotspot\share\classfile\systemDictionary.cpp, line 256]
Event: 2.186 Thread 0x000001b2f720f470 Exception <a 'java/lang/ClassNotFoundException'{0x0000000612810b60}: org/springframework/beans/factory/AwareCustomizer> (0x0000000612810b60) 
thrown [s\open\src\hotspot\share\classfile\systemDictionary.cpp, line 256]
Event: 2.187 Thread 0x000001b2f720f470 Exception <a 'java/lang/ClassNotFoundException'{0x0000000612899430}: org/springframework/context/EnvironmentAwareCustomizer> (0x0000000612899430) 
thrown [s\open\src\hotspot\share\classfile\systemDictionary.cpp, line 256]
Event: 2.187 Thread 0x000001b2f720f470 Exception <a 'java/lang/ClassNotFoundException'{0x000000061291fb20}: org/springframework/beans/factory/AwareCustomizer> (0x000000061291fb20) 
thrown [s\open\src\hotspot\share\classfile\systemDictionary.cpp, line 256]

VM Operations (20 events):
Event: 0.166 Executing VM operation: HandshakeAllThreads
Event: 0.166 Executing VM operation: HandshakeAllThreads done
Event: 0.654 Executing VM operation: G1CollectForAllocation
Event: 0.658 Executing VM operation: G1CollectForAllocation done
Event: 0.923 Executing VM operation: HandshakeAllThreads
Event: 0.923 Executing VM operation: HandshakeAllThreads done
Event: 0.982 Executing VM operation: G1CollectForAllocation
Event: 0.984 Executing VM operation: G1CollectForAllocation done
Event: 1.298 Executing VM operation: HandshakeAllThreads
Event: 1.298 Executing VM operation: HandshakeAllThreads done
Event: 1.377 Executing VM operation: HandshakeAllThreads
Event: 1.377 Executing VM operation: HandshakeAllThreads done
Event: 1.703 Executing VM operation: ICBufferFull
Event: 1.703 Executing VM operation: ICBufferFull done
Event: 2.068 Executing VM operation: HandshakeAllThreads
Event: 2.068 Executing VM operation: HandshakeAllThreads done
Event: 2.123 Executing VM operation: ICBufferFull
Event: 2.130 Executing VM operation: ICBufferFull done
Event: 2.131 Executing VM operation: HandshakeAllThreads
Event: 2.132 Executing VM operation: HandshakeAllThreads done

Events (20 events):
Event: 2.173 loading class com/sun/beans/introspect/PropertyInfo$Name
Event: 2.173 loading class com/sun/beans/introspect/PropertyInfo$Name done
Event: 2.173 loading class java/beans/GenericBeanInfo
Event: 2.173 loading class java/beans/SimpleBeanInfo
Event: 2.173 loading class java/beans/SimpleBeanInfo done
Event: 2.173 loading class java/beans/GenericBeanInfo done
Event: 2.175 loading class java/util/Hashtable$EntrySet
Event: 2.175 loading class java/util/Hashtable$EntrySet done
Event: 2.175 loading class java/beans/ThreadGroupContext
Event: 2.176 loading class java/beans/ThreadGroupContext done
Event: 2.176 loading class java/beans/ThreadGroupContext$1
Event: 2.176 loading class java/beans/WeakIdentityMap
Event: 2.176 loading class java/beans/WeakIdentityMap done
Event: 2.176 loading class java/beans/ThreadGroupContext$1 done
Event: 2.176 loading class java/beans/WeakIdentityMap$Entry
Event: 2.176 loading class java/beans/WeakIdentityMap$Entry done
Event: 2.177 loading class java/util/AbstractList$ListItr
Event: 2.178 loading class java/util/AbstractList$Itr
Event: 2.178 loading class java/util/AbstractList$Itr done
Event: 2.178 loading class java/util/AbstractList$ListItr done


Dynamic libraries:
0x00007ff768d40000 - 0x00007ff768d50000 	C:\Program Files\Java\jdk-17\bin\java.exe
0x00007ff9f41b0000 - 0x00007ff9f43c7000 	C:\Windows\SYSTEM32\ntdll.dll
0x00007ff9f3950000 - 0x00007ff9f3a14000 	C:\Windows\System32\KERNEL32.DLL
0x00007ff9f1870000 - 0x00007ff9f1c27000 	C:\Windows\System32\KERNELBASE.dll
0x00007ff9f1dc0000 - 0x00007ff9f1ed1000 	C:\Windows\System32\ucrtbase.dll
0x00007ff9b1140000 - 0x00007ff9b115b000 	C:\Program Files\Java\jdk-17\bin\VCRUNTIME140.dll
0x00007ff9ad530000 - 0x00007ff9ad549000 	C:\Program Files\Java\jdk-17\bin\jli.dll
0x00007ff9f3d40000 - 0x00007ff9f3df2000 	C:\Windows\System32\ADVAPI32.dll
0x00007ff9f2560000 - 0x00007ff9f2607000 	C:\Windows\System32\msvcrt.dll
0x00007ff9f3ad0000 - 0x00007ff9f3b78000 	C:\Windows\System32\sechost.dll
0x00007ff9f16d0000 - 0x00007ff9f16f8000 	C:\Windows\System32\bcrypt.dll
0x00007ff9f3e60000 - 0x00007ff9f3f74000 	C:\Windows\System32\RPCRT4.dll
0x00007ff9f3780000 - 0x00007ff9f392f000 	C:\Windows\System32\USER32.dll
0x00007ff9f1d90000 - 0x00007ff9f1db6000 	C:\Windows\System32\win32u.dll
0x00007ff9f1f70000 - 0x00007ff9f1f99000 	C:\Windows\System32\GDI32.dll
0x00007ff9d3760000 - 0x00007ff9d39f3000 	C:\Windows\WinSxS\amd64_microsoft.windows.common-controls_6595b64144ccf1df_6.0.22621.3672_none_2713b9d173822955\COMCTL32.dll
0x00007ff9f15b0000 - 0x00007ff9f16c8000 	C:\Windows\System32\gdi32full.dll
0x00007ff9f1c30000 - 0x00007ff9f1cca000 	C:\Windows\System32\msvcp_win.dll
0x00007ff9eb500000 - 0x00007ff9eb50a000 	C:\Windows\SYSTEM32\VERSION.dll
0x00007ff9f3e20000 - 0x00007ff9f3e51000 	C:\Windows\System32\IMM32.DLL
0x00007ff9d95a0000 - 0x00007ff9d95ac000 	C:\Program Files\Java\jdk-17\bin\vcruntime140_1.dll
0x00007ff975e50000 - 0x00007ff975ede000 	C:\Program Files\Java\jdk-17\bin\msvcp140.dll
0x00007ff91e9e0000 - 0x00007ff91f5c0000 	C:\Program Files\Java\jdk-17\bin\server\jvm.dll
0x00007ff9f3f80000 - 0x00007ff9f3f88000 	C:\Windows\System32\PSAPI.DLL
0x00007ff9e7ed0000 - 0x00007ff9e7f04000 	C:\Windows\SYSTEM32\WINMM.dll
0x00007ff9e6ec0000 - 0x00007ff9e6ec9000 	C:\Windows\SYSTEM32\WSOCK32.dll
0x00007ff9f3f90000 - 0x00007ff9f4001000 	C:\Windows\System32\WS2_32.dll
0x00007ff9f0600000 - 0x00007ff9f0618000 	C:\Windows\SYSTEM32\kernel.appcore.dll
0x00007ff9d93b0000 - 0x00007ff9d93ba000 	C:\Program Files\Java\jdk-17\bin\jimage.dll
0x00007ff9e01e0000 - 0x00007ff9e0412000 	C:\Windows\SYSTEM32\DBGHELP.DLL
0x00007ff9f21d0000 - 0x00007ff9f255e000 	C:\Windows\System32\combase.dll
0x00007ff9f2610000 - 0x00007ff9f26e7000 	C:\Windows\System32\OLEAUT32.dll
0x00007ff9d2b70000 - 0x00007ff9d2ba2000 	C:\Windows\SYSTEM32\dbgcore.DLL
0x00007ff9f14c0000 - 0x00007ff9f153b000 	C:\Windows\System32\bcryptPrimitives.dll
0x00007ff987310000 - 0x00007ff987335000 	C:\Program Files\Java\jdk-17\bin\java.dll
0x00007ff974d90000 - 0x00007ff974e67000 	C:\Program Files\Java\jdk-17\bin\jsvml.dll
0x00007ff9f2700000 - 0x00007ff9f2f69000 	C:\Windows\System32\SHELL32.dll
0x00007ff9ef440000 - 0x00007ff9efd3f000 	C:\Windows\SYSTEM32\windows.storage.dll
0x00007ff9ef300000 - 0x00007ff9ef43f000 	C:\Windows\SYSTEM32\wintypes.dll
0x00007ff9f3c40000 - 0x00007ff9f3d39000 	C:\Windows\System32\SHCORE.dll
0x00007ff9f3be0000 - 0x00007ff9f3c3e000 	C:\Windows\System32\shlwapi.dll
0x00007ff9f13f0000 - 0x00007ff9f1417000 	C:\Windows\SYSTEM32\profapi.dll
0x00007ff9ac2d0000 - 0x00007ff9ac2e9000 	C:\Program Files\Java\jdk-17\bin\net.dll
0x00007ff9edb70000 - 0x00007ff9edca6000 	C:\Windows\SYSTEM32\WINHTTP.dll
0x00007ff9f0a70000 - 0x00007ff9f0ad9000 	C:\Windows\system32\mswsock.dll
0x00007ff9875d0000 - 0x00007ff9875e6000 	C:\Program Files\Java\jdk-17\bin\nio.dll
0x00007ff987130000 - 0x00007ff987148000 	C:\Program Files\Java\jdk-17\bin\zip.dll
0x00007ff9d2c70000 - 0x00007ff9d2c80000 	C:\Program Files\Java\jdk-17\bin\verify.dll
0x00007ff9d2c20000 - 0x00007ff9d2c2a000 	C:\Program Files\Java\jdk-17\bin\management.dll
0x00007ff9d0f00000 - 0x00007ff9d0f0b000 	C:\Program Files\Java\jdk-17\bin\management_ext.dll
0x00007ff9c21a0000 - 0x00007ff9c21b7000 	C:\Windows\system32\napinsp.dll
0x00007ff9c1fc0000 - 0x00007ff9c1fdb000 	C:\Windows\system32\pnrpnsp.dll
0x00007ff9f00d0000 - 0x00007ff9f01d2000 	C:\Windows\SYSTEM32\DNSAPI.dll
0x00007ff9f0050000 - 0x00007ff9f007d000 	C:\Windows\SYSTEM32\IPHLPAPI.DLL
0x00007ff9f33f0000 - 0x00007ff9f33f9000 	C:\Windows\System32\NSI.dll
0x00007ff9c1fa0000 - 0x00007ff9c1fb1000 	C:\Windows\System32\winrnr.dll
0x00007ff9cbe40000 - 0x00007ff9cbe55000 	C:\Windows\system32\wshbth.dll
0x00007ff9c1230000 - 0x00007ff9c1257000 	C:\Windows\system32\nlansp_c.dll
0x00007ff9ea770000 - 0x00007ff9ea77a000 	C:\Windows\System32\rasadhlp.dll
0x00007ff9eb590000 - 0x00007ff9eb613000 	C:\Windows\System32\fwpuclnt.dll

dbghelp: loaded successfully - version: 4.0.5 - missing functions: none
symbol engine: initialized successfully - sym options: 0x614 - pdb path: .;C:\Program Files\Java\jdk-17\bin;C:\Windows\SYSTEM32;C:\Windows\WinSxS\amd64_microsoft.windows.common-controls_6595b64144ccf1df_6.0.22621.3672_none_2713b9d173822955;C:\Program Files\Java\jdk-17\bin\server

VM Arguments:
java_command: target/lobster-trade-server-1.0.0-SNAPSHOT.jar
java_class_path (initial): target/lobster-trade-server-1.0.0-SNAPSHOT.jar
Launcher Type: SUN_STANDARD

[Global flags]
     intx CICompilerCount                          = 4                                         {product} {ergonomic}
     uint ConcGCThreads                            = 3                                         {product} {ergonomic}
     uint G1ConcRefinementThreads                  = 10                                        {product} {ergonomic}
   size_t G1HeapRegionSize                         = 4194304                                   {product} {ergonomic}
    uintx GCDrainStackTargetSize                   = 64                                        {product} {ergonomic}
   size_t InitialHeapSize                          = 536870912                                 {product} {ergonomic}
   size_t MarkStackSize                            = 4194304                                   {product} {ergonomic}
   size_t MaxHeapSize                              = 8556380160                                {product} {ergonomic}
   size_t MaxNewSize                               = 5133828096                                {product} {ergonomic}
   size_t MinHeapDeltaBytes                        = 4194304                                   {product} {ergonomic}
   size_t MinHeapSize                              = 8388608                                   {product} {ergonomic}
    uintx NonNMethodCodeHeapSize                   = 5839372                                {pd product} {ergonomic}
    uintx NonProfiledCodeHeapSize                  = 122909434                              {pd product} {ergonomic}
    uintx ProfiledCodeHeapSize                     = 122909434                              {pd product} {ergonomic}
    uintx ReservedCodeCacheSize                    = 251658240                              {pd product} {ergonomic}
     bool SegmentedCodeCache                       = true                                      {product} {ergonomic}
   size_t SoftMaxHeapSize                          = 8556380160                             {manageable} {ergonomic}
     bool UseCompressedClassPointers               = true                           {product lp64_product} {ergonomic}
     bool UseCompressedOops                        = true                           {product lp64_product} {ergonomic}
     bool UseG1GC                                  = true                                      {product} {ergonomic}
     bool UseLargePagesIndividualAllocation        = false                                  {pd product} {ergonomic}

Logging:
Log output configuration:
 #0: stdout all=warning uptime,level,tags
 #1: stderr all=off uptime,level,tags

Environment Variables:
JAVA_HOME=C:\Program Files\Java\jdk-17
PATH=C:\Program Files\nodejs;C:\tools\apache-maven-3.9.9\bin;C:\Program Files\Java\jdk-17\bin;C:\Program Files\Common Files\Oracle\Java\javapath;C:\Windows\system32;C:\Windows;C:\Windows\System32\Wbem;C:\Windows\System32\WindowsPowerShell\v1.0\;C:\Windows\System32\OpenSSH\;C:\Program Files\NVIDIA Corporation\NVIDIA App\NvDLISR;C:\Program Files (x86)\NVIDIA Corporation\PhysX\Common;C:\Program Files\nodejs\;D:\Git\cmd;C:\Program Files\Redis\;C:\Users\Administrator\AppData\Local\Programs\Python\Python311\Scripts\;C:\Users\Administrator\AppData\Local\Programs\Python\Python311\;C:\Users\Administrator\AppData\Local\Microsoft\WindowsApps;C:\Users\Administrator\AppData\Roaming\npm
USERNAME=Administrator
OS=Windows_NT
PROCESSOR_IDENTIFIER=Intel64 Family 6 Model 165 Stepping 3, GenuineIntel



---------------  S Y S T E M  ---------------

OS:
 Windows 11 , 64 bit Build 22621 (10.0.22621.3958)
OS uptime: 4 days 1:05 hours

CPU: total 12 (initial active 12) (6 cores per cpu, 2 threads per core) family 6 model 165 stepping 3 microcode 0xea, cx8, cmov, fxsr, ht, mmx, 3dnowpref, sse, sse2, sse3, ssse3, sse4.1, sse4.2, popcnt, lzcnt, tsc, tscinvbit, avx, avx2, aes, erms, clmul, bmi1, bmi2, adx, fma, vzeroupper, clflush, clflushopt

Memory: 4k page, system-wide physical 32635M (6708M free)
TotalPageFile size 45435M (AvailPageFile size 5M)
current process WorkingSet (physical memory assigned to process): 369M, peak: 369M
current process commit charge ("private bytes"): 686M, peak: 687M

vm_info: Java HotSpot(TM) 64-Bit Server VM (17.0.12+8-LTS-286) for windows-amd64 JRE (17.0.12+8-LTS-286), built on Jun  5 2024 06:46:59 by "mach5one" with MS VC++ 17.6 (VS2022)

END.
