#
# There is insufficient memory for the Java Runtime Environment to continue.
# Native memory allocation (malloc) failed to allocate 586736 bytes for Chunk::new
# Possible reasons:
#   The system is out of physical RAM or swap space
#   The process is running with CompressedOops enabled, and the Java Heap may be blocking the growth of the native heap
# Possible solutions:
#   Reduce memory load on the system
#   Increase physical memory or swap space
#   Check if swap backing store is full
#   Decrease Java heap size (-Xmx/-Xms)
#   Decrease number of Java threads
#   Decrease Java thread stack sizes (-Xss)
#   Set larger code cache with -XX:ReservedCodeCacheSize=
#   JVM is running with Zero Based Compressed Oops mode in which the Java heap is
#     placed in the first 32GB address space. The Java Heap base address is the
#     maximum limit for the native heap growth. Please use -XX:HeapBaseMinAddress
#     to set the Java Heap base and to place the Java Heap above 32GB virtual address.
# This output file may be truncated or incomplete.
#
#  Out of Memory Error (arena.cpp:189), pid=177236, tid=176740
#
# JRE version: Java(TM) SE Runtime Environment (17.0.12+8) (build 17.0.12+8-LTS-286)
# Java VM: Java HotSpot(TM) 64-Bit Server VM (17.0.12+8-LTS-286, mixed mode, sharing, tiered, compressed oops, compressed class ptrs, g1 gc, windows-amd64)
# No core dump will be written. Minidumps are not enabled by default on client versions of Windows
#

---------------  S U M M A R Y ------------

Command Line: -Dclassworlds.conf=C:\tools\apache-maven-3.9.9\bin\m2.conf -Dmaven.home=C:\tools\apache-maven-3.9.9 -Dlibrary.jansi.path=C:\tools\apache-maven-3.9.9\lib\jansi-native -Dmaven.multiModuleProjectDirectory=C:\Users\Administrator\.openclaw\workspace\projects\龙虾道具交易平台\code\lobster-trade-server org.codehaus.plexus.classworlds.launcher.Launcher package -DskipTests -q

Host: Intel(R) Core(TM) i5-10400F CPU @ 2.90GHz, 12 cores, 31G,  Windows 11 , 64 bit Build 22621 (10.0.22621.3958)
Time: Wed Apr 22 12:12:16 2026  Windows 11 , 64 bit Build 22621 (10.0.22621.3958) elapsed time: 2.490116 seconds (0d 0h 0m 2s)

---------------  T H R E A D  ---------------

Current thread (0x000001c9daf99a40):  JavaThread "C2 CompilerThread2" daemon [_thread_in_native, id=176740, stack(0x0000000ec0b00000,0x0000000ec0c00000)]


Current CompileTask:
C2:   2490 2968       4       org.apache.maven.model.validation.DefaultModelValidator::validateId (120 bytes)

Stack: [0x0000000ec0b00000,0x0000000ec0c00000]
Native frames: (J=compiled Java code, j=interpreted, Vv=VM code, C=native code)
V  [jvm.dll+0x67a04a]
V  [jvm.dll+0x7da4ed]
V  [jvm.dll+0x7dbe33]
V  [jvm.dll+0x7dc4a3]
V  [jvm.dll+0x24508f]
V  [jvm.dll+0xab773]
V  [jvm.dll+0xabd3c]
V  [jvm.dll+0x361b9f]
V  [jvm.dll+0x1ba45a]
V  [jvm.dll+0x216997]
V  [jvm.dll+0x215c6f]
V  [jvm.dll+0x1a2960]
V  [jvm.dll+0x22610b]
V  [jvm.dll+0x2242ab]
V  [jvm.dll+0x79075c]
V  [jvm.dll+0x78abea]
V  [jvm.dll+0x678f35]
C  [ucrtbase.dll+0x29333]
C  [KERNEL32.DLL+0x1257d]
C  [ntdll.dll+0x5af08]


---------------  P R O C E S S  ---------------

Threads class SMR info:
_java_thread_list=0x000001c9dab38430, length=14, elements={
0x000001c9e75c5ff0, 0x000001c9ff675890, 0x000001c9ff676230, 0x000001c9ff693350,
0x000001c9ff696950, 0x000001c9ff696e30, 0x000001c9ff697310, 0x000001c9ff69bb30,
0x000001c9ff69c100, 0x000001c9ff69e630, 0x000001c9d5182020, 0x000001c9d51a8940,
0x000001c9d53fd460, 0x000001c9daf99a40
}

Java Threads: ( => current thread )
  0x000001c9e75c5ff0 JavaThread "main" [_thread_in_Java, id=177492, stack(0x0000000ebf700000,0x0000000ebf800000)]
  0x000001c9ff675890 JavaThread "Reference Handler" daemon [_thread_blocked, id=176752, stack(0x0000000ebfe00000,0x0000000ebff00000)]
  0x000001c9ff676230 JavaThread "Finalizer" daemon [_thread_blocked, id=177728, stack(0x0000000ebff00000,0x0000000ec0000000)]
  0x000001c9ff693350 JavaThread "Signal Dispatcher" daemon [_thread_blocked, id=177968, stack(0x0000000ec0000000,0x0000000ec0100000)]
  0x000001c9ff696950 JavaThread "Attach Listener" daemon [_thread_blocked, id=179128, stack(0x0000000ec0100000,0x0000000ec0200000)]
  0x000001c9ff696e30 JavaThread "Service Thread" daemon [_thread_blocked, id=179124, stack(0x0000000ec0200000,0x0000000ec0300000)]
  0x000001c9ff697310 JavaThread "Monitor Deflation Thread" daemon [_thread_blocked, id=179120, stack(0x0000000ec0300000,0x0000000ec0400000)]
  0x000001c9ff69bb30 JavaThread "C2 CompilerThread0" daemon [_thread_in_native, id=177724, stack(0x0000000ec0400000,0x0000000ec0500000)]
  0x000001c9ff69c100 JavaThread "C1 CompilerThread0" daemon [_thread_in_native, id=177688, stack(0x0000000ec0500000,0x0000000ec0600000)]
  0x000001c9ff69e630 JavaThread "Sweeper thread" daemon [_thread_blocked, id=177808, stack(0x0000000ec0600000,0x0000000ec0700000)]
  0x000001c9d5182020 JavaThread "Notification Thread" daemon [_thread_blocked, id=176692, stack(0x0000000ec0700000,0x0000000ec0800000)]
  0x000001c9d51a8940 JavaThread "Common-Cleaner" daemon [_thread_blocked, id=177720, stack(0x0000000ec0900000,0x0000000ec0a00000)]
  0x000001c9d53fd460 JavaThread "C2 CompilerThread1" daemon [_thread_in_native, id=179076, stack(0x0000000ec0a00000,0x0000000ec0b00000)]
=>0x000001c9daf99a40 JavaThread "C2 CompilerThread2" daemon [_thread_in_native, id=176740, stack(0x0000000ec0b00000,0x0000000ec0c00000)]

Other Threads:
  0x000001c9ff670d70 VMThread "VM Thread" [stack: 0x0000000ebfd00000,0x0000000ebfe00000] [id=176768]
  0x000001c9ff4db240 WatcherThread [stack: 0x0000000ec0800000,0x0000000ec0900000] [id=179092]
  0x000001c9e76762e0 GCTaskThread "GC Thread#0" [stack: 0x0000000ebf800000,0x0000000ebf900000] [id=177700]
  0x000001c9da1865b0 GCTaskThread "GC Thread#1" [stack: 0x0000000ec0c00000,0x0000000ec0d00000] [id=179060]
  0x000001c9d52b0100 GCTaskThread "GC Thread#2" [stack: 0x0000000ec0d00000,0x0000000ec0e00000] [id=179032]
  0x000001c9d5c3daa0 GCTaskThread "GC Thread#3" [stack: 0x0000000ec0e00000,0x0000000ec0f00000] [id=179024]
  0x000001c9d55e00c0 GCTaskThread "GC Thread#4" [stack: 0x0000000ec0f00000,0x0000000ec1000000] [id=172756]
  0x000001c9da488590 GCTaskThread "GC Thread#5" [stack: 0x0000000ec1000000,0x0000000ec1100000] [id=173268]
  0x000001c9da488850 GCTaskThread "GC Thread#6" [stack: 0x0000000ec1100000,0x0000000ec1200000] [id=176764]
  0x000001c9da488b10 GCTaskThread "GC Thread#7" [stack: 0x0000000ec1200000,0x0000000ec1300000] [id=176820]
  0x000001c9d5bba6b0 GCTaskThread "GC Thread#8" [stack: 0x0000000ec1300000,0x0000000ec1400000] [id=177016]
  0x000001c9d5bba970 GCTaskThread "GC Thread#9" [stack: 0x0000000ec1400000,0x0000000ec1500000] [id=177188]
  0x000001c9e7687040 ConcurrentGCThread "G1 Main Marker" [stack: 0x0000000ebf900000,0x0000000ebfa00000] [id=177216]
  0x000001c9e7688100 ConcurrentGCThread "G1 Conc#0" [stack: 0x0000000ebfa00000,0x0000000ebfb00000] [id=177232]
  0x000001c9ff5aa1b0 ConcurrentGCThread "G1 Refine#0" [stack: 0x0000000ebfb00000,0x0000000ebfc00000] [id=177036]
  0x000001c9ff5ac710 ConcurrentGCThread "G1 Service" [stack: 0x0000000ebfc00000,0x0000000ebfd00000] [id=177580]

Threads with active compile tasks:
C2 CompilerThread0     2509 3130       4       java.lang.String::indexOf (113 bytes)
C1 CompilerThread0     2509 3137       1       org.eclipse.aether.graph.Dependency::getArtifact (5 bytes)
C2 CompilerThread1     2509 3131       4       java.lang.String::indexOf (18 bytes)
C2 CompilerThread2     2509 2968       4       org.apache.maven.model.validation.DefaultModelValidator::validateId (120 bytes)

VM state: not at safepoint (normal execution)

VM Mutex/Monitor currently owned by a thread: None

Heap address: 0x0000000602000000, size: 8160 MB, Compressed Oops mode: Zero based, Oop shift amount: 3

CDS archive(s) mapped at: [0x000001c994000000-0x000001c994bd0000-0x000001c994bd0000), size 12386304, SharedBaseAddress: 0x000001c994000000, ArchiveRelocationMode: 1.
Compressed class space mapped at: 0x000001c995000000-0x000001c9d5000000, reserved size: 1073741824
Narrow klass base: 0x000001c994000000, Narrow klass shift: 0, Narrow klass range: 0x100000000

GC Precious Log:
 CPUs: 12 total, 12 available
 Memory: 32635M
 Large Page Support: Disabled
 NUMA Support: Disabled
 Compressed Oops: Enabled (Zero based)
 Heap Region Size: 4M
 Heap Min Capacity: 8M
 Heap Initial Capacity: 512M
 Heap Max Capacity: 8160M
 Pre-touch: Disabled
 Parallel Workers: 10
 Concurrent Workers: 3
 Concurrent Refinement Workers: 10
 Periodic GC: Disabled

Heap:
 garbage-first heap   total 524288K, used 50142K [0x0000000602000000, 0x0000000800000000)
  region size 4096K, 13 young (53248K), 1 survivors (4096K)
 Metaspace       used 15182K, committed 15360K, reserved 1114112K
  class space    used 1834K, committed 1920K, reserved 1048576K

Heap Regions: E=young(eden), S=young(survivor), O=old, HS=humongous(starts), HC=humongous(continues), CS=collection set, F=free, OA=open archive, CA=closed archive, TAMS=top-at-mark-start (previous, next)
|   0|0x0000000602000000, 0x000000060238f400, 0x0000000602400000| 88%| O|  |TAMS 0x0000000602000000, 0x0000000602000000| Untracked 
|   1|0x0000000602400000, 0x0000000602400000, 0x0000000602800000|  0%| F|  |TAMS 0x0000000602400000, 0x0000000602400000| Untracked 
|   2|0x0000000602800000, 0x0000000602800000, 0x0000000602c00000|  0%| F|  |TAMS 0x0000000602800000, 0x0000000602800000| Untracked 
|   3|0x0000000602c00000, 0x0000000602c00000, 0x0000000603000000|  0%| F|  |TAMS 0x0000000602c00000, 0x0000000602c00000| Untracked 
|   4|0x0000000603000000, 0x0000000603000000, 0x0000000603400000|  0%| F|  |TAMS 0x0000000603000000, 0x0000000603000000| Untracked 
|   5|0x0000000603400000, 0x0000000603400000, 0x0000000603800000|  0%| F|  |TAMS 0x0000000603400000, 0x0000000603400000| Untracked 
|   6|0x0000000603800000, 0x0000000603800000, 0x0000000603c00000|  0%| F|  |TAMS 0x0000000603800000, 0x0000000603800000| Untracked 
|   7|0x0000000603c00000, 0x0000000603c00000, 0x0000000604000000|  0%| F|  |TAMS 0x0000000603c00000, 0x0000000603c00000| Untracked 
|   8|0x0000000604000000, 0x0000000604000000, 0x0000000604400000|  0%| F|  |TAMS 0x0000000604000000, 0x0000000604000000| Untracked 
|   9|0x0000000604400000, 0x0000000604400000, 0x0000000604800000|  0%| F|  |TAMS 0x0000000604400000, 0x0000000604400000| Untracked 
|  10|0x0000000604800000, 0x0000000604800000, 0x0000000604c00000|  0%| F|  |TAMS 0x0000000604800000, 0x0000000604800000| Untracked 
|  11|0x0000000604c00000, 0x0000000604c00000, 0x0000000605000000|  0%| F|  |TAMS 0x0000000604c00000, 0x0000000604c00000| Untracked 
|  12|0x0000000605000000, 0x0000000605000000, 0x0000000605400000|  0%| F|  |TAMS 0x0000000605000000, 0x0000000605000000| Untracked 
|  13|0x0000000605400000, 0x0000000605400000, 0x0000000605800000|  0%| F|  |TAMS 0x0000000605400000, 0x0000000605400000| Untracked 
|  14|0x0000000605800000, 0x0000000605800000, 0x0000000605c00000|  0%| F|  |TAMS 0x0000000605800000, 0x0000000605800000| Untracked 
|  15|0x0000000605c00000, 0x0000000605c00000, 0x0000000606000000|  0%| F|  |TAMS 0x0000000605c00000, 0x0000000605c00000| Untracked 
|  16|0x0000000606000000, 0x0000000606000000, 0x0000000606400000|  0%| F|  |TAMS 0x0000000606000000, 0x0000000606000000| Untracked 
|  17|0x0000000606400000, 0x0000000606400000, 0x0000000606800000|  0%| F|  |TAMS 0x0000000606400000, 0x0000000606400000| Untracked 
|  18|0x0000000606800000, 0x0000000606800000, 0x0000000606c00000|  0%| F|  |TAMS 0x0000000606800000, 0x0000000606800000| Untracked 
|  19|0x0000000606c00000, 0x0000000606c00000, 0x0000000607000000|  0%| F|  |TAMS 0x0000000606c00000, 0x0000000606c00000| Untracked 
|  20|0x0000000607000000, 0x0000000607000000, 0x0000000607400000|  0%| F|  |TAMS 0x0000000607000000, 0x0000000607000000| Untracked 
|  21|0x0000000607400000, 0x0000000607400000, 0x0000000607800000|  0%| F|  |TAMS 0x0000000607400000, 0x0000000607400000| Untracked 
|  22|0x0000000607800000, 0x0000000607800000, 0x0000000607c00000|  0%| F|  |TAMS 0x0000000607800000, 0x0000000607800000| Untracked 
|  23|0x0000000607c00000, 0x0000000607c00000, 0x0000000608000000|  0%| F|  |TAMS 0x0000000607c00000, 0x0000000607c00000| Untracked 
|  24|0x0000000608000000, 0x0000000608000000, 0x0000000608400000|  0%| F|  |TAMS 0x0000000608000000, 0x0000000608000000| Untracked 
|  25|0x0000000608400000, 0x0000000608400000, 0x0000000608800000|  0%| F|  |TAMS 0x0000000608400000, 0x0000000608400000| Untracked 
|  26|0x0000000608800000, 0x0000000608800000, 0x0000000608c00000|  0%| F|  |TAMS 0x0000000608800000, 0x0000000608800000| Untracked 
|  27|0x0000000608c00000, 0x0000000608c00000, 0x0000000609000000|  0%| F|  |TAMS 0x0000000608c00000, 0x0000000608c00000| Untracked 
|  28|0x0000000609000000, 0x0000000609000000, 0x0000000609400000|  0%| F|  |TAMS 0x0000000609000000, 0x0000000609000000| Untracked 
|  29|0x0000000609400000, 0x0000000609400000, 0x0000000609800000|  0%| F|  |TAMS 0x0000000609400000, 0x0000000609400000| Untracked 
|  30|0x0000000609800000, 0x0000000609800000, 0x0000000609c00000|  0%| F|  |TAMS 0x0000000609800000, 0x0000000609800000| Untracked 
|  31|0x0000000609c00000, 0x0000000609c00000, 0x000000060a000000|  0%| F|  |TAMS 0x0000000609c00000, 0x0000000609c00000| Untracked 
|  32|0x000000060a000000, 0x000000060a000000, 0x000000060a400000|  0%| F|  |TAMS 0x000000060a000000, 0x000000060a000000| Untracked 
|  33|0x000000060a400000, 0x000000060a400000, 0x000000060a800000|  0%| F|  |TAMS 0x000000060a400000, 0x000000060a400000| Untracked 
|  34|0x000000060a800000, 0x000000060a800000, 0x000000060ac00000|  0%| F|  |TAMS 0x000000060a800000, 0x000000060a800000| Untracked 
|  35|0x000000060ac00000, 0x000000060ac00000, 0x000000060b000000|  0%| F|  |TAMS 0x000000060ac00000, 0x000000060ac00000| Untracked 
|  36|0x000000060b000000, 0x000000060b000000, 0x000000060b400000|  0%| F|  |TAMS 0x000000060b000000, 0x000000060b000000| Untracked 
|  37|0x000000060b400000, 0x000000060b400000, 0x000000060b800000|  0%| F|  |TAMS 0x000000060b400000, 0x000000060b400000| Untracked 
|  38|0x000000060b800000, 0x000000060b800000, 0x000000060bc00000|  0%| F|  |TAMS 0x000000060b800000, 0x000000060b800000| Untracked 
|  39|0x000000060bc00000, 0x000000060bc00000, 0x000000060c000000|  0%| F|  |TAMS 0x000000060bc00000, 0x000000060bc00000| Untracked 
|  40|0x000000060c000000, 0x000000060c000000, 0x000000060c400000|  0%| F|  |TAMS 0x000000060c000000, 0x000000060c000000| Untracked 
|  41|0x000000060c400000, 0x000000060c400000, 0x000000060c800000|  0%| F|  |TAMS 0x000000060c400000, 0x000000060c400000| Untracked 
|  42|0x000000060c800000, 0x000000060c800000, 0x000000060cc00000|  0%| F|  |TAMS 0x000000060c800000, 0x000000060c800000| Untracked 
|  43|0x000000060cc00000, 0x000000060cc00000, 0x000000060d000000|  0%| F|  |TAMS 0x000000060cc00000, 0x000000060cc00000| Untracked 
|  44|0x000000060d000000, 0x000000060d000000, 0x000000060d400000|  0%| F|  |TAMS 0x000000060d000000, 0x000000060d000000| Untracked 
|  45|0x000000060d400000, 0x000000060d400000, 0x000000060d800000|  0%| F|  |TAMS 0x000000060d400000, 0x000000060d400000| Untracked 
|  46|0x000000060d800000, 0x000000060d800000, 0x000000060dc00000|  0%| F|  |TAMS 0x000000060d800000, 0x000000060d800000| Untracked 
|  47|0x000000060dc00000, 0x000000060dc00000, 0x000000060e000000|  0%| F|  |TAMS 0x000000060dc00000, 0x000000060dc00000| Untracked 
|  48|0x000000060e000000, 0x000000060e000000, 0x000000060e400000|  0%| F|  |TAMS 0x000000060e000000, 0x000000060e000000| Untracked 
|  49|0x000000060e400000, 0x000000060e400000, 0x000000060e800000|  0%| F|  |TAMS 0x000000060e400000, 0x000000060e400000| Untracked 
|  50|0x000000060e800000, 0x000000060e800000, 0x000000060ec00000|  0%| F|  |TAMS 0x000000060e800000, 0x000000060e800000| Untracked 
|  51|0x000000060ec00000, 0x000000060ec00000, 0x000000060f000000|  0%| F|  |TAMS 0x000000060ec00000, 0x000000060ec00000| Untracked 
|  52|0x000000060f000000, 0x000000060f000000, 0x000000060f400000|  0%| F|  |TAMS 0x000000060f000000, 0x000000060f000000| Untracked 
|  53|0x000000060f400000, 0x000000060f400000, 0x000000060f800000|  0%| F|  |TAMS 0x000000060f400000, 0x000000060f400000| Untracked 
|  54|0x000000060f800000, 0x000000060f800000, 0x000000060fc00000|  0%| F|  |TAMS 0x000000060f800000, 0x000000060f800000| Untracked 
|  55|0x000000060fc00000, 0x000000060fc00000, 0x0000000610000000|  0%| F|  |TAMS 0x000000060fc00000, 0x000000060fc00000| Untracked 
|  56|0x0000000610000000, 0x0000000610000000, 0x0000000610400000|  0%| F|  |TAMS 0x0000000610000000, 0x0000000610000000| Untracked 
|  57|0x0000000610400000, 0x0000000610400000, 0x0000000610800000|  0%| F|  |TAMS 0x0000000610400000, 0x0000000610400000| Untracked 
|  58|0x0000000610800000, 0x0000000610800000, 0x0000000610c00000|  0%| F|  |TAMS 0x0000000610800000, 0x0000000610800000| Untracked 
|  59|0x0000000610c00000, 0x0000000610c00000, 0x0000000611000000|  0%| F|  |TAMS 0x0000000610c00000, 0x0000000610c00000| Untracked 
|  60|0x0000000611000000, 0x0000000611000000, 0x0000000611400000|  0%| F|  |TAMS 0x0000000611000000, 0x0000000611000000| Untracked 
|  61|0x0000000611400000, 0x0000000611400000, 0x0000000611800000|  0%| F|  |TAMS 0x0000000611400000, 0x0000000611400000| Untracked 
|  62|0x0000000611800000, 0x0000000611800000, 0x0000000611c00000|  0%| F|  |TAMS 0x0000000611800000, 0x0000000611800000| Untracked 
|  63|0x0000000611c00000, 0x0000000611c00000, 0x0000000612000000|  0%| F|  |TAMS 0x0000000611c00000, 0x0000000611c00000| Untracked 
|  64|0x0000000612000000, 0x0000000612000000, 0x0000000612400000|  0%| F|  |TAMS 0x0000000612000000, 0x0000000612000000| Untracked 
|  65|0x0000000612400000, 0x0000000612400000, 0x0000000612800000|  0%| F|  |TAMS 0x0000000612400000, 0x0000000612400000| Untracked 
|  66|0x0000000612800000, 0x0000000612800000, 0x0000000612c00000|  0%| F|  |TAMS 0x0000000612800000, 0x0000000612800000| Untracked 
|  67|0x0000000612c00000, 0x0000000612c00000, 0x0000000613000000|  0%| F|  |TAMS 0x0000000612c00000, 0x0000000612c00000| Untracked 
|  68|0x0000000613000000, 0x0000000613000000, 0x0000000613400000|  0%| F|  |TAMS 0x0000000613000000, 0x0000000613000000| Untracked 
|  69|0x0000000613400000, 0x0000000613400000, 0x0000000613800000|  0%| F|  |TAMS 0x0000000613400000, 0x0000000613400000| Untracked 
|  70|0x0000000613800000, 0x0000000613800000, 0x0000000613c00000|  0%| F|  |TAMS 0x0000000613800000, 0x0000000613800000| Untracked 
|  71|0x0000000613c00000, 0x0000000613c00000, 0x0000000614000000|  0%| F|  |TAMS 0x0000000613c00000, 0x0000000613c00000| Untracked 
|  72|0x0000000614000000, 0x0000000614000000, 0x0000000614400000|  0%| F|  |TAMS 0x0000000614000000, 0x0000000614000000| Untracked 
|  73|0x0000000614400000, 0x0000000614400000, 0x0000000614800000|  0%| F|  |TAMS 0x0000000614400000, 0x0000000614400000| Untracked 
|  74|0x0000000614800000, 0x0000000614800000, 0x0000000614c00000|  0%| F|  |TAMS 0x0000000614800000, 0x0000000614800000| Untracked 
|  75|0x0000000614c00000, 0x0000000614c00000, 0x0000000615000000|  0%| F|  |TAMS 0x0000000614c00000, 0x0000000614c00000| Untracked 
|  76|0x0000000615000000, 0x0000000615000000, 0x0000000615400000|  0%| F|  |TAMS 0x0000000615000000, 0x0000000615000000| Untracked 
|  77|0x0000000615400000, 0x0000000615400000, 0x0000000615800000|  0%| F|  |TAMS 0x0000000615400000, 0x0000000615400000| Untracked 
|  78|0x0000000615800000, 0x0000000615800000, 0x0000000615c00000|  0%| F|  |TAMS 0x0000000615800000, 0x0000000615800000| Untracked 
|  79|0x0000000615c00000, 0x0000000615c00000, 0x0000000616000000|  0%| F|  |TAMS 0x0000000615c00000, 0x0000000615c00000| Untracked 
|  80|0x0000000616000000, 0x0000000616000000, 0x0000000616400000|  0%| F|  |TAMS 0x0000000616000000, 0x0000000616000000| Untracked 
|  81|0x0000000616400000, 0x0000000616400000, 0x0000000616800000|  0%| F|  |TAMS 0x0000000616400000, 0x0000000616400000| Untracked 
|  82|0x0000000616800000, 0x0000000616800000, 0x0000000616c00000|  0%| F|  |TAMS 0x0000000616800000, 0x0000000616800000| Untracked 
|  83|0x0000000616c00000, 0x0000000616c00000, 0x0000000617000000|  0%| F|  |TAMS 0x0000000616c00000, 0x0000000616c00000| Untracked 
|  84|0x0000000617000000, 0x0000000617000000, 0x0000000617400000|  0%| F|  |TAMS 0x0000000617000000, 0x0000000617000000| Untracked 
|  85|0x0000000617400000, 0x0000000617400000, 0x0000000617800000|  0%| F|  |TAMS 0x0000000617400000, 0x0000000617400000| Untracked 
|  86|0x0000000617800000, 0x0000000617800000, 0x0000000617c00000|  0%| F|  |TAMS 0x0000000617800000, 0x0000000617800000| Untracked 
|  87|0x0000000617c00000, 0x0000000617c00000, 0x0000000618000000|  0%| F|  |TAMS 0x0000000617c00000, 0x0000000617c00000| Untracked 
|  88|0x0000000618000000, 0x0000000618000000, 0x0000000618400000|  0%| F|  |TAMS 0x0000000618000000, 0x0000000618000000| Untracked 
|  89|0x0000000618400000, 0x0000000618400000, 0x0000000618800000|  0%| F|  |TAMS 0x0000000618400000, 0x0000000618400000| Untracked 
|  90|0x0000000618800000, 0x0000000618800000, 0x0000000618c00000|  0%| F|  |TAMS 0x0000000618800000, 0x0000000618800000| Untracked 
|  91|0x0000000618c00000, 0x0000000618c00000, 0x0000000619000000|  0%| F|  |TAMS 0x0000000618c00000, 0x0000000618c00000| Untracked 
|  92|0x0000000619000000, 0x0000000619000000, 0x0000000619400000|  0%| F|  |TAMS 0x0000000619000000, 0x0000000619000000| Untracked 
|  93|0x0000000619400000, 0x0000000619400000, 0x0000000619800000|  0%| F|  |TAMS 0x0000000619400000, 0x0000000619400000| Untracked 
|  94|0x0000000619800000, 0x0000000619800000, 0x0000000619c00000|  0%| F|  |TAMS 0x0000000619800000, 0x0000000619800000| Untracked 
|  95|0x0000000619c00000, 0x0000000619c00000, 0x000000061a000000|  0%| F|  |TAMS 0x0000000619c00000, 0x0000000619c00000| Untracked 
|  96|0x000000061a000000, 0x000000061a000000, 0x000000061a400000|  0%| F|  |TAMS 0x000000061a000000, 0x000000061a000000| Untracked 
|  97|0x000000061a400000, 0x000000061a400000, 0x000000061a800000|  0%| F|  |TAMS 0x000000061a400000, 0x000000061a400000| Untracked 
|  98|0x000000061a800000, 0x000000061a800000, 0x000000061ac00000|  0%| F|  |TAMS 0x000000061a800000, 0x000000061a800000| Untracked 
|  99|0x000000061ac00000, 0x000000061ac00000, 0x000000061b000000|  0%| F|  |TAMS 0x000000061ac00000, 0x000000061ac00000| Untracked 
| 100|0x000000061b000000, 0x000000061b000000, 0x000000061b400000|  0%| F|  |TAMS 0x000000061b000000, 0x000000061b000000| Untracked 
| 101|0x000000061b400000, 0x000000061b400000, 0x000000061b800000|  0%| F|  |TAMS 0x000000061b400000, 0x000000061b400000| Untracked 
| 102|0x000000061b800000, 0x000000061b800000, 0x000000061bc00000|  0%| F|  |TAMS 0x000000061b800000, 0x000000061b800000| Untracked 
| 103|0x000000061bc00000, 0x000000061bc00000, 0x000000061c000000|  0%| F|  |TAMS 0x000000061bc00000, 0x000000061bc00000| Untracked 
| 104|0x000000061c000000, 0x000000061c000000, 0x000000061c400000|  0%| F|  |TAMS 0x000000061c000000, 0x000000061c000000| Untracked 
| 105|0x000000061c400000, 0x000000061c400000, 0x000000061c800000|  0%| F|  |TAMS 0x000000061c400000, 0x000000061c400000| Untracked 
| 106|0x000000061c800000, 0x000000061c800000, 0x000000061cc00000|  0%| F|  |TAMS 0x000000061c800000, 0x000000061c800000| Untracked 
| 107|0x000000061cc00000, 0x000000061cc00000, 0x000000061d000000|  0%| F|  |TAMS 0x000000061cc00000, 0x000000061cc00000| Untracked 
| 108|0x000000061d000000, 0x000000061d000000, 0x000000061d400000|  0%| F|  |TAMS 0x000000061d000000, 0x000000061d000000| Untracked 
| 109|0x000000061d400000, 0x000000061d400000, 0x000000061d800000|  0%| F|  |TAMS 0x000000061d400000, 0x000000061d400000| Untracked 
| 110|0x000000061d800000, 0x000000061d800000, 0x000000061dc00000|  0%| F|  |TAMS 0x000000061d800000, 0x000000061d800000| Untracked 
| 111|0x000000061dc00000, 0x000000061dc00000, 0x000000061e000000|  0%| F|  |TAMS 0x000000061dc00000, 0x000000061dc00000| Untracked 
| 112|0x000000061e000000, 0x000000061e000000, 0x000000061e400000|  0%| F|  |TAMS 0x000000061e000000, 0x000000061e000000| Untracked 
| 113|0x000000061e400000, 0x000000061e400000, 0x000000061e800000|  0%| F|  |TAMS 0x000000061e400000, 0x000000061e400000| Untracked 
| 114|0x000000061e800000, 0x000000061e800000, 0x000000061ec00000|  0%| F|  |TAMS 0x000000061e800000, 0x000000061e800000| Untracked 
| 115|0x000000061ec00000, 0x000000061ee2f548, 0x000000061f000000| 54%| E|  |TAMS 0x000000061ec00000, 0x000000061ec00000| Complete 
| 116|0x000000061f000000, 0x000000061f400000, 0x000000061f400000|100%| E|CS|TAMS 0x000000061f000000, 0x000000061f000000| Complete 
| 117|0x000000061f400000, 0x000000061f800000, 0x000000061f800000|100%| E|CS|TAMS 0x000000061f400000, 0x000000061f400000| Complete 
| 118|0x000000061f800000, 0x000000061fc00000, 0x000000061fc00000|100%| E|CS|TAMS 0x000000061f800000, 0x000000061f800000| Complete 
| 119|0x000000061fc00000, 0x0000000620000000, 0x0000000620000000|100%| E|CS|TAMS 0x000000061fc00000, 0x000000061fc00000| Complete 
| 120|0x0000000620000000, 0x0000000620168678, 0x0000000620400000| 35%| S|CS|TAMS 0x0000000620000000, 0x0000000620000000| Complete 
| 121|0x0000000620400000, 0x0000000620800000, 0x0000000620800000|100%| E|CS|TAMS 0x0000000620400000, 0x0000000620400000| Complete 
| 122|0x0000000620800000, 0x0000000620c00000, 0x0000000620c00000|100%| E|CS|TAMS 0x0000000620800000, 0x0000000620800000| Complete 
| 123|0x0000000620c00000, 0x0000000621000000, 0x0000000621000000|100%| E|CS|TAMS 0x0000000620c00000, 0x0000000620c00000| Complete 
| 124|0x0000000621000000, 0x0000000621400000, 0x0000000621400000|100%| E|CS|TAMS 0x0000000621000000, 0x0000000621000000| Complete 
| 125|0x0000000621400000, 0x0000000621800000, 0x0000000621800000|100%| E|CS|TAMS 0x0000000621400000, 0x0000000621400000| Complete 
| 126|0x0000000621800000, 0x0000000621c00000, 0x0000000621c00000|100%| E|CS|TAMS 0x0000000621800000, 0x0000000621800000| Complete 
| 127|0x0000000621c00000, 0x0000000622000000, 0x0000000622000000|100%| E|CS|TAMS 0x0000000621c00000, 0x0000000621c00000| Complete 

Card table byte_map: [0x000001c980000000,0x000001c980ff0000] _byte_map_base: 0x000001c97cff0000

Marking Bits (Prev, Next): (CMBitMap*) 0x000001c9e7676810, (CMBitMap*) 0x000001c9e7676850
 Prev Bits: [0x000001c981fe0000, 0x000001c989f60000)
 Next Bits: [0x000001c989f60000, 0x000001c991ee0000)

Polling page: 0x000001c9e5510000

Metaspace:

Usage:
  Non-class:     13.04 MB used.
      Class:      1.79 MB used.
       Both:     14.83 MB used.

Virtual space:
  Non-class space:       64.00 MB reserved,      13.12 MB ( 21%) committed,  1 nodes.
      Class space:        1.00 GB reserved,       1.88 MB ( <1%) committed,  1 nodes.
             Both:        1.06 GB reserved,      15.00 MB (  1%) committed. 

Chunk freelists:
   Non-Class:  2.20 MB
       Class:  13.98 MB
        Both:  16.19 MB

MaxMetaspaceSize: unlimited
CompressedClassSpaceSize: 1.00 GB
Initial GC threshold: 21.00 MB
Current GC threshold: 21.00 MB
CDS: on
MetaspaceReclaimPolicy: balanced
 - commit_granule_bytes: 65536.
 - commit_granule_words: 8192.
 - virtual_space_node_default_size: 8388608.
 - enlarge_chunks_in_place: 1.
 - new_chunks_are_fully_committed: 0.
 - uncommit_free_chunks: 1.
 - use_allocation_guard: 0.
 - handle_deallocations: 1.


Internal statistics:

num_allocs_failed_limit: 0.
num_arena_births: 90.
num_arena_deaths: 0.
num_vsnodes_births: 2.
num_vsnodes_deaths: 0.
num_space_committed: 240.
num_space_uncommitted: 0.
num_chunks_returned_to_freelist: 0.
num_chunks_taken_from_freelist: 626.
num_chunk_merges: 0.
num_chunk_splits: 421.
num_chunks_enlarged: 338.
num_inconsistent_stats: 0.

CodeHeap 'non-profiled nmethods': size=120000Kb used=1401Kb max_used=1401Kb free=118598Kb
 bounds [0x000001c9f6950000, 0x000001c9f6bc0000, 0x000001c9fde80000]
CodeHeap 'profiled nmethods': size=120000Kb used=6517Kb max_used=6517Kb free=113482Kb
 bounds [0x000001c9eee80000, 0x000001c9ef4e0000, 0x000001c9f63b0000]
CodeHeap 'non-nmethods': size=5760Kb used=1174Kb max_used=1236Kb free=4585Kb
 bounds [0x000001c9f63b0000, 0x000001c9f6620000, 0x000001c9f6950000]
 total_blobs=3610 nmethods=3144 adapters=378
 compilation: enabled
              stopped_count=0, restarted_count=0
 full_count=0

Compilation events (20 events):
Event: 2.486 Thread 0x000001c9ff69c100 nmethod 3066 0x000001c9ef4bf690 code [0x000001c9ef4bf840, 0x000001c9ef4bf9f8]
Event: 2.486 Thread 0x000001c9ff69c100 3067       3       java.util.concurrent.locks.AbstractOwnableSynchronizer::<init> (5 bytes)
Event: 2.486 Thread 0x000001c9ff69c100 nmethod 3067 0x000001c9ef4bfb10 code [0x000001c9ef4bfca0, 0x000001c9ef4bfdf8]
Event: 2.486 Thread 0x000001c9ff69c100 3065       1       org.apache.maven.model.Parent::getGroupId (5 bytes)
Event: 2.486 Thread 0x000001c9ff69c100 nmethod 3065 0x000001c9f6aa3610 code [0x000001c9f6aa37a0, 0x000001c9f6aa3878]
Event: 2.487 Thread 0x000001c9ff69c100 3068       3       org.apache.maven.model.io.xpp3.MavenXpp3Reader::interpolatedTrimmed (16 bytes)
Event: 2.487 Thread 0x000001c9ff69c100 nmethod 3068 0x000001c9ef4bfe90 code [0x000001c9ef4c0040, 0x000001c9ef4c02c8]
Event: 2.487 Thread 0x000001c9ff69c100 3069       3       org.apache.maven.model.io.xpp3.MavenXpp3Reader$1::transform (2 bytes)
Event: 2.487 Thread 0x000001c9ff69c100 nmethod 3069 0x000001c9ef4c0490 code [0x000001c9ef4c0620, 0x000001c9ef4c0738]
Event: 2.487 Thread 0x000001c9ff69c100 3070       3       org.apache.maven.model.io.xpp3.MavenXpp3Reader::getTrimmedValue (11 bytes)
Event: 2.487 Thread 0x000001c9ff69c100 nmethod 3070 0x000001c9ef4c0810 code [0x000001c9ef4c09e0, 0x000001c9ef4c0d78]
Event: 2.487 Thread 0x000001c9ff69c100 3071       1       org.apache.maven.model.Developer::setId (6 bytes)
Event: 2.487 Thread 0x000001c9ff69c100 nmethod 3071 0x000001c9f6aa3910 code [0x000001c9f6aa3aa0, 0x000001c9f6aa3bb8]
Event: 2.487 Thread 0x000001c9ff69c100 3072       1       org.apache.maven.model.Contributor::setRoles (6 bytes)
Event: 2.487 Thread 0x000001c9ff69c100 nmethod 3072 0x000001c9f6aa3c10 code [0x000001c9f6aa3da0, 0x000001c9f6aa3eb8]
Event: 2.487 Thread 0x000001c9ff69c100 3073       1       org.apache.maven.model.Contributor::setEmail (6 bytes)
Event: 2.487 Thread 0x000001c9ff69c100 nmethod 3073 0x000001c9f6aa3f10 code [0x000001c9f6aa40a0, 0x000001c9f6aa41b8]
Event: 2.487 Thread 0x000001c9d53fd460 3074       4       org.codehaus.plexus.util.xml.pull.MXParser::nextImpl (1203 bytes)
Event: 2.488 Thread 0x000001c9ff69c100 3075   !   3       org.apache.maven.model.Developer::clone (51 bytes)
Event: 2.488 Thread 0x000001c9ff69c100 nmethod 3075 0x000001c9ef4c0e90 code [0x000001c9ef4c1100, 0x000001c9ef4c19c8]

GC Heap History (4 events):
Event: 0.858 GC heap before
{Heap before GC invocations=0 (full 0):
 garbage-first heap   total 524288K, used 24576K [0x0000000602000000, 0x0000000800000000)
  region size 4096K, 6 young (24576K), 0 survivors (0K)
 Metaspace       used 5548K, committed 5696K, reserved 1114112K
  class space    used 670K, committed 768K, reserved 1048576K
}
Event: 0.863 GC heap after
{Heap after GC invocations=1 (full 0):
 garbage-first heap   total 524288K, used 3967K [0x0000000602000000, 0x0000000800000000)
  region size 4096K, 1 young (4096K), 1 survivors (4096K)
 Metaspace       used 5548K, committed 5696K, reserved 1114112K
  class space    used 670K, committed 768K, reserved 1048576K
}
Event: 1.542 GC heap before
{Heap before GC invocations=1 (full 0):
 garbage-first heap   total 524288K, used 28543K [0x0000000602000000, 0x0000000800000000)
  region size 4096K, 7 young (28672K), 1 survivors (4096K)
 Metaspace       used 8861K, committed 9024K, reserved 1114112K
  class space    used 1072K, committed 1152K, reserved 1048576K
}
Event: 1.546 GC heap after
{Heap after GC invocations=2 (full 0):
 garbage-first heap   total 524288K, used 5086K [0x0000000602000000, 0x0000000800000000)
  region size 4096K, 1 young (4096K), 1 survivors (4096K)
 Metaspace       used 8861K, committed 9024K, reserved 1114112K
  class space    used 1072K, committed 1152K, reserved 1048576K
}

Deoptimization events (20 events):
Event: 2.394 Thread 0x000001c9e75c5ff0 Uncommon trap: trap_request=0xffffff45 fr.pc=0x000001c9f69ee7c8 relative=0x0000000000001888
Event: 2.394 Thread 0x000001c9e75c5ff0 Uncommon trap: reason=unstable_if action=reinterpret pc=0x000001c9f69ee7c8 method=java.lang.String.<init>([BIILjava/nio/charset/Charset;)V @ 110 c2
Event: 2.394 Thread 0x000001c9e75c5ff0 DEOPT PACKING pc=0x000001c9f69ee7c8 sp=0x0000000ebf7fdcb0
Event: 2.394 Thread 0x000001c9e75c5ff0 DEOPT UNPACKING pc=0x000001c9f64023a3 sp=0x0000000ebf7fdc98 mode 2
Event: 2.420 Thread 0x000001c9e75c5ff0 Uncommon trap: trap_request=0xffffff45 fr.pc=0x000001c9f6a8221c relative=0x000000000000009c
Event: 2.420 Thread 0x000001c9e75c5ff0 Uncommon trap: reason=unstable_if action=reinterpret pc=0x000001c9f6a8221c method=org.apache.maven.model.validation.DefaultModelValidator.isValidIdCharacter(C)Z @ 51 c2
Event: 2.420 Thread 0x000001c9e75c5ff0 DEOPT PACKING pc=0x000001c9f6a8221c sp=0x0000000ebf7fdf90
Event: 2.420 Thread 0x000001c9e75c5ff0 DEOPT UNPACKING pc=0x000001c9f64023a3 sp=0x0000000ebf7fdf18 mode 2
Event: 2.423 Thread 0x000001c9e75c5ff0 DEOPT PACKING pc=0x000001c9ef35d2fd sp=0x0000000ebf7fdda0
Event: 2.423 Thread 0x000001c9e75c5ff0 DEOPT UNPACKING pc=0x000001c9f6402b43 sp=0x0000000ebf7fd2c8 mode 0
Event: 2.425 Thread 0x000001c9e75c5ff0 DEOPT PACKING pc=0x000001c9ef35d31e sp=0x0000000ebf7fd9e0
Event: 2.425 Thread 0x000001c9e75c5ff0 DEOPT UNPACKING pc=0x000001c9f6402b43 sp=0x0000000ebf7fcef0 mode 0
Event: 2.481 Thread 0x000001c9e75c5ff0 Uncommon trap: trap_request=0xffffff45 fr.pc=0x000001c9f6a8ae50 relative=0x0000000000000050
Event: 2.481 Thread 0x000001c9e75c5ff0 Uncommon trap: reason=unstable_if action=reinterpret pc=0x000001c9f6a8ae50 method=org.codehaus.plexus.util.xml.pull.MXParser.isValidCodePoint(I)Z @ 15 c2
Event: 2.481 Thread 0x000001c9e75c5ff0 DEOPT PACKING pc=0x000001c9f6a8ae50 sp=0x0000000ebf7fd550
Event: 2.481 Thread 0x000001c9e75c5ff0 DEOPT UNPACKING pc=0x000001c9f64023a3 sp=0x0000000ebf7fd4e0 mode 2
Event: 2.484 Thread 0x000001c9e75c5ff0 Uncommon trap: trap_request=0xffffff45 fr.pc=0x000001c9f6a90018 relative=0x0000000000000cd8
Event: 2.484 Thread 0x000001c9e75c5ff0 Uncommon trap: reason=unstable_if action=reinterpret pc=0x000001c9f6a90018 method=org.codehaus.plexus.util.xml.pull.MXParser.nextImpl()I @ 310 c2
Event: 2.484 Thread 0x000001c9e75c5ff0 DEOPT PACKING pc=0x000001c9f6a90018 sp=0x0000000ebf7fd180
Event: 2.484 Thread 0x000001c9e75c5ff0 DEOPT UNPACKING pc=0x000001c9f64023a3 sp=0x0000000ebf7fd110 mode 2

Classes unloaded (0 events):
No events

Classes redefined (0 events):
No events

Internal exceptions (20 events):
Event: 0.595 Thread 0x000001c9e75c5ff0 Exception <a 'java/lang/NoSuchMethodError'{0x00000006211786b8}: 'void java.lang.invoke.DirectMethodHandle$Holder.invokeSpecial(java.lang.Object, java.lang.Object, java.lang.Object)'> (0x00000006211786b8) 
thrown [s\open\src\hotspot\share\interpreter\linkResolver.cpp, line 759]
Event: 0.637 Thread 0x000001c9e75c5ff0 Exception <a 'java/lang/NoSuchMethodError'{0x00000006212d05a8}: 'java.lang.Object java.lang.invoke.DirectMethodHandle$Holder.invokeInterface(java.lang.Object, java.lang.Object)'> (0x00000006212d05a8) 
thrown [s\open\src\hotspot\share\interpreter\linkResolver.cpp, line 759]
Event: 0.658 Thread 0x000001c9e75c5ff0 Exception <a 'java/lang/NoSuchMethodError'{0x0000000621376c98}: 'java.lang.Object java.lang.invoke.Invokers$Holder.invokeExact_MT(java.lang.Object, java.lang.Object, java.lang.Object, java.lang.Object, java.lang.Object, java.lang.Object)'> (0x0000000621376c98) 
thrown [s\open\src\hotspot\share\interpreter\linkResolver.cpp, line 759]
Event: 0.661 Thread 0x000001c9e75c5ff0 Exception <a 'java/lang/NoSuchMethodError'{0x0000000621388118}: 'int java.lang.invoke.DirectMethodHandle$Holder.invokeSpecialIFC(java.lang.Object, java.lang.Object, java.lang.Object, java.lang.Object, java.lang.Object)'> (0x0000000621388118) 
thrown [s\open\src\hotspot\share\interpreter\linkResolver.cpp, line 759]
Event: 0.719 Thread 0x000001c9e75c5ff0 Exception <a 'java/lang/NoSuchMethodError'{0x0000000620d22700}: 'java.lang.Object java.lang.invoke.DirectMethodHandle$Holder.newInvokeSpecial(java.lang.Object, java.lang.Object, java.lang.Object, java.lang.Object, java.lang.Object)'> (0x0000000620d22700) 
thrown [s\open\src\hotspot\share\interpreter\linkResolver.cpp, line 759]
Event: 0.762 Thread 0x000001c9e75c5ff0 Exception <a 'java/lang/NoSuchMethodError'{0x0000000620e238c8}: 'int java.lang.invoke.DirectMethodHandle$Holder.invokeStaticInit(java.lang.Object, java.lang.Object)'> (0x0000000620e238c8) 
thrown [s\open\src\hotspot\share\interpreter\linkResolver.cpp, line 759]
Event: 0.772 Thread 0x000001c9e75c5ff0 Exception <a 'java/lang/NoClassDefFoundError'{0x0000000620e5b238}: javax/enterprise/inject/Typed> (0x0000000620e5b238) 
thrown [s\open\src\hotspot\share\classfile\systemDictionary.cpp, line 245]
Event: 1.867 Thread 0x000001c9e75c5ff0 Exception <a 'java/lang/NoSuchMethodError'{0x000000062145e0a8}: 'void java.lang.invoke.DirectMethodHandle$Holder.invokeStaticInit(java.lang.Object, java.lang.Object, java.lang.Object)'> (0x000000062145e0a8) 
thrown [s\open\src\hotspot\share\interpreter\linkResolver.cpp, line 759]
Event: 1.873 Thread 0x000001c9e75c5ff0 Exception <a 'java/lang/ExceptionInInitializerError'{0x0000000621488e18}> (0x0000000621488e18) 
thrown [s\open\src\hotspot\share\oops\instanceKlass.cpp, line 1216]
Event: 1.910 Thread 0x000001c9e75c5ff0 Implicit null exception at 0x000001c9f69ca730 to 0x000001c9f69ca904
Event: 1.911 Thread 0x000001c9e75c5ff0 Exception <a 'java/lang/NoSuchMethodError'{0x0000000621597868}: 'java.lang.Object java.lang.invoke.Invokers$Holder.invokeExact_MT(java.lang.Object, int, java.lang.Object)'> (0x0000000621597868) 
thrown [s\open\src\hotspot\share\interpreter\linkResolver.cpp, line 759]
Event: 1.921 Thread 0x000001c9e75c5ff0 Exception <a 'java/lang/NoSuchMethodError'{0x000000062160c6c8}: 'int java.lang.invoke.DirectMethodHandle$Holder.invokeSpecial(java.lang.Object, java.lang.Object, java.lang.Object, java.lang.Object)'> (0x000000062160c6c8) 
thrown [s\open\src\hotspot\share\interpreter\linkResolver.cpp, line 759]
Event: 2.074 Thread 0x000001c9e75c5ff0 Exception <a 'java/lang/NoClassDefFoundError'{0x0000000620e206d8}: com/google/inject/servlet/ServletModuleTargetVisitor> (0x0000000620e206d8) 
thrown [s\open\src\hotspot\share\classfile\systemDictionary.cpp, line 245]
Event: 2.111 Thread 0x000001c9e75c5ff0 Exception <a 'java/lang/NoSuchMethodError'{0x0000000620fb2280}: 'void java.lang.invoke.DirectMethodHandle$Holder.invokeVirtual(java.lang.Object, java.lang.Object)'> (0x0000000620fb2280) 
thrown [s\open\src\hotspot\share\interpreter\linkResolver.cpp, line 759]
Event: 2.128 Thread 0x000001c9e75c5ff0 Exception <a 'java/lang/NoSuchMethodError'{0x000000062082a9e8}: 'java.lang.Object java.lang.invoke.DirectMethodHandle$Holder.invokeStaticInit(java.lang.Object, int, int, int, int)'> (0x000000062082a9e8) 
thrown [s\open\src\hotspot\share\interpreter\linkResolver.cpp, line 759]
Event: 2.204 Thread 0x000001c9e75c5ff0 Implicit null exception at 0x000001c9f6972772 to 0x000001c9f6972eec
Event: 2.204 Thread 0x000001c9e75c5ff0 Implicit null exception at 0x000001c9f6981772 to 0x000001c9f6981f18
Event: 2.236 Thread 0x000001c9e75c5ff0 Exception <a 'java/lang/NoSuchMethodError'{0x00000006206043f0}: 'void java.lang.invoke.DirectMethodHandle$Holder.invokeSpecial(java.lang.Object, java.lang.Object, java.lang.Object, java.lang.Object, java.lang.Object)'> (0x00000006206043f0) 
thrown [s\open\src\hotspot\share\interpreter\linkResolver.cpp, line 759]
Event: 2.238 Thread 0x000001c9e75c5ff0 Exception <a 'java/lang/NoSuchMethodError'{0x0000000620621878}: 'java.lang.Object java.lang.invoke.DirectMethodHandle$Holder.invokeVirtual(java.lang.Object, java.lang.Object, java.lang.Object)'> (0x0000000620621878) 
thrown [s\open\src\hotspot\share\interpreter\linkResolver.cpp, line 759]
Event: 2.240 Thread 0x000001c9e75c5ff0 Exception <a 'java/lang/NoSuchMethodError'{0x0000000620635280}: 'void java.lang.invoke.DirectMethodHandle$Holder.invokeSpecial(java.lang.Object, java.lang.Object, java.lang.Object, java.lang.Object, java.lang.Object, java.lang.Object)'> (0x0000000620635280) 
thrown [s\open\src\hotspot\share\interpreter\linkResolver.cpp, line 759]

VM Operations (20 events):
Event: 1.938 Executing VM operation: HandshakeAllThreads
Event: 1.938 Executing VM operation: HandshakeAllThreads done
Event: 1.980 Executing VM operation: HandshakeAllThreads
Event: 1.980 Executing VM operation: HandshakeAllThreads done
Event: 1.988 Executing VM operation: ICBufferFull
Event: 1.988 Executing VM operation: ICBufferFull done
Event: 2.059 Executing VM operation: HandshakeAllThreads
Event: 2.059 Executing VM operation: HandshakeAllThreads done
Event: 2.119 Executing VM operation: HandshakeAllThreads
Event: 2.119 Executing VM operation: HandshakeAllThreads done
Event: 2.139 Executing VM operation: HandshakeAllThreads
Event: 2.140 Executing VM operation: HandshakeAllThreads done
Event: 2.189 Executing VM operation: HandshakeAllThreads
Event: 2.189 Executing VM operation: HandshakeAllThreads done
Event: 2.189 Executing VM operation: HandshakeAllThreads
Event: 2.189 Executing VM operation: HandshakeAllThreads done
Event: 2.262 Executing VM operation: ICBufferFull
Event: 2.262 Executing VM operation: ICBufferFull done
Event: 2.458 Executing VM operation: ICBufferFull
Event: 2.458 Executing VM operation: ICBufferFull done

Events (20 events):
Event: 2.250 loading class sun/util/resources/LocaleData$CommonResourceBundleProvider
Event: 2.250 loading class sun/util/resources/LocaleData$LocaleDataResourceBundleProvider
Event: 2.250 loading class java/util/spi/ResourceBundleProvider
Event: 2.250 loading class java/util/spi/ResourceBundleProvider done
Event: 2.250 loading class sun/util/resources/LocaleData$LocaleDataResourceBundleProvider done
Event: 2.250 loading class sun/util/resources/LocaleData$CommonResourceBundleProvider done
Event: 2.250 loading class sun/util/resources/Bundles$2
Event: 2.250 loading class sun/util/resources/Bundles$2 done
Event: 2.321 loading class java/util/stream/Streams$RangeIntSpliterator
Event: 2.321 loading class java/util/stream/Streams$RangeIntSpliterator done
Event: 2.468 loading class java/util/stream/MatchOps$MatchKind
Event: 2.468 loading class java/util/stream/MatchOps$MatchKind done
Event: 2.468 loading class java/util/stream/MatchOps
Event: 2.468 loading class java/util/stream/MatchOps done
Event: 2.468 loading class java/util/stream/MatchOps$MatchOp
Event: 2.468 loading class java/util/stream/MatchOps$MatchOp done
Event: 2.468 loading class java/util/stream/MatchOps$BooleanTerminalSink
Event: 2.468 loading class java/util/stream/MatchOps$BooleanTerminalSink done
Event: 2.468 loading class java/util/stream/MatchOps$1MatchSink
Event: 2.468 loading class java/util/stream/MatchOps$1MatchSink done


Dynamic libraries:
0x00007ff610350000 - 0x00007ff610360000 	C:\Program Files\Java\jdk-17\bin\java.exe
0x00007ffb417b0000 - 0x00007ffb419c7000 	C:\Windows\SYSTEM32\ntdll.dll
0x00007ffb3f8f0000 - 0x00007ffb3f9b4000 	C:\Windows\System32\KERNEL32.DLL
0x00007ffb3ee40000 - 0x00007ffb3f1f7000 	C:\Windows\System32\KERNELBASE.dll
0x00007ffb3f2a0000 - 0x00007ffb3f3b1000 	C:\Windows\System32\ucrtbase.dll
0x00007ffb1c390000 - 0x00007ffb1c3ab000 	C:\Program Files\Java\jdk-17\bin\VCRUNTIME140.dll
0x00007ffb1c370000 - 0x00007ffb1c389000 	C:\Program Files\Java\jdk-17\bin\jli.dll
0x00007ffb40ac0000 - 0x00007ffb40b72000 	C:\Windows\System32\ADVAPI32.dll
0x00007ffb40e50000 - 0x00007ffb40ef7000 	C:\Windows\System32\msvcrt.dll
0x00007ffb40a00000 - 0x00007ffb40aa8000 	C:\Windows\System32\sechost.dll
0x00007ffb3eb80000 - 0x00007ffb3eba8000 	C:\Windows\System32\bcrypt.dll
0x00007ffb3f9c0000 - 0x00007ffb3fad4000 	C:\Windows\System32\RPCRT4.dll
0x00007ffb40ba0000 - 0x00007ffb40d4f000 	C:\Windows\System32\USER32.dll
0x00007ffb3f200000 - 0x00007ffb3f226000 	C:\Windows\System32\win32u.dll
0x00007ffb40340000 - 0x00007ffb40369000 	C:\Windows\System32\GDI32.dll
0x00007ffb3d8a0000 - 0x00007ffb3db33000 	C:\Windows\WinSxS\amd64_microsoft.windows.common-controls_6595b64144ccf1df_6.0.22621.3672_none_2713b9d173822955\COMCTL32.dll
0x00007ffb3f3c0000 - 0x00007ffb3f4d8000 	C:\Windows\System32\gdi32full.dll
0x00007ffb3eda0000 - 0x00007ffb3ee3a000 	C:\Windows\System32\msvcp_win.dll
0x00007ffb3e6e0000 - 0x00007ffb3e6ea000 	C:\Windows\SYSTEM32\VERSION.dll
0x00007ffb3f5d0000 - 0x00007ffb3f601000 	C:\Windows\System32\IMM32.DLL
0x00000000723f0000 - 0x00000000723fd000 	C:\Program Files (x86)\360\360Safe\safemon\SafeWrapper.dll
0x00007ffb3ab70000 - 0x00007ffb3ab7c000 	C:\Program Files\Java\jdk-17\bin\vcruntime140_1.dll
0x00007ffaeec50000 - 0x00007ffaeecde000 	C:\Program Files\Java\jdk-17\bin\msvcp140.dll
0x00007ffa82b30000 - 0x00007ffa83710000 	C:\Program Files\Java\jdk-17\bin\server\jvm.dll
0x00007ffb40450000 - 0x00007ffb40458000 	C:\Windows\System32\PSAPI.DLL
0x00007ffb3a8e0000 - 0x00007ffb3a8e9000 	C:\Windows\SYSTEM32\WSOCK32.dll
0x00007ffb37770000 - 0x00007ffb377a4000 	C:\Windows\SYSTEM32\WINMM.dll
0x00007ffb403d0000 - 0x00007ffb40441000 	C:\Windows\System32\ws2_32.DLL
0x00007ffb3d700000 - 0x00007ffb3d718000 	C:\Windows\SYSTEM32\kernel.appcore.dll
0x00007ffb31510000 - 0x00007ffb3151a000 	C:\Program Files\Java\jdk-17\bin\jimage.dll
0x00007ffb3e370000 - 0x00007ffb3e5a2000 	C:\Windows\SYSTEM32\DBGHELP.DLL
0x00007ffb3fae0000 - 0x00007ffb3fe6e000 	C:\Windows\System32\combase.dll
0x00007ffb3f4e0000 - 0x00007ffb3f5b7000 	C:\Windows\System32\OLEAUT32.dll
0x00007ffb3e030000 - 0x00007ffb3e062000 	C:\Windows\SYSTEM32\dbgcore.DLL
0x00007ffb3ed20000 - 0x00007ffb3ed9b000 	C:\Windows\System32\bcryptPrimitives.dll
0x00007ffb0ef00000 - 0x00007ffb0ef25000 	C:\Program Files\Java\jdk-17\bin\java.dll
0x00007ffadea80000 - 0x00007ffadeb57000 	C:\Program Files\Java\jdk-17\bin\jsvml.dll
0x00007ffb40f00000 - 0x00007ffb41769000 	C:\Windows\System32\SHELL32.dll
0x00007ffb3c220000 - 0x00007ffb3cb1f000 	C:\Windows\SYSTEM32\windows.storage.dll
0x00007ffb3c0e0000 - 0x00007ffb3c21f000 	C:\Windows\SYSTEM32\wintypes.dll
0x00007ffb40730000 - 0x00007ffb40829000 	C:\Windows\System32\SHCORE.dll
0x00007ffb40460000 - 0x00007ffb404be000 	C:\Windows\System32\shlwapi.dll
0x00007ffb3e9f0000 - 0x00007ffb3ea17000 	C:\Windows\SYSTEM32\profapi.dll
0x00007ffb0dce0000 - 0x00007ffb0dcf9000 	C:\Program Files\Java\jdk-17\bin\net.dll
0x00007ffb37570000 - 0x00007ffb376a6000 	C:\Windows\SYSTEM32\WINHTTP.dll
0x00007ffb3d7a0000 - 0x00007ffb3d809000 	C:\Windows\system32\mswsock.dll
0x00007ffb0dcc0000 - 0x00007ffb0dcd6000 	C:\Program Files\Java\jdk-17\bin\nio.dll
0x00007ffb0dca0000 - 0x00007ffb0dcb8000 	C:\Program Files\Java\jdk-17\bin\zip.dll
0x00007ffaeeb70000 - 0x00007ffaeeb94000 	C:\tools\apache-maven-3.9.9\lib\jansi-native\Windows\x86_64\jansi.dll
0x00007ffb2ea50000 - 0x00007ffb2ea60000 	C:\Program Files\Java\jdk-17\bin\verify.dll

dbghelp: loaded successfully - version: 4.0.5 - missing functions: none
symbol engine: initialized successfully - sym options: 0x614 - pdb path: .;C:\Program Files\Java\jdk-17\bin;C:\Windows\SYSTEM32;C:\Windows\WinSxS\amd64_microsoft.windows.common-controls_6595b64144ccf1df_6.0.22621.3672_none_2713b9d173822955;C:\Program Files (x86)\360\360Safe\safemon;C:\Program Files\Java\jdk-17\bin\server;C:\tools\apache-maven-3.9.9\lib\jansi-native\Windows\x86_64

VM Arguments:
jvm_args: -Dclassworlds.conf=C:\tools\apache-maven-3.9.9\bin\m2.conf -Dmaven.home=C:\tools\apache-maven-3.9.9 -Dlibrary.jansi.path=C:\tools\apache-maven-3.9.9\lib\jansi-native -Dmaven.multiModuleProjectDirectory=C:\Users\Administrator\.openclaw\workspace\projects\龙虾道具交易平台\code\lobster-trade-server 
java_command: org.codehaus.plexus.classworlds.launcher.Launcher package -DskipTests -q
java_class_path (initial): C:\tools\apache-maven-3.9.9\boot\plexus-classworlds-2.8.0.jar
Launcher Type: SUN_STANDARD

[Global flags]
     intx CICompilerCount                          = 4                                         {product} {ergonomic}
     uint ConcGCThreads                            = 3                                         {product} {ergonomic}
     uint G1ConcRefinementThreads                  = 10                                        {product} {ergonomic}
   size_t G1HeapRegionSize                         = 4194304                                   {product} {ergonomic}
    uintx GCDrainStackTargetSize                   = 64                                        {product} {ergonomic}
   size_t InitialHeapSize                          = 536870912                                 {product} {ergonomic}
   size_t MarkStackSize                            = 4194304                                   {product} {ergonomic}
   size_t MaxHeapSize                              = 8556380160                                {product} {ergonomic}
   size_t MaxNewSize                               = 5133828096                                {product} {ergonomic}
   size_t MinHeapDeltaBytes                        = 4194304                                   {product} {ergonomic}
   size_t MinHeapSize                              = 8388608                                   {product} {ergonomic}
    uintx NonNMethodCodeHeapSize                   = 5839372                                {pd product} {ergonomic}
    uintx NonProfiledCodeHeapSize                  = 122909434                              {pd product} {ergonomic}
    uintx ProfiledCodeHeapSize                     = 122909434                              {pd product} {ergonomic}
    uintx ReservedCodeCacheSize                    = 251658240                              {pd product} {ergonomic}
     bool SegmentedCodeCache                       = true                                      {product} {ergonomic}
   size_t SoftMaxHeapSize                          = 8556380160                             {manageable} {ergonomic}
     bool UseCompressedClassPointers               = true                           {product lp64_product} {ergonomic}
     bool UseCompressedOops                        = true                           {product lp64_product} {ergonomic}
     bool UseG1GC                                  = true                                      {product} {ergonomic}
     bool UseLargePagesIndividualAllocation        = false                                  {pd product} {ergonomic}

Logging:
Log output configuration:
 #0: stdout all=warning uptime,level,tags
 #1: stderr all=off uptime,level,tags

Environment Variables:
JAVA_HOME=C:\Program Files\Java\jdk-17
PATH=C:\tools\apache-maven-3.9.9\bin;C:\Program Files\Java\jdk-17\bin;C:\Windows\System32
USERNAME=Administrator
OS=Windows_NT
PROCESSOR_IDENTIFIER=Intel64 Family 6 Model 165 Stepping 3, GenuineIntel



---------------  S Y S T E M  ---------------

OS:
 Windows 11 , 64 bit Build 22621 (10.0.22621.3958)
OS uptime: 6 days 0:38 hours

CPU: total 12 (initial active 12) (6 cores per cpu, 2 threads per core) family 6 model 165 stepping 3 microcode 0xea, cx8, cmov, fxsr, ht, mmx, 3dnowpref, sse, sse2, sse3, ssse3, sse4.1, sse4.2, popcnt, lzcnt, tsc, tscinvbit, avx, avx2, aes, erms, clmul, bmi1, bmi2, adx, fma, vzeroupper, clflush, clflushopt

Memory: 4k page, system-wide physical 32635M (5029M free)
TotalPageFile size 45435M (AvailPageFile size 5M)
current process WorkingSet (physical memory assigned to process): 138M, peak: 138M
current process commit charge ("private bytes"): 660M, peak: 660M

vm_info: Java HotSpot(TM) 64-Bit Server VM (17.0.12+8-LTS-286) for windows-amd64 JRE (17.0.12+8-LTS-286), built on Jun  5 2024 06:46:59 by "mach5one" with MS VC++ 17.6 (VS2022)

END.
