#
# There is insufficient memory for the Java Runtime Environment to continue.
# Native memory allocation (mmap) failed to map 534773760 bytes for G1 virtual space
# Possible reasons:
#   The system is out of physical RAM or swap space
#   The process is running with CompressedOops enabled, and the Java Heap may be blocking the growth of the native heap
# Possible solutions:
#   Reduce memory load on the system
#   Increase physical memory or swap space
#   Check if swap backing store is full
#   Decrease Java heap size (-Xmx/-Xms)
#   Decrease number of Java threads
#   Decrease Java thread stack sizes (-Xss)
#   Set larger code cache with -XX:ReservedCodeCacheSize=
#   JVM is running with Unscaled Compressed Oops mode in which the Java heap is
#     placed in the first 4GB address space. The Java Heap base address is the
#     maximum limit for the native heap growth. Please use -XX:HeapBaseMinAddress
#     to set the Java Heap base and to place the Java Heap above 4GB virtual address.
# This output file may be truncated or incomplete.
#
#  Out of Memory Error (os_windows.cpp:3548), pid=177472, tid=174280
#
# JRE version:  (17.0.12+8) (build )
# Java VM: Java HotSpot(TM) 64-Bit Server VM (17.0.12+8-LTS-286, mixed mode, sharing, tiered, compressed oops, compressed class ptrs, g1 gc, windows-amd64)
# No core dump will be written. Minidumps are not enabled by default on client versions of Windows
#

---------------  S U M M A R Y ------------

Command Line: -Xmx512m -Dclassworlds.conf=C:\tools\apache-maven-3.9.9\bin\m2.conf -Dmaven.home=C:\tools\apache-maven-3.9.9 -Dlibrary.jansi.path=C:\tools\apache-maven-3.9.9\lib\jansi-native -Dmaven.multiModuleProjectDirectory=C:\Users\Administrator\.openclaw\workspace\projects\龙虾道具交易平台\code\lobster-trade-server org.codehaus.plexus.classworlds.launcher.Launcher package -DskipTests

Host: Intel(R) Core(TM) i5-10400F CPU @ 2.90GHz, 12 cores, 31G,  Windows 11 , 64 bit Build 22621 (10.0.22621.3958)
Time: Wed Apr 22 12:12:31 2026  Windows 11 , 64 bit Build 22621 (10.0.22621.3958) elapsed time: 0.010852 seconds (0d 0h 0m 0s)

---------------  T H R E A D  ---------------

Current thread (0x000001c3488884a0):  JavaThread "Unknown thread" [_thread_in_vm, id=174280, stack(0x00000084cba00000,0x00000084cbb00000)]

Stack: [0x00000084cba00000,0x00000084cbb00000]
Native frames: (J=compiled Java code, j=interpreted, Vv=VM code, C=native code)
V  [jvm.dll+0x67a04a]
V  [jvm.dll+0x7da4ed]
V  [jvm.dll+0x7dbe33]
V  [jvm.dll+0x7dc4a3]
V  [jvm.dll+0x24508f]
V  [jvm.dll+0x677089]
V  [jvm.dll+0x66bd32]
V  [jvm.dll+0x301fa6]
V  [jvm.dll+0x309546]
V  [jvm.dll+0x359d2e]
V  [jvm.dll+0x359f5f]
V  [jvm.dll+0x2d9078]
V  [jvm.dll+0x2d9fe4]
V  [jvm.dll+0x7aca21]
V  [jvm.dll+0x367591]
V  [jvm.dll+0x78b999]
V  [jvm.dll+0x3ec83f]
V  [jvm.dll+0x3ee471]
C  [jli.dll+0x5297]
C  [ucrtbase.dll+0x29333]
C  [KERNEL32.DLL+0x1257d]
C  [ntdll.dll+0x5af08]


---------------  P R O C E S S  ---------------

Threads class SMR info:
_java_thread_list=0x00007ffa835e7a18, length=0, elements={
}

Java Threads: ( => current thread )

Other Threads:
  0x000001c3488b6b80 GCTaskThread "GC Thread#0" [stack: 0x00000084cbb00000,0x00000084cbc00000] [id=173300]
  0x000001c3488bc9f0 ConcurrentGCThread "G1 Main Marker" [stack: 0x00000084cbc00000,0x00000084cbd00000] [id=177412]
  0x000001c3488beac0 ConcurrentGCThread "G1 Conc#0" [stack: 0x00000084cbd00000,0x00000084cbe00000] [id=177384]

[error occurred during error reporting (printing all threads), id 0xc0000005, EXCEPTION_ACCESS_VIOLATION (0xc0000005) at pc=0x00007ffa82e19b67]

VM state: not at safepoint (not fully initialized)

VM Mutex/Monitor currently owned by a thread:  ([mutex/lock_event])
[0x000001c348884a20] Heap_lock - owner thread: 0x000001c3488884a0

Heap address: 0x00000000e0000000, size: 512 MB, Compressed Oops mode: 32-bit

CDS archive(s) mapped at: [0x0000000000000000-0x0000000000000000-0x0000000000000000), size 0, SharedBaseAddress: 0x0000000800000000, ArchiveRelocationMode: 1.
Narrow klass base: 0x0000000000000000, Narrow klass shift: 0, Narrow klass range: 0x0

GC Precious Log:
<Empty>

Heap:
 garbage-first heap   total 0K, used 0K [0x00000000e0000000, 0x0000000100000000)
  region size 1024K, 0 young (0K), 0 survivors (0K)

[error occurred during error reporting (printing heap information), id 0xc0000005, EXCEPTION_ACCESS_VIOLATION (0xc0000005) at pc=0x00007ffa83203859]

GC Heap History (0 events):
No events

Deoptimization events (0 events):
No events

Classes unloaded (0 events):
No events

Classes redefined (0 events):
No events

Internal exceptions (0 events):
No events

VM Operations (0 events):
No events

Events (1 events):
Event: 0.008 Loaded shared library C:\Program Files\Java\jdk-17\bin\java.dll


Dynamic libraries:
0x00007ff610350000 - 0x00007ff610360000 	C:\Program Files\Java\jdk-17\bin\java.exe
0x00007ffb417b0000 - 0x00007ffb419c7000 	C:\Windows\SYSTEM32\ntdll.dll
0x00007ffb3f8f0000 - 0x00007ffb3f9b4000 	C:\Windows\System32\KERNEL32.DLL
0x00007ffb3ee40000 - 0x00007ffb3f1f7000 	C:\Windows\System32\KERNELBASE.dll
0x00007ffb3f2a0000 - 0x00007ffb3f3b1000 	C:\Windows\System32\ucrtbase.dll
0x00007ffb1c370000 - 0x00007ffb1c389000 	C:\Program Files\Java\jdk-17\bin\jli.dll
0x00007ffb1c390000 - 0x00007ffb1c3ab000 	C:\Program Files\Java\jdk-17\bin\VCRUNTIME140.dll
0x00007ffb40ac0000 - 0x00007ffb40b72000 	C:\Windows\System32\ADVAPI32.dll
0x00007ffb40e50000 - 0x00007ffb40ef7000 	C:\Windows\System32\msvcrt.dll
0x00007ffb40a00000 - 0x00007ffb40aa8000 	C:\Windows\System32\sechost.dll
0x00007ffb3eb80000 - 0x00007ffb3eba8000 	C:\Windows\System32\bcrypt.dll
0x00007ffb3f9c0000 - 0x00007ffb3fad4000 	C:\Windows\System32\RPCRT4.dll
0x00007ffb40ba0000 - 0x00007ffb40d4f000 	C:\Windows\System32\USER32.dll
0x00007ffb3f200000 - 0x00007ffb3f226000 	C:\Windows\System32\win32u.dll
0x00007ffb40340000 - 0x00007ffb40369000 	C:\Windows\System32\GDI32.dll
0x00007ffb3d8a0000 - 0x00007ffb3db33000 	C:\Windows\WinSxS\amd64_microsoft.windows.common-controls_6595b64144ccf1df_6.0.22621.3672_none_2713b9d173822955\COMCTL32.dll
0x00007ffb3f3c0000 - 0x00007ffb3f4d8000 	C:\Windows\System32\gdi32full.dll
0x00007ffb3eda0000 - 0x00007ffb3ee3a000 	C:\Windows\System32\msvcp_win.dll
0x00007ffb3e6e0000 - 0x00007ffb3e6ea000 	C:\Windows\SYSTEM32\VERSION.dll
0x00007ffb3f5d0000 - 0x00007ffb3f601000 	C:\Windows\System32\IMM32.DLL
0x00000000723f0000 - 0x00000000723fd000 	C:\Program Files (x86)\360\360Safe\safemon\SafeWrapper.dll
0x00007ffb3ab70000 - 0x00007ffb3ab7c000 	C:\Program Files\Java\jdk-17\bin\vcruntime140_1.dll
0x00007ffaeec50000 - 0x00007ffaeecde000 	C:\Program Files\Java\jdk-17\bin\msvcp140.dll
0x00007ffa82b30000 - 0x00007ffa83710000 	C:\Program Files\Java\jdk-17\bin\server\jvm.dll
0x00007ffb40450000 - 0x00007ffb40458000 	C:\Windows\System32\PSAPI.DLL
0x00007ffb37770000 - 0x00007ffb377a4000 	C:\Windows\SYSTEM32\WINMM.dll
0x00007ffb3a8e0000 - 0x00007ffb3a8e9000 	C:\Windows\SYSTEM32\WSOCK32.dll
0x00007ffb403d0000 - 0x00007ffb40441000 	C:\Windows\System32\WS2_32.dll
0x00007ffb3d700000 - 0x00007ffb3d718000 	C:\Windows\SYSTEM32\kernel.appcore.dll
0x00007ffb31510000 - 0x00007ffb3151a000 	C:\Program Files\Java\jdk-17\bin\jimage.dll
0x00007ffb3e370000 - 0x00007ffb3e5a2000 	C:\Windows\SYSTEM32\DBGHELP.DLL
0x00007ffb3fae0000 - 0x00007ffb3fe6e000 	C:\Windows\System32\combase.dll
0x00007ffb3f4e0000 - 0x00007ffb3f5b7000 	C:\Windows\System32\OLEAUT32.dll
0x00007ffb3e030000 - 0x00007ffb3e062000 	C:\Windows\SYSTEM32\dbgcore.DLL
0x00007ffb3ed20000 - 0x00007ffb3ed9b000 	C:\Windows\System32\bcryptPrimitives.dll
0x00007ffb0ef00000 - 0x00007ffb0ef25000 	C:\Program Files\Java\jdk-17\bin\java.dll

dbghelp: loaded successfully - version: 4.0.5 - missing functions: none
symbol engine: initialized successfully - sym options: 0x614 - pdb path: .;C:\Program Files\Java\jdk-17\bin;C:\Windows\SYSTEM32;C:\Windows\WinSxS\amd64_microsoft.windows.common-controls_6595b64144ccf1df_6.0.22621.3672_none_2713b9d173822955;C:\Program Files (x86)\360\360Safe\safemon;C:\Program Files\Java\jdk-17\bin\server

VM Arguments:
jvm_args: -Xmx512m -Dclassworlds.conf=C:\tools\apache-maven-3.9.9\bin\m2.conf -Dmaven.home=C:\tools\apache-maven-3.9.9 -Dlibrary.jansi.path=C:\tools\apache-maven-3.9.9\lib\jansi-native -Dmaven.multiModuleProjectDirectory=C:\Users\Administrator\.openclaw\workspace\projects\龙虾道具交易平台\code\lobster-trade-server 
java_command: org.codehaus.plexus.classworlds.launcher.Launcher package -DskipTests
java_class_path (initial): C:\tools\apache-maven-3.9.9\boot\plexus-classworlds-2.8.0.jar
Launcher Type: SUN_STANDARD

[Global flags]
     intx CICompilerCount                          = 4                                         {product} {ergonomic}
     uint ConcGCThreads                            = 3                                         {product} {ergonomic}
     uint G1ConcRefinementThreads                  = 10                                        {product} {ergonomic}
   size_t G1HeapRegionSize                         = 1048576                                   {product} {ergonomic}
    uintx GCDrainStackTargetSize                   = 64                                        {product} {ergonomic}
   size_t InitialHeapSize                          = 534773760                                 {product} {ergonomic}
   size_t MarkStackSize                            = 4194304                                   {product} {ergonomic}
   size_t MaxHeapSize                              = 536870912                                 {product} {command line}
   size_t MinHeapDeltaBytes                        = 1048576                                   {product} {ergonomic}
   size_t MinHeapSize                              = 8388608                                   {product} {ergonomic}
    uintx NonNMethodCodeHeapSize                   = 5839372                                {pd product} {ergonomic}
    uintx NonProfiledCodeHeapSize                  = 122909434                              {pd product} {ergonomic}
    uintx ProfiledCodeHeapSize                     = 122909434                              {pd product} {ergonomic}
    uintx ReservedCodeCacheSize                    = 251658240                              {pd product} {ergonomic}
     bool SegmentedCodeCache                       = true                                      {product} {ergonomic}
   size_t SoftMaxHeapSize                          = 536870912                              {manageable} {ergonomic}
     bool UseCompressedClassPointers               = true                           {product lp64_product} {ergonomic}
     bool UseCompressedOops                        = true                           {product lp64_product} {ergonomic}
     bool UseG1GC                                  = true                                      {product} {ergonomic}
     bool UseLargePagesIndividualAllocation        = false                                  {pd product} {ergonomic}

Logging:
Log output configuration:
 #0: stdout all=warning uptime,level,tags
 #1: stderr all=off uptime,level,tags

Environment Variables:
JAVA_HOME=C:\Program Files\Java\jdk-17
PATH=C:\tools\apache-maven-3.9.9\bin;C:\Program Files\Java\jdk-17\bin;C:\Windows\System32
USERNAME=Administrator
OS=Windows_NT
PROCESSOR_IDENTIFIER=Intel64 Family 6 Model 165 Stepping 3, GenuineIntel



---------------  S Y S T E M  ---------------

OS:
 Windows 11 , 64 bit Build 22621 (10.0.22621.3958)
OS uptime: 6 days 0:39 hours

CPU: total 12 (initial active 12) (6 cores per cpu, 2 threads per core) family 6 model 165 stepping 3 microcode 0xea, cx8, cmov, fxsr, ht, mmx, 3dnowpref, sse, sse2, sse3, ssse3, sse4.1, sse4.2, popcnt, lzcnt, tsc, tscinvbit, avx, avx2, aes, erms, clmul, bmi1, bmi2, adx, fma, vzeroupper, clflush, clflushopt

Memory: 4k page, system-wide physical 32635M (5080M free)
TotalPageFile size 45435M (AvailPageFile size 503M)
current process WorkingSet (physical memory assigned to process): 11M, peak: 11M
current process commit charge ("private bytes"): 63M, peak: 573M

vm_info: Java HotSpot(TM) 64-Bit Server VM (17.0.12+8-LTS-286) for windows-amd64 JRE (17.0.12+8-LTS-286), built on Jun  5 2024 06:46:59 by "mach5one" with MS VC++ 17.6 (VS2022)

END.
