#
# There is insufficient memory for the Java Runtime Environment to continue.
# Native memory allocation (malloc) failed to allocate 1764592 bytes for Chunk::new
# Possible reasons:
#   The system is out of physical RAM or swap space
#   The process is running with CompressedOops enabled, and the Java Heap may be blocking the growth of the native heap
# Possible solutions:
#   Reduce memory load on the system
#   Increase physical memory or swap space
#   Check if swap backing store is full
#   Decrease Java heap size (-Xmx/-Xms)
#   Decrease number of Java threads
#   Decrease Java thread stack sizes (-Xss)
#   Set larger code cache with -XX:ReservedCodeCacheSize=
#   JVM is running with Zero Based Compressed Oops mode in which the Java heap is
#     placed in the first 32GB address space. The Java Heap base address is the
#     maximum limit for the native heap growth. Please use -XX:HeapBaseMinAddress
#     to set the Java Heap base and to place the Java Heap above 32GB virtual address.
# This output file may be truncated or incomplete.
#
#  Out of Memory Error (arena.cpp:189), pid=178556, tid=177360
#
# JRE version: Java(TM) SE Runtime Environment (17.0.12+8) (build 17.0.12+8-LTS-286)
# Java VM: Java HotSpot(TM) 64-Bit Server VM (17.0.12+8-LTS-286, mixed mode, sharing, tiered, compressed oops, compressed class ptrs, g1 gc, windows-amd64)
# No core dump will be written. Minidumps are not enabled by default on client versions of Windows
#

---------------  S U M M A R Y ------------

Command Line: -Dclassworlds.conf=C:\tools\apache-maven-3.9.9\bin\m2.conf -Dmaven.home=C:\tools\apache-maven-3.9.9 -Dlibrary.jansi.path=C:\tools\apache-maven-3.9.9\lib\jansi-native -Dmaven.multiModuleProjectDirectory=C:\Users\Administrator\.openclaw\workspace\projects\龙虾道具交易平台\code\lobster-trade-server org.codehaus.plexus.classworlds.launcher.Launcher package -DskipTests -q -Dargs-Xmx512m

Host: Intel(R) Core(TM) i5-10400F CPU @ 2.90GHz, 12 cores, 31G,  Windows 11 , 64 bit Build 22621 (10.0.22621.3958)
Time: Wed Apr 22 12:12:23 2026  Windows 11 , 64 bit Build 22621 (10.0.22621.3958) elapsed time: 1.998856 seconds (0d 0h 0m 1s)

---------------  T H R E A D  ---------------

Current thread (0x0000029c9c9d9270):  JavaThread "C2 CompilerThread2" daemon [_thread_in_native, id=177360, stack(0x000000dfaba00000,0x000000dfabb00000)]


Current CompileTask:
C2:   1998 3610   !   4       org.codehaus.plexus.interpolation.StringSearchInterpolator::interpolate (668 bytes)

Stack: [0x000000dfaba00000,0x000000dfabb00000]
Native frames: (J=compiled Java code, j=interpreted, Vv=VM code, C=native code)
V  [jvm.dll+0x67a04a]
V  [jvm.dll+0x7da4ed]
V  [jvm.dll+0x7dbe33]
V  [jvm.dll+0x7dc4a3]
V  [jvm.dll+0x24508f]
V  [jvm.dll+0xab773]
V  [jvm.dll+0xabd3c]
V  [jvm.dll+0x361bee]
V  [jvm.dll+0x1ba64a]
V  [jvm.dll+0x216997]
V  [jvm.dll+0x215c6f]
V  [jvm.dll+0x1a2960]
V  [jvm.dll+0x22610b]
V  [jvm.dll+0x2242ab]
V  [jvm.dll+0x79075c]
V  [jvm.dll+0x78abea]
V  [jvm.dll+0x678f35]
C  [ucrtbase.dll+0x29333]
C  [KERNEL32.DLL+0x1257d]
C  [ntdll.dll+0x5af08]


---------------  P R O C E S S  ---------------

Threads class SMR info:
_java_thread_list=0x0000029c9cbbc4b0, length=14, elements={
0x0000029c2e587c80, 0x0000029c5a403810, 0x0000029c5a404e30, 0x0000029c5a421c70,
0x0000029c5a423840, 0x0000029c5a426ab0, 0x0000029c5a42b520, 0x0000029c5a42ca60,
0x0000029c5a42dcb0, 0x0000029c5a441620, 0x0000029c9c186110, 0x0000029c9c18de60,
0x0000029c9c7142e0, 0x0000029c9c9d9270
}

Java Threads: ( => current thread )
  0x0000029c2e587c80 JavaThread "main" [_thread_in_Java, id=178584, stack(0x000000dfaa600000,0x000000dfaa700000)]
  0x0000029c5a403810 JavaThread "Reference Handler" daemon [_thread_blocked, id=178652, stack(0x000000dfaad00000,0x000000dfaae00000)]
  0x0000029c5a404e30 JavaThread "Finalizer" daemon [_thread_blocked, id=178648, stack(0x000000dfaae00000,0x000000dfaaf00000)]
  0x0000029c5a421c70 JavaThread "Signal Dispatcher" daemon [_thread_blocked, id=173788, stack(0x000000dfaaf00000,0x000000dfab000000)]
  0x0000029c5a423840 JavaThread "Attach Listener" daemon [_thread_blocked, id=174960, stack(0x000000dfab000000,0x000000dfab100000)]
  0x0000029c5a426ab0 JavaThread "Service Thread" daemon [_thread_blocked, id=172752, stack(0x000000dfab100000,0x000000dfab200000)]
  0x0000029c5a42b520 JavaThread "Monitor Deflation Thread" daemon [_thread_blocked, id=178524, stack(0x000000dfab200000,0x000000dfab300000)]
  0x0000029c5a42ca60 JavaThread "C2 CompilerThread0" daemon [_thread_in_native, id=177460, stack(0x000000dfab300000,0x000000dfab400000)]
  0x0000029c5a42dcb0 JavaThread "C1 CompilerThread0" daemon [_thread_in_vm, id=176140, stack(0x000000dfab400000,0x000000dfab500000)]
  0x0000029c5a441620 JavaThread "Sweeper thread" daemon [_thread_blocked, id=177452, stack(0x000000dfab500000,0x000000dfab600000)]
  0x0000029c9c186110 JavaThread "Notification Thread" daemon [_thread_blocked, id=176656, stack(0x000000dfab600000,0x000000dfab700000)]
  0x0000029c9c18de60 JavaThread "Common-Cleaner" daemon [_thread_blocked, id=177480, stack(0x000000dfab800000,0x000000dfab900000)]
  0x0000029c9c7142e0 JavaThread "C2 CompilerThread1" daemon [_thread_in_native, id=177428, stack(0x000000dfab900000,0x000000dfaba00000)]
=>0x0000029c9c9d9270 JavaThread "C2 CompilerThread2" daemon [_thread_in_native, id=177360, stack(0x000000dfaba00000,0x000000dfabb00000)]

Other Threads:
  0x0000029c5a3fc450 VMThread "VM Thread" [stack: 0x000000dfaac00000,0x000000dfaad00000] [id=178680]
  0x0000029c5a2673c0 WatcherThread [stack: 0x000000dfab700000,0x000000dfab800000] [id=177424]
  0x0000029c2e63bce0 GCTaskThread "GC Thread#0" [stack: 0x000000dfaa700000,0x000000dfaa800000] [id=178632]
  0x0000029c9c2e5ca0 GCTaskThread "GC Thread#1" [stack: 0x000000dfabb00000,0x000000dfabc00000] [id=178540]
  0x0000029c9cb4de00 GCTaskThread "GC Thread#2" [stack: 0x000000dfabc00000,0x000000dfabd00000] [id=178532]
  0x0000029c9cb4e0c0 GCTaskThread "GC Thread#3" [stack: 0x000000dfabd00000,0x000000dfabe00000] [id=169912]
  0x0000029c9cb93670 GCTaskThread "GC Thread#4" [stack: 0x000000dfabe00000,0x000000dfabf00000] [id=178672]
  0x0000029c9cb93930 GCTaskThread "GC Thread#5" [stack: 0x000000dfabf00000,0x000000dfac000000] [id=178660]
  0x0000029c9cb93bf0 GCTaskThread "GC Thread#6" [stack: 0x000000dfac000000,0x000000dfac100000] [id=178528]
  0x0000029c9cb93eb0 GCTaskThread "GC Thread#7" [stack: 0x000000dfac100000,0x000000dfac200000] [id=178512]
  0x0000029c9cbc94c0 GCTaskThread "GC Thread#8" [stack: 0x000000dfac200000,0x000000dfac300000] [id=178508]
  0x0000029c9cb94170 GCTaskThread "GC Thread#9" [stack: 0x000000dfac300000,0x000000dfac400000] [id=178596]
  0x0000029c2e64cb30 ConcurrentGCThread "G1 Main Marker" [stack: 0x000000dfaa800000,0x000000dfaa900000] [id=178688]
  0x0000029c2e64dce0 ConcurrentGCThread "G1 Conc#0" [stack: 0x000000dfaa900000,0x000000dfaaa00000] [id=178668]
  0x0000029c5a33c8b0 ConcurrentGCThread "G1 Refine#0" [stack: 0x000000dfaaa00000,0x000000dfaab00000] [id=178656]
  0x0000029c5a33d2e0 ConcurrentGCThread "G1 Service" [stack: 0x000000dfaab00000,0x000000dfaac00000] [id=178696]

Threads with active compile tasks:
C2 CompilerThread0     2016 3893       4       org.apache.maven.model.validation.DefaultModelValidator::validateEffectiveDependency (631 bytes)
C2 CompilerThread1     2016 3879       4       org.codehaus.plexus.util.xml.pull.MXParser::parseAttribute (1429 bytes)
C2 CompilerThread2     2016 3610   !   4       org.codehaus.plexus.interpolation.StringSearchInterpolator::interpolate (668 bytes)

VM state: not at safepoint (normal execution)

VM Mutex/Monitor currently owned by a thread: None

Heap address: 0x0000000602000000, size: 8160 MB, Compressed Oops mode: Zero based, Oop shift amount: 3

CDS archive(s) mapped at: [0x0000029c5b000000-0x0000029c5bbd0000-0x0000029c5bbd0000), size 12386304, SharedBaseAddress: 0x0000029c5b000000, ArchiveRelocationMode: 1.
Compressed class space mapped at: 0x0000029c5c000000-0x0000029c9c000000, reserved size: 1073741824
Narrow klass base: 0x0000029c5b000000, Narrow klass shift: 0, Narrow klass range: 0x100000000

GC Precious Log:
 CPUs: 12 total, 12 available
 Memory: 32635M
 Large Page Support: Disabled
 NUMA Support: Disabled
 Compressed Oops: Enabled (Zero based)
 Heap Region Size: 4M
 Heap Min Capacity: 8M
 Heap Initial Capacity: 512M
 Heap Max Capacity: 8160M
 Pre-touch: Disabled
 Parallel Workers: 10
 Concurrent Workers: 3
 Concurrent Refinement Workers: 10
 Periodic GC: Disabled

Heap:
 garbage-first heap   total 524288K, used 44169K [0x0000000602000000, 0x0000000800000000)
  region size 4096K, 11 young (45056K), 2 survivors (8192K)
 Metaspace       used 15754K, committed 15936K, reserved 1114112K
  class space    used 1860K, committed 1920K, reserved 1048576K

Heap Regions: E=young(eden), S=young(survivor), O=old, HS=humongous(starts), HC=humongous(continues), CS=collection set, F=free, OA=open archive, CA=closed archive, TAMS=top-at-mark-start (previous, next)
|   0|0x0000000602000000, 0x0000000602390800, 0x0000000602400000| 89%| O|  |TAMS 0x0000000602000000, 0x0000000602000000| Untracked 
|   1|0x0000000602400000, 0x0000000602400000, 0x0000000602800000|  0%| F|  |TAMS 0x0000000602400000, 0x0000000602400000| Untracked 
|   2|0x0000000602800000, 0x0000000602800000, 0x0000000602c00000|  0%| F|  |TAMS 0x0000000602800000, 0x0000000602800000| Untracked 
|   3|0x0000000602c00000, 0x0000000602c00000, 0x0000000603000000|  0%| F|  |TAMS 0x0000000602c00000, 0x0000000602c00000| Untracked 
|   4|0x0000000603000000, 0x0000000603000000, 0x0000000603400000|  0%| F|  |TAMS 0x0000000603000000, 0x0000000603000000| Untracked 
|   5|0x0000000603400000, 0x0000000603400000, 0x0000000603800000|  0%| F|  |TAMS 0x0000000603400000, 0x0000000603400000| Untracked 
|   6|0x0000000603800000, 0x0000000603800000, 0x0000000603c00000|  0%| F|  |TAMS 0x0000000603800000, 0x0000000603800000| Untracked 
|   7|0x0000000603c00000, 0x0000000603c00000, 0x0000000604000000|  0%| F|  |TAMS 0x0000000603c00000, 0x0000000603c00000| Untracked 
|   8|0x0000000604000000, 0x0000000604000000, 0x0000000604400000|  0%| F|  |TAMS 0x0000000604000000, 0x0000000604000000| Untracked 
|   9|0x0000000604400000, 0x0000000604400000, 0x0000000604800000|  0%| F|  |TAMS 0x0000000604400000, 0x0000000604400000| Untracked 
|  10|0x0000000604800000, 0x0000000604800000, 0x0000000604c00000|  0%| F|  |TAMS 0x0000000604800000, 0x0000000604800000| Untracked 
|  11|0x0000000604c00000, 0x0000000604c00000, 0x0000000605000000|  0%| F|  |TAMS 0x0000000604c00000, 0x0000000604c00000| Untracked 
|  12|0x0000000605000000, 0x0000000605000000, 0x0000000605400000|  0%| F|  |TAMS 0x0000000605000000, 0x0000000605000000| Untracked 
|  13|0x0000000605400000, 0x0000000605400000, 0x0000000605800000|  0%| F|  |TAMS 0x0000000605400000, 0x0000000605400000| Untracked 
|  14|0x0000000605800000, 0x0000000605800000, 0x0000000605c00000|  0%| F|  |TAMS 0x0000000605800000, 0x0000000605800000| Untracked 
|  15|0x0000000605c00000, 0x0000000605c00000, 0x0000000606000000|  0%| F|  |TAMS 0x0000000605c00000, 0x0000000605c00000| Untracked 
|  16|0x0000000606000000, 0x0000000606000000, 0x0000000606400000|  0%| F|  |TAMS 0x0000000606000000, 0x0000000606000000| Untracked 
|  17|0x0000000606400000, 0x0000000606400000, 0x0000000606800000|  0%| F|  |TAMS 0x0000000606400000, 0x0000000606400000| Untracked 
|  18|0x0000000606800000, 0x0000000606800000, 0x0000000606c00000|  0%| F|  |TAMS 0x0000000606800000, 0x0000000606800000| Untracked 
|  19|0x0000000606c00000, 0x0000000606c00000, 0x0000000607000000|  0%| F|  |TAMS 0x0000000606c00000, 0x0000000606c00000| Untracked 
|  20|0x0000000607000000, 0x0000000607000000, 0x0000000607400000|  0%| F|  |TAMS 0x0000000607000000, 0x0000000607000000| Untracked 
|  21|0x0000000607400000, 0x0000000607400000, 0x0000000607800000|  0%| F|  |TAMS 0x0000000607400000, 0x0000000607400000| Untracked 
|  22|0x0000000607800000, 0x0000000607800000, 0x0000000607c00000|  0%| F|  |TAMS 0x0000000607800000, 0x0000000607800000| Untracked 
|  23|0x0000000607c00000, 0x0000000607c00000, 0x0000000608000000|  0%| F|  |TAMS 0x0000000607c00000, 0x0000000607c00000| Untracked 
|  24|0x0000000608000000, 0x0000000608000000, 0x0000000608400000|  0%| F|  |TAMS 0x0000000608000000, 0x0000000608000000| Untracked 
|  25|0x0000000608400000, 0x0000000608400000, 0x0000000608800000|  0%| F|  |TAMS 0x0000000608400000, 0x0000000608400000| Untracked 
|  26|0x0000000608800000, 0x0000000608800000, 0x0000000608c00000|  0%| F|  |TAMS 0x0000000608800000, 0x0000000608800000| Untracked 
|  27|0x0000000608c00000, 0x0000000608c00000, 0x0000000609000000|  0%| F|  |TAMS 0x0000000608c00000, 0x0000000608c00000| Untracked 
|  28|0x0000000609000000, 0x0000000609000000, 0x0000000609400000|  0%| F|  |TAMS 0x0000000609000000, 0x0000000609000000| Untracked 
|  29|0x0000000609400000, 0x0000000609400000, 0x0000000609800000|  0%| F|  |TAMS 0x0000000609400000, 0x0000000609400000| Untracked 
|  30|0x0000000609800000, 0x0000000609800000, 0x0000000609c00000|  0%| F|  |TAMS 0x0000000609800000, 0x0000000609800000| Untracked 
|  31|0x0000000609c00000, 0x0000000609c00000, 0x000000060a000000|  0%| F|  |TAMS 0x0000000609c00000, 0x0000000609c00000| Untracked 
|  32|0x000000060a000000, 0x000000060a000000, 0x000000060a400000|  0%| F|  |TAMS 0x000000060a000000, 0x000000060a000000| Untracked 
|  33|0x000000060a400000, 0x000000060a400000, 0x000000060a800000|  0%| F|  |TAMS 0x000000060a400000, 0x000000060a400000| Untracked 
|  34|0x000000060a800000, 0x000000060a800000, 0x000000060ac00000|  0%| F|  |TAMS 0x000000060a800000, 0x000000060a800000| Untracked 
|  35|0x000000060ac00000, 0x000000060ac00000, 0x000000060b000000|  0%| F|  |TAMS 0x000000060ac00000, 0x000000060ac00000| Untracked 
|  36|0x000000060b000000, 0x000000060b000000, 0x000000060b400000|  0%| F|  |TAMS 0x000000060b000000, 0x000000060b000000| Untracked 
|  37|0x000000060b400000, 0x000000060b400000, 0x000000060b800000|  0%| F|  |TAMS 0x000000060b400000, 0x000000060b400000| Untracked 
|  38|0x000000060b800000, 0x000000060b800000, 0x000000060bc00000|  0%| F|  |TAMS 0x000000060b800000, 0x000000060b800000| Untracked 
|  39|0x000000060bc00000, 0x000000060bc00000, 0x000000060c000000|  0%| F|  |TAMS 0x000000060bc00000, 0x000000060bc00000| Untracked 
|  40|0x000000060c000000, 0x000000060c000000, 0x000000060c400000|  0%| F|  |TAMS 0x000000060c000000, 0x000000060c000000| Untracked 
|  41|0x000000060c400000, 0x000000060c400000, 0x000000060c800000|  0%| F|  |TAMS 0x000000060c400000, 0x000000060c400000| Untracked 
|  42|0x000000060c800000, 0x000000060c800000, 0x000000060cc00000|  0%| F|  |TAMS 0x000000060c800000, 0x000000060c800000| Untracked 
|  43|0x000000060cc00000, 0x000000060cc00000, 0x000000060d000000|  0%| F|  |TAMS 0x000000060cc00000, 0x000000060cc00000| Untracked 
|  44|0x000000060d000000, 0x000000060d000000, 0x000000060d400000|  0%| F|  |TAMS 0x000000060d000000, 0x000000060d000000| Untracked 
|  45|0x000000060d400000, 0x000000060d400000, 0x000000060d800000|  0%| F|  |TAMS 0x000000060d400000, 0x000000060d400000| Untracked 
|  46|0x000000060d800000, 0x000000060d800000, 0x000000060dc00000|  0%| F|  |TAMS 0x000000060d800000, 0x000000060d800000| Untracked 
|  47|0x000000060dc00000, 0x000000060dc00000, 0x000000060e000000|  0%| F|  |TAMS 0x000000060dc00000, 0x000000060dc00000| Untracked 
|  48|0x000000060e000000, 0x000000060e000000, 0x000000060e400000|  0%| F|  |TAMS 0x000000060e000000, 0x000000060e000000| Untracked 
|  49|0x000000060e400000, 0x000000060e400000, 0x000000060e800000|  0%| F|  |TAMS 0x000000060e400000, 0x000000060e400000| Untracked 
|  50|0x000000060e800000, 0x000000060e800000, 0x000000060ec00000|  0%| F|  |TAMS 0x000000060e800000, 0x000000060e800000| Untracked 
|  51|0x000000060ec00000, 0x000000060ec00000, 0x000000060f000000|  0%| F|  |TAMS 0x000000060ec00000, 0x000000060ec00000| Untracked 
|  52|0x000000060f000000, 0x000000060f000000, 0x000000060f400000|  0%| F|  |TAMS 0x000000060f000000, 0x000000060f000000| Untracked 
|  53|0x000000060f400000, 0x000000060f400000, 0x000000060f800000|  0%| F|  |TAMS 0x000000060f400000, 0x000000060f400000| Untracked 
|  54|0x000000060f800000, 0x000000060f800000, 0x000000060fc00000|  0%| F|  |TAMS 0x000000060f800000, 0x000000060f800000| Untracked 
|  55|0x000000060fc00000, 0x000000060fc00000, 0x0000000610000000|  0%| F|  |TAMS 0x000000060fc00000, 0x000000060fc00000| Untracked 
|  56|0x0000000610000000, 0x0000000610000000, 0x0000000610400000|  0%| F|  |TAMS 0x0000000610000000, 0x0000000610000000| Untracked 
|  57|0x0000000610400000, 0x0000000610400000, 0x0000000610800000|  0%| F|  |TAMS 0x0000000610400000, 0x0000000610400000| Untracked 
|  58|0x0000000610800000, 0x0000000610800000, 0x0000000610c00000|  0%| F|  |TAMS 0x0000000610800000, 0x0000000610800000| Untracked 
|  59|0x0000000610c00000, 0x0000000610c00000, 0x0000000611000000|  0%| F|  |TAMS 0x0000000610c00000, 0x0000000610c00000| Untracked 
|  60|0x0000000611000000, 0x0000000611000000, 0x0000000611400000|  0%| F|  |TAMS 0x0000000611000000, 0x0000000611000000| Untracked 
|  61|0x0000000611400000, 0x0000000611400000, 0x0000000611800000|  0%| F|  |TAMS 0x0000000611400000, 0x0000000611400000| Untracked 
|  62|0x0000000611800000, 0x0000000611800000, 0x0000000611c00000|  0%| F|  |TAMS 0x0000000611800000, 0x0000000611800000| Untracked 
|  63|0x0000000611c00000, 0x0000000611c00000, 0x0000000612000000|  0%| F|  |TAMS 0x0000000611c00000, 0x0000000611c00000| Untracked 
|  64|0x0000000612000000, 0x0000000612000000, 0x0000000612400000|  0%| F|  |TAMS 0x0000000612000000, 0x0000000612000000| Untracked 
|  65|0x0000000612400000, 0x0000000612400000, 0x0000000612800000|  0%| F|  |TAMS 0x0000000612400000, 0x0000000612400000| Untracked 
|  66|0x0000000612800000, 0x0000000612800000, 0x0000000612c00000|  0%| F|  |TAMS 0x0000000612800000, 0x0000000612800000| Untracked 
|  67|0x0000000612c00000, 0x0000000612c00000, 0x0000000613000000|  0%| F|  |TAMS 0x0000000612c00000, 0x0000000612c00000| Untracked 
|  68|0x0000000613000000, 0x0000000613000000, 0x0000000613400000|  0%| F|  |TAMS 0x0000000613000000, 0x0000000613000000| Untracked 
|  69|0x0000000613400000, 0x0000000613400000, 0x0000000613800000|  0%| F|  |TAMS 0x0000000613400000, 0x0000000613400000| Untracked 
|  70|0x0000000613800000, 0x0000000613800000, 0x0000000613c00000|  0%| F|  |TAMS 0x0000000613800000, 0x0000000613800000| Untracked 
|  71|0x0000000613c00000, 0x0000000613c00000, 0x0000000614000000|  0%| F|  |TAMS 0x0000000613c00000, 0x0000000613c00000| Untracked 
|  72|0x0000000614000000, 0x0000000614000000, 0x0000000614400000|  0%| F|  |TAMS 0x0000000614000000, 0x0000000614000000| Untracked 
|  73|0x0000000614400000, 0x0000000614400000, 0x0000000614800000|  0%| F|  |TAMS 0x0000000614400000, 0x0000000614400000| Untracked 
|  74|0x0000000614800000, 0x0000000614800000, 0x0000000614c00000|  0%| F|  |TAMS 0x0000000614800000, 0x0000000614800000| Untracked 
|  75|0x0000000614c00000, 0x0000000614c00000, 0x0000000615000000|  0%| F|  |TAMS 0x0000000614c00000, 0x0000000614c00000| Untracked 
|  76|0x0000000615000000, 0x0000000615000000, 0x0000000615400000|  0%| F|  |TAMS 0x0000000615000000, 0x0000000615000000| Untracked 
|  77|0x0000000615400000, 0x0000000615400000, 0x0000000615800000|  0%| F|  |TAMS 0x0000000615400000, 0x0000000615400000| Untracked 
|  78|0x0000000615800000, 0x0000000615800000, 0x0000000615c00000|  0%| F|  |TAMS 0x0000000615800000, 0x0000000615800000| Untracked 
|  79|0x0000000615c00000, 0x0000000615c00000, 0x0000000616000000|  0%| F|  |TAMS 0x0000000615c00000, 0x0000000615c00000| Untracked 
|  80|0x0000000616000000, 0x0000000616000000, 0x0000000616400000|  0%| F|  |TAMS 0x0000000616000000, 0x0000000616000000| Untracked 
|  81|0x0000000616400000, 0x0000000616400000, 0x0000000616800000|  0%| F|  |TAMS 0x0000000616400000, 0x0000000616400000| Untracked 
|  82|0x0000000616800000, 0x0000000616800000, 0x0000000616c00000|  0%| F|  |TAMS 0x0000000616800000, 0x0000000616800000| Untracked 
|  83|0x0000000616c00000, 0x0000000616c00000, 0x0000000617000000|  0%| F|  |TAMS 0x0000000616c00000, 0x0000000616c00000| Untracked 
|  84|0x0000000617000000, 0x0000000617000000, 0x0000000617400000|  0%| F|  |TAMS 0x0000000617000000, 0x0000000617000000| Untracked 
|  85|0x0000000617400000, 0x0000000617400000, 0x0000000617800000|  0%| F|  |TAMS 0x0000000617400000, 0x0000000617400000| Untracked 
|  86|0x0000000617800000, 0x0000000617800000, 0x0000000617c00000|  0%| F|  |TAMS 0x0000000617800000, 0x0000000617800000| Untracked 
|  87|0x0000000617c00000, 0x0000000617c00000, 0x0000000618000000|  0%| F|  |TAMS 0x0000000617c00000, 0x0000000617c00000| Untracked 
|  88|0x0000000618000000, 0x0000000618000000, 0x0000000618400000|  0%| F|  |TAMS 0x0000000618000000, 0x0000000618000000| Untracked 
|  89|0x0000000618400000, 0x0000000618400000, 0x0000000618800000|  0%| F|  |TAMS 0x0000000618400000, 0x0000000618400000| Untracked 
|  90|0x0000000618800000, 0x0000000618800000, 0x0000000618c00000|  0%| F|  |TAMS 0x0000000618800000, 0x0000000618800000| Untracked 
|  91|0x0000000618c00000, 0x0000000618c00000, 0x0000000619000000|  0%| F|  |TAMS 0x0000000618c00000, 0x0000000618c00000| Untracked 
|  92|0x0000000619000000, 0x0000000619000000, 0x0000000619400000|  0%| F|  |TAMS 0x0000000619000000, 0x0000000619000000| Untracked 
|  93|0x0000000619400000, 0x0000000619400000, 0x0000000619800000|  0%| F|  |TAMS 0x0000000619400000, 0x0000000619400000| Untracked 
|  94|0x0000000619800000, 0x0000000619800000, 0x0000000619c00000|  0%| F|  |TAMS 0x0000000619800000, 0x0000000619800000| Untracked 
|  95|0x0000000619c00000, 0x0000000619c00000, 0x000000061a000000|  0%| F|  |TAMS 0x0000000619c00000, 0x0000000619c00000| Untracked 
|  96|0x000000061a000000, 0x000000061a000000, 0x000000061a400000|  0%| F|  |TAMS 0x000000061a000000, 0x000000061a000000| Untracked 
|  97|0x000000061a400000, 0x000000061a400000, 0x000000061a800000|  0%| F|  |TAMS 0x000000061a400000, 0x000000061a400000| Untracked 
|  98|0x000000061a800000, 0x000000061a800000, 0x000000061ac00000|  0%| F|  |TAMS 0x000000061a800000, 0x000000061a800000| Untracked 
|  99|0x000000061ac00000, 0x000000061ac00000, 0x000000061b000000|  0%| F|  |TAMS 0x000000061ac00000, 0x000000061ac00000| Untracked 
| 100|0x000000061b000000, 0x000000061b000000, 0x000000061b400000|  0%| F|  |TAMS 0x000000061b000000, 0x000000061b000000| Untracked 
| 101|0x000000061b400000, 0x000000061b400000, 0x000000061b800000|  0%| F|  |TAMS 0x000000061b400000, 0x000000061b400000| Untracked 
| 102|0x000000061b800000, 0x000000061b800000, 0x000000061bc00000|  0%| F|  |TAMS 0x000000061b800000, 0x000000061b800000| Untracked 
| 103|0x000000061bc00000, 0x000000061bc00000, 0x000000061c000000|  0%| F|  |TAMS 0x000000061bc00000, 0x000000061bc00000| Untracked 
| 104|0x000000061c000000, 0x000000061c000000, 0x000000061c400000|  0%| F|  |TAMS 0x000000061c000000, 0x000000061c000000| Untracked 
| 105|0x000000061c400000, 0x000000061c400000, 0x000000061c800000|  0%| F|  |TAMS 0x000000061c400000, 0x000000061c400000| Untracked 
| 106|0x000000061c800000, 0x000000061c800000, 0x000000061cc00000|  0%| F|  |TAMS 0x000000061c800000, 0x000000061c800000| Untracked 
| 107|0x000000061cc00000, 0x000000061cc00000, 0x000000061d000000|  0%| F|  |TAMS 0x000000061cc00000, 0x000000061cc00000| Untracked 
| 108|0x000000061d000000, 0x000000061d000000, 0x000000061d400000|  0%| F|  |TAMS 0x000000061d000000, 0x000000061d000000| Untracked 
| 109|0x000000061d400000, 0x000000061d400000, 0x000000061d800000|  0%| F|  |TAMS 0x000000061d400000, 0x000000061d400000| Untracked 
| 110|0x000000061d800000, 0x000000061d800000, 0x000000061dc00000|  0%| F|  |TAMS 0x000000061d800000, 0x000000061d800000| Untracked 
| 111|0x000000061dc00000, 0x000000061df91f28, 0x000000061e000000| 89%| S|CS|TAMS 0x000000061dc00000, 0x000000061dc00000| Complete 
| 112|0x000000061e000000, 0x000000061e400000, 0x000000061e400000|100%| S|CS|TAMS 0x000000061e000000, 0x000000061e000000| Complete 
| 113|0x000000061e400000, 0x000000061e400000, 0x000000061e800000|  0%| F|  |TAMS 0x000000061e400000, 0x000000061e400000| Untracked 
| 114|0x000000061e800000, 0x000000061e800000, 0x000000061ec00000|  0%| F|  |TAMS 0x000000061e800000, 0x000000061e800000| Untracked 
| 115|0x000000061ec00000, 0x000000061ec00000, 0x000000061f000000|  0%| F|  |TAMS 0x000000061ec00000, 0x000000061ec00000| Untracked 
| 116|0x000000061f000000, 0x000000061f000000, 0x000000061f400000|  0%| F|  |TAMS 0x000000061f000000, 0x000000061f000000| Untracked 
| 117|0x000000061f400000, 0x000000061f400000, 0x000000061f800000|  0%| F|  |TAMS 0x000000061f400000, 0x000000061f400000| Untracked 
| 118|0x000000061f800000, 0x000000061f800000, 0x000000061fc00000|  0%| F|  |TAMS 0x000000061f800000, 0x000000061f800000| Untracked 
| 119|0x000000061fc00000, 0x000000061fe00800, 0x0000000620000000| 50%| E|  |TAMS 0x000000061fc00000, 0x000000061fc00000| Complete 
| 120|0x0000000620000000, 0x0000000620400000, 0x0000000620400000|100%| E|CS|TAMS 0x0000000620000000, 0x0000000620000000| Complete 
| 121|0x0000000620400000, 0x0000000620800000, 0x0000000620800000|100%| E|CS|TAMS 0x0000000620400000, 0x0000000620400000| Complete 
| 122|0x0000000620800000, 0x0000000620c00000, 0x0000000620c00000|100%| E|CS|TAMS 0x0000000620800000, 0x0000000620800000| Complete 
| 123|0x0000000620c00000, 0x0000000621000000, 0x0000000621000000|100%| E|CS|TAMS 0x0000000620c00000, 0x0000000620c00000| Complete 
| 124|0x0000000621000000, 0x0000000621400000, 0x0000000621400000|100%| E|CS|TAMS 0x0000000621000000, 0x0000000621000000| Complete 
| 125|0x0000000621400000, 0x0000000621800000, 0x0000000621800000|100%| E|CS|TAMS 0x0000000621400000, 0x0000000621400000| Complete 
| 126|0x0000000621800000, 0x0000000621c00000, 0x0000000621c00000|100%| E|CS|TAMS 0x0000000621800000, 0x0000000621800000| Complete 
| 127|0x0000000621c00000, 0x0000000622000000, 0x0000000622000000|100%| E|CS|TAMS 0x0000000621c00000, 0x0000000621c00000| Complete 

Card table byte_map: [0x0000029c46380000,0x0000029c47370000] _byte_map_base: 0x0000029c43370000

Marking Bits (Prev, Next): (CMBitMap*) 0x0000029c2e63c300, (CMBitMap*) 0x0000029c2e63c340
 Prev Bits: [0x0000029c48360000, 0x0000029c502e0000)
 Next Bits: [0x0000029c502e0000, 0x0000029c58260000)

Polling page: 0x0000029c2c540000

Metaspace:

Usage:
  Non-class:     13.57 MB used.
      Class:      1.82 MB used.
       Both:     15.39 MB used.

Virtual space:
  Non-class space:       64.00 MB reserved,      13.69 MB ( 21%) committed,  1 nodes.
      Class space:        1.00 GB reserved,       1.88 MB ( <1%) committed,  1 nodes.
             Both:        1.06 GB reserved,      15.56 MB (  1%) committed. 

Chunk freelists:
   Non-Class:  1.78 MB
       Class:  13.95 MB
        Both:  15.72 MB

MaxMetaspaceSize: unlimited
CompressedClassSpaceSize: 1.00 GB
Initial GC threshold: 21.00 MB
Current GC threshold: 21.00 MB
CDS: on
MetaspaceReclaimPolicy: balanced
 - commit_granule_bytes: 65536.
 - commit_granule_words: 8192.
 - virtual_space_node_default_size: 8388608.
 - enlarge_chunks_in_place: 1.
 - new_chunks_are_fully_committed: 0.
 - uncommit_free_chunks: 1.
 - use_allocation_guard: 0.
 - handle_deallocations: 1.


Internal statistics:

num_allocs_failed_limit: 0.
num_arena_births: 106.
num_arena_deaths: 0.
num_vsnodes_births: 2.
num_vsnodes_deaths: 0.
num_space_committed: 249.
num_space_uncommitted: 0.
num_chunks_returned_to_freelist: 0.
num_chunks_taken_from_freelist: 659.
num_chunk_merges: 0.
num_chunk_splits: 443.
num_chunks_enlarged: 349.
num_inconsistent_stats: 0.

CodeHeap 'non-profiled nmethods': size=120000Kb used=1943Kb max_used=1943Kb free=118056Kb
 bounds [0x0000029c3d910000, 0x0000029c3db80000, 0x0000029c44e40000]
CodeHeap 'profiled nmethods': size=120000Kb used=8090Kb max_used=8090Kb free=111909Kb
 bounds [0x0000029c35e40000, 0x0000029c36630000, 0x0000029c3d370000]
CodeHeap 'non-nmethods': size=5760Kb used=1176Kb max_used=1236Kb free=4584Kb
 bounds [0x0000029c3d370000, 0x0000029c3d5e0000, 0x0000029c3d910000]
 total_blobs=4380 nmethods=3913 adapters=379
 compilation: enabled
              stopped_count=0, restarted_count=0
 full_count=0

Compilation events (20 events):
Event: 1.981 Thread 0x0000029c5a42dcb0 3886       3       java.lang.System$2::getEnumConstantsShared (8 bytes)
Event: 1.981 Thread 0x0000029c5a42dcb0 nmethod 3886 0x0000029c3661af90 code [0x0000029c3661b140, 0x0000029c3661b388]
Event: 1.982 Thread 0x0000029c5a42dcb0 3887       1       org.apache.maven.model.DependencyManagement::setDependencies (6 bytes)
Event: 1.982 Thread 0x0000029c5a42dcb0 nmethod 3887 0x0000029c3daeec10 code [0x0000029c3daeeda0, 0x0000029c3daeeeb8]
Event: 1.982 Thread 0x0000029c5a42dcb0 3888       3       org.apache.maven.model.management.DefaultDependencyManagementInjector$ManagementModelMerger::mergeManagedDependencies (151 bytes)
Event: 1.983 Thread 0x0000029c5a42dcb0 nmethod 3888 0x0000029c3661b490 code [0x0000029c3661b7c0, 0x0000029c3661d1c8]
Event: 1.985 Thread 0x0000029c5a42dcb0 3889       1       org.apache.maven.model.License::setName (6 bytes)
Event: 1.985 Thread 0x0000029c5a42dcb0 nmethod 3889 0x0000029c3daeef10 code [0x0000029c3daef0a0, 0x0000029c3daef1b8]
Event: 1.985 Thread 0x0000029c5a42dcb0 3890       1       org.apache.maven.model.License::setUrl (6 bytes)
Event: 1.985 Thread 0x0000029c5a42dcb0 nmethod 3890 0x0000029c3daef210 code [0x0000029c3daef3a0, 0x0000029c3daef4b8]
Event: 1.993 Thread 0x0000029c5a42dcb0 3894       3       java.util.EnumSet::noneOf (63 bytes)
Event: 1.994 Thread 0x0000029c5a42dcb0 nmethod 3894 0x0000029c3661d990 code [0x0000029c3661dc60, 0x0000029c3661eae8]
Event: 1.994 Thread 0x0000029c5a42dcb0 3895       3       java.util.EnumSet::getUniverse (10 bytes)
Event: 1.994 Thread 0x0000029c5a42dcb0 nmethod 3895 0x0000029c3661f010 code [0x0000029c3661f1e0, 0x0000029c3661f508]
Event: 1.996 Thread 0x0000029c5a42dcb0 3896       3       java.util.Arrays$ArrayList::toArray (47 bytes)
Event: 1.997 Thread 0x0000029c5a42dcb0 nmethod 3896 0x0000029c3661f690 code [0x0000029c3661f880, 0x0000029c3661fe78]
Event: 1.997 Thread 0x0000029c5a42dcb0 3897       3       org.apache.maven.model.interpolation.StringVisitorModelInterpolator$ModelVisitor::visit (84 bytes)
Event: 1.997 Thread 0x0000029c5a42dcb0 nmethod 3897 0x0000029c36620010 code [0x0000029c366202a0, 0x0000029c36621308]
Event: 1.998 Thread 0x0000029c5a42dcb0 3898       3       org.apache.maven.model.PatternSet::getIncludes (23 bytes)
Event: 1.998 Thread 0x0000029c5a42dcb0 nmethod 3898 0x0000029c36621790 code [0x0000029c36621960, 0x0000029c36621d58]

GC Heap History (6 events):
Event: 0.436 GC heap before
{Heap before GC invocations=0 (full 0):
 garbage-first heap   total 524288K, used 24576K [0x0000000602000000, 0x0000000800000000)
  region size 4096K, 6 young (24576K), 0 survivors (0K)
 Metaspace       used 5554K, committed 5696K, reserved 1114112K
  class space    used 670K, committed 768K, reserved 1048576K
}
Event: 0.439 GC heap after
{Heap after GC invocations=1 (full 0):
 garbage-first heap   total 524288K, used 3898K [0x0000000602000000, 0x0000000800000000)
  region size 4096K, 1 young (4096K), 1 survivors (4096K)
 Metaspace       used 5554K, committed 5696K, reserved 1114112K
  class space    used 670K, committed 768K, reserved 1048576K
}
Event: 0.753 GC heap before
{Heap before GC invocations=1 (full 0):
 garbage-first heap   total 524288K, used 28474K [0x0000000602000000, 0x0000000800000000)
  region size 4096K, 7 young (28672K), 1 survivors (4096K)
 Metaspace       used 8865K, committed 9024K, reserved 1114112K
  class space    used 1072K, committed 1152K, reserved 1048576K
}
Event: 0.756 GC heap after
{Heap after GC invocations=2 (full 0):
 garbage-first heap   total 524288K, used 5019K [0x0000000602000000, 0x0000000800000000)
  region size 4096K, 1 young (4096K), 1 survivors (4096K)
 Metaspace       used 8865K, committed 9024K, reserved 1114112K
  class space    used 1072K, committed 1152K, reserved 1048576K
}
Event: 1.665 GC heap before
{Heap before GC invocations=2 (full 0):
 garbage-first heap   total 524288K, used 62363K [0x0000000602000000, 0x0000000800000000)
  region size 4096K, 15 young (61440K), 1 survivors (4096K)
 Metaspace       used 15390K, committed 15616K, reserved 1114112K
  class space    used 1851K, committed 1920K, reserved 1048576K
}
Event: 1.670 GC heap after
{Heap after GC invocations=3 (full 0):
 garbage-first heap   total 524288K, used 11401K [0x0000000602000000, 0x0000000800000000)
  region size 4096K, 2 young (8192K), 2 survivors (8192K)
 Metaspace       used 15390K, committed 15616K, reserved 1114112K
  class space    used 1851K, committed 1920K, reserved 1048576K
}

Deoptimization events (20 events):
Event: 1.925 Thread 0x0000029c2e587c80 Uncommon trap: trap_request=0xffffffbe fr.pc=0x0000029c3dae49fc relative=0x000000000000119c
Event: 1.925 Thread 0x0000029c2e587c80 Uncommon trap: reason=profile_predicate action=maybe_recompile pc=0x0000029c3dae49fc method=java.util.concurrent.ConcurrentHashMap.putAll(Ljava/util/Map;)V @ 28 c2
Event: 1.925 Thread 0x0000029c2e587c80 DEOPT PACKING pc=0x0000029c3dae49fc sp=0x000000dfaa6fc370
Event: 1.925 Thread 0x0000029c2e587c80 DEOPT UNPACKING pc=0x0000029c3d3c23a3 sp=0x000000dfaa6fc350 mode 2
Event: 1.932 Thread 0x0000029c2e587c80 Uncommon trap: trap_request=0xffffffbe fr.pc=0x0000029c3dae6624 relative=0x0000000000000604
Event: 1.932 Thread 0x0000029c2e587c80 Uncommon trap: reason=profile_predicate action=maybe_recompile pc=0x0000029c3dae6624 method=java.util.regex.Pattern$Slice.match(Ljava/util/regex/Matcher;ILjava/lang/CharSequence;)Z @ 18 c2
Event: 1.932 Thread 0x0000029c2e587c80 DEOPT PACKING pc=0x0000029c3dae6624 sp=0x000000dfaa6fc220
Event: 1.932 Thread 0x0000029c2e587c80 DEOPT UNPACKING pc=0x0000029c3d3c23a3 sp=0x000000dfaa6fc1c0 mode 2
Event: 1.932 Thread 0x0000029c2e587c80 Uncommon trap: trap_request=0xffffffbe fr.pc=0x0000029c3dae6624 relative=0x0000000000000604
Event: 1.932 Thread 0x0000029c2e587c80 Uncommon trap: reason=profile_predicate action=maybe_recompile pc=0x0000029c3dae6624 method=java.util.regex.Pattern$Slice.match(Ljava/util/regex/Matcher;ILjava/lang/CharSequence;)Z @ 18 c2
Event: 1.932 Thread 0x0000029c2e587c80 DEOPT PACKING pc=0x0000029c3dae6624 sp=0x000000dfaa6fc220
Event: 1.932 Thread 0x0000029c2e587c80 DEOPT UNPACKING pc=0x0000029c3d3c23a3 sp=0x000000dfaa6fc1c0 mode 2
Event: 1.932 Thread 0x0000029c2e587c80 Uncommon trap: trap_request=0xffffffbe fr.pc=0x0000029c3dae6624 relative=0x0000000000000604
Event: 1.932 Thread 0x0000029c2e587c80 Uncommon trap: reason=profile_predicate action=maybe_recompile pc=0x0000029c3dae6624 method=java.util.regex.Pattern$Slice.match(Ljava/util/regex/Matcher;ILjava/lang/CharSequence;)Z @ 18 c2
Event: 1.932 Thread 0x0000029c2e587c80 DEOPT PACKING pc=0x0000029c3dae6624 sp=0x000000dfaa6fc220
Event: 1.932 Thread 0x0000029c2e587c80 DEOPT UNPACKING pc=0x0000029c3d3c23a3 sp=0x000000dfaa6fc1c0 mode 2
Event: 1.932 Thread 0x0000029c2e587c80 Uncommon trap: trap_request=0xffffffbe fr.pc=0x0000029c3dae6624 relative=0x0000000000000604
Event: 1.932 Thread 0x0000029c2e587c80 Uncommon trap: reason=profile_predicate action=maybe_recompile pc=0x0000029c3dae6624 method=java.util.regex.Pattern$Slice.match(Ljava/util/regex/Matcher;ILjava/lang/CharSequence;)Z @ 18 c2
Event: 1.932 Thread 0x0000029c2e587c80 DEOPT PACKING pc=0x0000029c3dae6624 sp=0x000000dfaa6fc220
Event: 1.932 Thread 0x0000029c2e587c80 DEOPT UNPACKING pc=0x0000029c3d3c23a3 sp=0x000000dfaa6fc1c0 mode 2

Classes unloaded (0 events):
No events

Classes redefined (0 events):
No events

Internal exceptions (20 events):
Event: 0.298 Thread 0x0000029c2e587c80 Exception <a 'java/lang/NoSuchMethodError'{0x00000006211796e0}: 'void java.lang.invoke.DirectMethodHandle$Holder.invokeSpecial(java.lang.Object, java.lang.Object, java.lang.Object)'> (0x00000006211796e0) 
thrown [s\open\src\hotspot\share\interpreter\linkResolver.cpp, line 759]
Event: 0.322 Thread 0x0000029c2e587c80 Exception <a 'java/lang/NoSuchMethodError'{0x00000006212d1a00}: 'java.lang.Object java.lang.invoke.DirectMethodHandle$Holder.invokeInterface(java.lang.Object, java.lang.Object)'> (0x00000006212d1a00) 
thrown [s\open\src\hotspot\share\interpreter\linkResolver.cpp, line 759]
Event: 0.332 Thread 0x0000029c2e587c80 Exception <a 'java/lang/NoSuchMethodError'{0x00000006213780f0}: 'java.lang.Object java.lang.invoke.Invokers$Holder.invokeExact_MT(java.lang.Object, java.lang.Object, java.lang.Object, java.lang.Object, java.lang.Object, java.lang.Object)'> (0x00000006213780f0) 
thrown [s\open\src\hotspot\share\interpreter\linkResolver.cpp, line 759]
Event: 0.334 Thread 0x0000029c2e587c80 Exception <a 'java/lang/NoSuchMethodError'{0x0000000621389570}: 'int java.lang.invoke.DirectMethodHandle$Holder.invokeSpecialIFC(java.lang.Object, java.lang.Object, java.lang.Object, java.lang.Object, java.lang.Object)'> (0x0000000621389570) 
thrown [s\open\src\hotspot\share\interpreter\linkResolver.cpp, line 759]
Event: 0.364 Thread 0x0000029c2e587c80 Exception <a 'java/lang/NoSuchMethodError'{0x0000000620d24188}: 'java.lang.Object java.lang.invoke.DirectMethodHandle$Holder.newInvokeSpecial(java.lang.Object, java.lang.Object, java.lang.Object, java.lang.Object, java.lang.Object)'> (0x0000000620d24188) 
thrown [s\open\src\hotspot\share\interpreter\linkResolver.cpp, line 759]
Event: 0.383 Thread 0x0000029c2e587c80 Exception <a 'java/lang/NoSuchMethodError'{0x0000000620e25300}: 'int java.lang.invoke.DirectMethodHandle$Holder.invokeStaticInit(java.lang.Object, java.lang.Object)'> (0x0000000620e25300) 
thrown [s\open\src\hotspot\share\interpreter\linkResolver.cpp, line 759]
Event: 0.388 Thread 0x0000029c2e587c80 Exception <a 'java/lang/NoClassDefFoundError'{0x0000000620e5cc70}: javax/enterprise/inject/Typed> (0x0000000620e5cc70) 
thrown [s\open\src\hotspot\share\classfile\systemDictionary.cpp, line 245]
Event: 0.886 Thread 0x0000029c2e587c80 Exception <a 'java/lang/NoSuchMethodError'{0x00000006214589f0}: 'void java.lang.invoke.DirectMethodHandle$Holder.invokeStaticInit(java.lang.Object, java.lang.Object, java.lang.Object)'> (0x00000006214589f0) 
thrown [s\open\src\hotspot\share\interpreter\linkResolver.cpp, line 759]
Event: 0.889 Thread 0x0000029c2e587c80 Exception <a 'java/lang/ExceptionInInitializerError'{0x00000006214839c8}> (0x00000006214839c8) 
thrown [s\open\src\hotspot\share\oops\instanceKlass.cpp, line 1216]
Event: 0.908 Thread 0x0000029c2e587c80 Implicit null exception at 0x0000029c3d98b8b0 to 0x0000029c3d98ba84
Event: 0.909 Thread 0x0000029c2e587c80 Exception <a 'java/lang/NoSuchMethodError'{0x0000000621590910}: 'java.lang.Object java.lang.invoke.Invokers$Holder.invokeExact_MT(java.lang.Object, int, java.lang.Object)'> (0x0000000621590910) 
thrown [s\open\src\hotspot\share\interpreter\linkResolver.cpp, line 759]
Event: 0.918 Thread 0x0000029c2e587c80 Exception <a 'java/lang/NoSuchMethodError'{0x0000000621605460}: 'int java.lang.invoke.DirectMethodHandle$Holder.invokeSpecial(java.lang.Object, java.lang.Object, java.lang.Object, java.lang.Object)'> (0x0000000621605460) 
thrown [s\open\src\hotspot\share\interpreter\linkResolver.cpp, line 759]
Event: 1.068 Thread 0x0000029c2e587c80 Exception <a 'java/lang/NoClassDefFoundError'{0x0000000620e166f0}: com/google/inject/servlet/ServletModuleTargetVisitor> (0x0000000620e166f0) 
thrown [s\open\src\hotspot\share\classfile\systemDictionary.cpp, line 245]
Event: 1.107 Thread 0x0000029c2e587c80 Exception <a 'java/lang/NoSuchMethodError'{0x0000000620fa7710}: 'void java.lang.invoke.DirectMethodHandle$Holder.invokeVirtual(java.lang.Object, java.lang.Object)'> (0x0000000620fa7710) 
thrown [s\open\src\hotspot\share\interpreter\linkResolver.cpp, line 759]
Event: 1.123 Thread 0x0000029c2e587c80 Exception <a 'java/lang/NoSuchMethodError'{0x000000062081fed8}: 'java.lang.Object java.lang.invoke.DirectMethodHandle$Holder.invokeStaticInit(java.lang.Object, int, int, int, int)'> (0x000000062081fed8) 
thrown [s\open\src\hotspot\share\interpreter\linkResolver.cpp, line 759]
Event: 1.198 Thread 0x0000029c2e587c80 Implicit null exception at 0x0000029c3d941af2 to 0x0000029c3d94226c
Event: 1.198 Thread 0x0000029c2e587c80 Implicit null exception at 0x0000029c3d935af2 to 0x0000029c3d936298
Event: 1.235 Thread 0x0000029c2e587c80 Exception <a 'java/lang/NoSuchMethodError'{0x00000006205fab40}: 'void java.lang.invoke.DirectMethodHandle$Holder.invokeSpecial(java.lang.Object, java.lang.Object, java.lang.Object, java.lang.Object, java.lang.Object)'> (0x00000006205fab40) 
thrown [s\open\src\hotspot\share\interpreter\linkResolver.cpp, line 759]
Event: 1.237 Thread 0x0000029c2e587c80 Exception <a 'java/lang/NoSuchMethodError'{0x0000000620617fc8}: 'java.lang.Object java.lang.invoke.DirectMethodHandle$Holder.invokeVirtual(java.lang.Object, java.lang.Object, java.lang.Object)'> (0x0000000620617fc8) 
thrown [s\open\src\hotspot\share\interpreter\linkResolver.cpp, line 759]
Event: 1.239 Thread 0x0000029c2e587c80 Exception <a 'java/lang/NoSuchMethodError'{0x000000062062b790}: 'void java.lang.invoke.DirectMethodHandle$Holder.invokeSpecial(java.lang.Object, java.lang.Object, java.lang.Object, java.lang.Object, java.lang.Object, java.lang.Object)'> (0x000000062062b790) 
thrown [s\open\src\hotspot\share\interpreter\linkResolver.cpp, line 759]

VM Operations (20 events):
Event: 0.982 Executing VM operation: ICBufferFull
Event: 0.982 Executing VM operation: ICBufferFull done
Event: 1.054 Executing VM operation: HandshakeAllThreads
Event: 1.054 Executing VM operation: HandshakeAllThreads done
Event: 1.114 Executing VM operation: HandshakeAllThreads
Event: 1.114 Executing VM operation: HandshakeAllThreads done
Event: 1.133 Executing VM operation: HandshakeAllThreads
Event: 1.133 Executing VM operation: HandshakeAllThreads done
Event: 1.180 Executing VM operation: HandshakeAllThreads
Event: 1.180 Executing VM operation: HandshakeAllThreads done
Event: 1.180 Executing VM operation: HandshakeAllThreads
Event: 1.180 Executing VM operation: HandshakeAllThreads done
Event: 1.280 Executing VM operation: ICBufferFull
Event: 1.280 Executing VM operation: ICBufferFull done
Event: 1.519 Executing VM operation: ICBufferFull
Event: 1.519 Executing VM operation: ICBufferFull done
Event: 1.527 Executing VM operation: HandshakeAllThreads
Event: 1.527 Executing VM operation: HandshakeAllThreads done
Event: 1.664 Executing VM operation: G1CollectForAllocation
Event: 1.670 Executing VM operation: G1CollectForAllocation done

Events (20 events):
Event: 1.251 loading class sun/util/resources/LocaleData$CommonResourceBundleProvider
Event: 1.251 loading class sun/util/resources/LocaleData$LocaleDataResourceBundleProvider
Event: 1.251 loading class java/util/spi/ResourceBundleProvider
Event: 1.252 loading class java/util/spi/ResourceBundleProvider done
Event: 1.252 loading class sun/util/resources/LocaleData$LocaleDataResourceBundleProvider done
Event: 1.252 loading class sun/util/resources/LocaleData$CommonResourceBundleProvider done
Event: 1.252 loading class sun/util/resources/Bundles$2
Event: 1.252 loading class sun/util/resources/Bundles$2 done
Event: 1.341 loading class java/util/stream/Streams$RangeIntSpliterator
Event: 1.341 loading class java/util/stream/Streams$RangeIntSpliterator done
Event: 1.495 loading class java/util/stream/MatchOps$MatchKind
Event: 1.495 loading class java/util/stream/MatchOps$MatchKind done
Event: 1.495 loading class java/util/stream/MatchOps
Event: 1.495 loading class java/util/stream/MatchOps done
Event: 1.495 loading class java/util/stream/MatchOps$MatchOp
Event: 1.495 loading class java/util/stream/MatchOps$MatchOp done
Event: 1.495 loading class java/util/stream/MatchOps$BooleanTerminalSink
Event: 1.496 loading class java/util/stream/MatchOps$BooleanTerminalSink done
Event: 1.496 loading class java/util/stream/MatchOps$1MatchSink
Event: 1.496 loading class java/util/stream/MatchOps$1MatchSink done


Dynamic libraries:
0x00007ff610350000 - 0x00007ff610360000 	C:\Program Files\Java\jdk-17\bin\java.exe
0x00007ffb417b0000 - 0x00007ffb419c7000 	C:\Windows\SYSTEM32\ntdll.dll
0x00007ffb3f8f0000 - 0x00007ffb3f9b4000 	C:\Windows\System32\KERNEL32.DLL
0x00007ffb3ee40000 - 0x00007ffb3f1f7000 	C:\Windows\System32\KERNELBASE.dll
0x00007ffb3f2a0000 - 0x00007ffb3f3b1000 	C:\Windows\System32\ucrtbase.dll
0x00007ffb1c390000 - 0x00007ffb1c3ab000 	C:\Program Files\Java\jdk-17\bin\VCRUNTIME140.dll
0x00007ffb1c370000 - 0x00007ffb1c389000 	C:\Program Files\Java\jdk-17\bin\jli.dll
0x00007ffb40ac0000 - 0x00007ffb40b72000 	C:\Windows\System32\ADVAPI32.dll
0x00007ffb40e50000 - 0x00007ffb40ef7000 	C:\Windows\System32\msvcrt.dll
0x00007ffb40a00000 - 0x00007ffb40aa8000 	C:\Windows\System32\sechost.dll
0x00007ffb3eb80000 - 0x00007ffb3eba8000 	C:\Windows\System32\bcrypt.dll
0x00007ffb3f9c0000 - 0x00007ffb3fad4000 	C:\Windows\System32\RPCRT4.dll
0x00007ffb40ba0000 - 0x00007ffb40d4f000 	C:\Windows\System32\USER32.dll
0x00007ffb3f200000 - 0x00007ffb3f226000 	C:\Windows\System32\win32u.dll
0x00007ffb40340000 - 0x00007ffb40369000 	C:\Windows\System32\GDI32.dll
0x00007ffb3d8a0000 - 0x00007ffb3db33000 	C:\Windows\WinSxS\amd64_microsoft.windows.common-controls_6595b64144ccf1df_6.0.22621.3672_none_2713b9d173822955\COMCTL32.dll
0x00007ffb3f3c0000 - 0x00007ffb3f4d8000 	C:\Windows\System32\gdi32full.dll
0x00007ffb3eda0000 - 0x00007ffb3ee3a000 	C:\Windows\System32\msvcp_win.dll
0x00007ffb3e6e0000 - 0x00007ffb3e6ea000 	C:\Windows\SYSTEM32\VERSION.dll
0x00007ffb3f5d0000 - 0x00007ffb3f601000 	C:\Windows\System32\IMM32.DLL
0x00000000723f0000 - 0x00000000723fd000 	C:\Program Files (x86)\360\360Safe\safemon\SafeWrapper.dll
0x00007ffb3ab70000 - 0x00007ffb3ab7c000 	C:\Program Files\Java\jdk-17\bin\vcruntime140_1.dll
0x00007ffaeec50000 - 0x00007ffaeecde000 	C:\Program Files\Java\jdk-17\bin\msvcp140.dll
0x00007ffa82b30000 - 0x00007ffa83710000 	C:\Program Files\Java\jdk-17\bin\server\jvm.dll
0x00007ffb40450000 - 0x00007ffb40458000 	C:\Windows\System32\PSAPI.DLL
0x00007ffb37770000 - 0x00007ffb377a4000 	C:\Windows\SYSTEM32\WINMM.dll
0x00007ffb3a8e0000 - 0x00007ffb3a8e9000 	C:\Windows\SYSTEM32\WSOCK32.dll
0x00007ffb403d0000 - 0x00007ffb40441000 	C:\Windows\System32\WS2_32.dll
0x00007ffb3d700000 - 0x00007ffb3d718000 	C:\Windows\SYSTEM32\kernel.appcore.dll
0x00007ffb31510000 - 0x00007ffb3151a000 	C:\Program Files\Java\jdk-17\bin\jimage.dll
0x00007ffb3e370000 - 0x00007ffb3e5a2000 	C:\Windows\SYSTEM32\DBGHELP.DLL
0x00007ffb3fae0000 - 0x00007ffb3fe6e000 	C:\Windows\System32\combase.dll
0x00007ffb3f4e0000 - 0x00007ffb3f5b7000 	C:\Windows\System32\OLEAUT32.dll
0x00007ffb3e030000 - 0x00007ffb3e062000 	C:\Windows\SYSTEM32\dbgcore.DLL
0x00007ffb3ed20000 - 0x00007ffb3ed9b000 	C:\Windows\System32\bcryptPrimitives.dll
0x00007ffb0ef00000 - 0x00007ffb0ef25000 	C:\Program Files\Java\jdk-17\bin\java.dll
0x00007ffadea80000 - 0x00007ffadeb57000 	C:\Program Files\Java\jdk-17\bin\jsvml.dll
0x00007ffb40f00000 - 0x00007ffb41769000 	C:\Windows\System32\SHELL32.dll
0x00007ffb3c220000 - 0x00007ffb3cb1f000 	C:\Windows\SYSTEM32\windows.storage.dll
0x00007ffb3c0e0000 - 0x00007ffb3c21f000 	C:\Windows\SYSTEM32\wintypes.dll
0x00007ffb40730000 - 0x00007ffb40829000 	C:\Windows\System32\SHCORE.dll
0x00007ffb40460000 - 0x00007ffb404be000 	C:\Windows\System32\shlwapi.dll
0x00007ffb3e9f0000 - 0x00007ffb3ea17000 	C:\Windows\SYSTEM32\profapi.dll
0x00007ffb0dce0000 - 0x00007ffb0dcf9000 	C:\Program Files\Java\jdk-17\bin\net.dll
0x00007ffb37570000 - 0x00007ffb376a6000 	C:\Windows\SYSTEM32\WINHTTP.dll
0x00007ffb3d7a0000 - 0x00007ffb3d809000 	C:\Windows\system32\mswsock.dll
0x00007ffb0dcc0000 - 0x00007ffb0dcd6000 	C:\Program Files\Java\jdk-17\bin\nio.dll
0x00007ffb0dca0000 - 0x00007ffb0dcb8000 	C:\Program Files\Java\jdk-17\bin\zip.dll
0x00007ffaeeb70000 - 0x00007ffaeeb94000 	C:\tools\apache-maven-3.9.9\lib\jansi-native\Windows\x86_64\jansi.dll
0x00007ffb2ea50000 - 0x00007ffb2ea60000 	C:\Program Files\Java\jdk-17\bin\verify.dll

dbghelp: loaded successfully - version: 4.0.5 - missing functions: none
symbol engine: initialized successfully - sym options: 0x614 - pdb path: .;C:\Program Files\Java\jdk-17\bin;C:\Windows\SYSTEM32;C:\Windows\WinSxS\amd64_microsoft.windows.common-controls_6595b64144ccf1df_6.0.22621.3672_none_2713b9d173822955;C:\Program Files (x86)\360\360Safe\safemon;C:\Program Files\Java\jdk-17\bin\server;C:\tools\apache-maven-3.9.9\lib\jansi-native\Windows\x86_64

VM Arguments:
jvm_args: -Dclassworlds.conf=C:\tools\apache-maven-3.9.9\bin\m2.conf -Dmaven.home=C:\tools\apache-maven-3.9.9 -Dlibrary.jansi.path=C:\tools\apache-maven-3.9.9\lib\jansi-native -Dmaven.multiModuleProjectDirectory=C:\Users\Administrator\.openclaw\workspace\projects\龙虾道具交易平台\code\lobster-trade-server 
java_command: org.codehaus.plexus.classworlds.launcher.Launcher package -DskipTests -q -Dargs-Xmx512m
java_class_path (initial): C:\tools\apache-maven-3.9.9\boot\plexus-classworlds-2.8.0.jar
Launcher Type: SUN_STANDARD

[Global flags]
     intx CICompilerCount                          = 4                                         {product} {ergonomic}
     uint ConcGCThreads                            = 3                                         {product} {ergonomic}
     uint G1ConcRefinementThreads                  = 10                                        {product} {ergonomic}
   size_t G1HeapRegionSize                         = 4194304                                   {product} {ergonomic}
    uintx GCDrainStackTargetSize                   = 64                                        {product} {ergonomic}
   size_t InitialHeapSize                          = 536870912                                 {product} {ergonomic}
   size_t MarkStackSize                            = 4194304                                   {product} {ergonomic}
   size_t MaxHeapSize                              = 8556380160                                {product} {ergonomic}
   size_t MaxNewSize                               = 5133828096                                {product} {ergonomic}
   size_t MinHeapDeltaBytes                        = 4194304                                   {product} {ergonomic}
   size_t MinHeapSize                              = 8388608                                   {product} {ergonomic}
    uintx NonNMethodCodeHeapSize                   = 5839372                                {pd product} {ergonomic}
    uintx NonProfiledCodeHeapSize                  = 122909434                              {pd product} {ergonomic}
    uintx ProfiledCodeHeapSize                     = 122909434                              {pd product} {ergonomic}
    uintx ReservedCodeCacheSize                    = 251658240                              {pd product} {ergonomic}
     bool SegmentedCodeCache                       = true                                      {product} {ergonomic}
   size_t SoftMaxHeapSize                          = 8556380160                             {manageable} {ergonomic}
     bool UseCompressedClassPointers               = true                           {product lp64_product} {ergonomic}
     bool UseCompressedOops                        = true                           {product lp64_product} {ergonomic}
     bool UseG1GC                                  = true                                      {product} {ergonomic}
     bool UseLargePagesIndividualAllocation        = false                                  {pd product} {ergonomic}

Logging:
Log output configuration:
 #0: stdout all=warning uptime,level,tags
 #1: stderr all=off uptime,level,tags

Environment Variables:
JAVA_HOME=C:\Program Files\Java\jdk-17
PATH=C:\tools\apache-maven-3.9.9\bin;C:\Program Files\Java\jdk-17\bin;C:\Windows\System32
USERNAME=Administrator
OS=Windows_NT
PROCESSOR_IDENTIFIER=Intel64 Family 6 Model 165 Stepping 3, GenuineIntel



---------------  S Y S T E M  ---------------

OS:
 Windows 11 , 64 bit Build 22621 (10.0.22621.3958)
OS uptime: 6 days 0:39 hours

CPU: total 12 (initial active 12) (6 cores per cpu, 2 threads per core) family 6 model 165 stepping 3 microcode 0xea, cx8, cmov, fxsr, ht, mmx, 3dnowpref, sse, sse2, sse3, ssse3, sse4.1, sse4.2, popcnt, lzcnt, tsc, tscinvbit, avx, avx2, aes, erms, clmul, bmi1, bmi2, adx, fma, vzeroupper, clflush, clflushopt

Memory: 4k page, system-wide physical 32635M (4985M free)
TotalPageFile size 45435M (AvailPageFile size 5M)
current process WorkingSet (physical memory assigned to process): 168M, peak: 169M
current process commit charge ("private bytes"): 671M, peak: 672M

vm_info: Java HotSpot(TM) 64-Bit Server VM (17.0.12+8-LTS-286) for windows-amd64 JRE (17.0.12+8-LTS-286), built on Jun  5 2024 06:46:59 by "mach5one" with MS VC++ 17.6 (VS2022)

END.
