
  .   ____          _            __ _ _
 /\\ / ___'_ __ _ _(_)_ __  __ _ \ \ \ \
( ( )\___ | '_ | '_| | '_ \/ _` | \ \ \ \
 \\/  ___)| |_)| | | | | || (_| |  ) ) ) )
  '  |____| .__|_| |_|_| |_\__, | / / / /
 =========|_|==============|___/=/_/_/_/
 :: Spring Boot ::               (v2.7.18)

2026-04-23 15:16:09.396  INFO 68004 --- [           main] c.lobster.trade.LobsterTradeApplication  : Starting LobsterTradeApplication v1.0.0-SNAPSHOT using Java 17.0.12 on WIN-3ERAD3HROSJ with PID 68004 (C:\Users\Administrator\.openclaw\workspace\projects\龙虾道具交易平台\code\lobster-trade-server\target\lobster-trade-server-1.0.0-SNAPSHOT.jar started by Administrator in C:\Users\Administrator\.openclaw\workspace)
2026-04-23 15:16:09.401 DEBUG 68004 --- [           main] c.lobster.trade.LobsterTradeApplication  : Running with Spring Boot v2.7.18, Spring v5.3.31
2026-04-23 15:16:09.402  INFO 68004 --- [           main] c.lobster.trade.LobsterTradeApplication  : The following 1 profile is active: "dev"
2026-04-23 15:16:10.748  INFO 68004 --- [           main] .s.d.r.c.RepositoryConfigurationDelegate : Multiple Spring Data modules found, entering strict repository configuration mode
2026-04-23 15:16:10.755  INFO 68004 --- [           main] .s.d.r.c.RepositoryConfigurationDelegate : Bootstrapping Spring Data Redis repositories in DEFAULT mode.
2026-04-23 15:16:10.791  INFO 68004 --- [           main] .s.d.r.c.RepositoryConfigurationDelegate : Finished Spring Data repository scanning in 15 ms. Found 0 Redis repository interfaces.
2026-04-23 15:16:11.879  INFO 68004 --- [           main] o.s.b.w.embedded.tomcat.TomcatWebServer  : Tomcat initialized with port(s): 8080 (http)
2026-04-23 15:16:11.896  INFO 68004 --- [           main] o.apache.catalina.core.StandardService   : Starting service [Tomcat]
2026-04-23 15:16:11.897  INFO 68004 --- [           main] org.apache.catalina.core.StandardEngine  : Starting Servlet engine: [Apache Tomcat/9.0.83]
2026-04-23 15:16:12.019  INFO 68004 --- [           main] o.a.c.c.C.[Tomcat].[localhost].[/]       : Initializing Spring embedded WebApplicationContext
2026-04-23 15:16:12.020  INFO 68004 --- [           main] w.s.c.ServletWebServerApplicationContext : Root WebApplicationContext: initialization completed in 2542 ms
2026-04-23 15:16:12.087 DEBUG 68004 --- [           main] c.l.t.config.JwtAuthenticationFilter     : Filter 'jwtAuthenticationFilter' configured for use
Logging initialized using 'class org.apache.ibatis.logging.stdout.StdOutImpl' adapter.
Parsed mapper file: 'URL [jar:file:/C:/Users/Administrator/.openclaw/workspace/projects/龙虾道具交易平台/code/lobster-trade-server/target/lobster-trade-server-1.0.0-SNAPSHOT.jar!/BOOT-INF/classes!/mapper/AdminMapper.xml]'
 _ _   |_  _ _|_. ___ _ |    _ 
| | |\/|_)(_| | |_\  |_)||_|_\ 
     /               |         
                        3.5.2 
2026-04-23 15:16:14.189  WARN 68004 --- [           main] .s.s.UserDetailsServiceAutoConfiguration : 

Using generated security password: 4b72446d-370d-4514-9227-155b822f904c

This generated password is for development use only. Your security configuration must be updated before running your application in production.

2026-04-23 15:16:14.335  INFO 68004 --- [           main] o.s.s.web.DefaultSecurityFilterChain     : Will secure any request with [org.springframework.security.web.session.DisableEncodeUrlFilter@6df3e44c, org.springframework.security.web.context.request.async.WebAsyncManagerIntegrationFilter@7ce7e83c, org.springframework.security.web.context.SecurityContextPersistenceFilter@17740dae, org.springframework.security.web.header.HeaderWriterFilter@33b082c5, org.springframework.web.filter.CorsFilter@4a05d8ae, org.springframework.security.web.authentication.logout.LogoutFilter@6fd5717c, com.lobster.trade.config.AdminAuthFilter@3c904f1e, com.lobster.trade.config.JwtAuthenticationFilter@773cbf4f, org.springframework.security.web.savedrequest.RequestCacheAwareFilter@345cf395, org.springframework.security.web.servletapi.SecurityContextHolderAwareRequestFilter@bc4d5e1, org.springframework.security.web.authentication.AnonymousAuthenticationFilter@4eb30d44, org.springframework.security.web.session.SessionManagementFilter@46d9aec8, org.springframework.security.web.access.ExceptionTranslationFilter@14f3c6fc, org.springframework.security.web.access.intercept.FilterSecurityInterceptor@ba354ca]
2026-04-23 15:16:14.528  INFO 68004 --- [           main] o.s.b.a.w.s.WelcomePageHandlerMapping    : Adding welcome page: class path resource [static/index.html]
2026-04-23 15:16:14.827  INFO 68004 --- [           main] o.s.b.w.embedded.tomcat.TomcatWebServer  : Tomcat started on port(s): 8080 (http) with context path ''
2026-04-23 15:16:15.591  INFO 68004 --- [           main] c.lobster.trade.LobsterTradeApplication  : Started LobsterTradeApplication in 6.85 seconds (JVM running for 7.442)
2026-04-23 15:16:15.596  INFO 68004 --- [           main] com.zaxxer.hikari.HikariDataSource       : HikariPool-1 - Starting...
2026-04-23 15:16:15.817  INFO 68004 --- [           main] com.zaxxer.hikari.HikariDataSource       : HikariPool-1 - Start completed.
2026-04-23 15:16:15.848  INFO 68004 --- [           main] c.lobster.trade.config.DataInitializer   : DataInitializer: admin & game tables ready
